../drivers/fsl_cache.c:29:6:L1CACHE_EnableCodeCache	8	static
../drivers/fsl_cache.c:45:6:L1CACHE_DisableCodeCache	8	static
../drivers/fsl_cache.c:58:6:L1CACHE_InvalidateCodeCache	4	static
../drivers/fsl_cache.c:83:6:L1CACHE_InvalidateCodeCacheByRange	32	static
../drivers/fsl_cache.c:111:6:L1CACHE_CleanCodeCache	4	static
../drivers/fsl_cache.c:135:6:L1CACHE_CleanCodeCacheByRange	32	static
../drivers/fsl_cache.c:163:6:L1CACHE_CleanInvalidateCodeCache	4	static
../drivers/fsl_cache.c:188:6:L1CACHE_CleanInvalidateCodeCacheByRange	32	static
../drivers/fsl_cache.c:411:6:L1CACHE_InvalidateICacheByRange	24	static
../drivers/fsl_cache.c:446:6:L1CACHE_CleanDCacheByRange	24	static
../drivers/fsl_cache.c:481:6:L1CACHE_CleanInvalidateDCacheByRange	24	static
