J:\slavik2\embed_user_alg\boot\CMSIS/core_cm4.h:1679:22:__NVIC_EnableIRQ	16	static
../drivers/fsl_clock.h:725:20:CLOCK_EnableClock	24	static
../drivers/fsl_clock.h:736:20:CLOCK_DisableClock	24	static
../drivers/fsl_common_arm.h:499:24:EnableIRQ	24	static
../drivers/fsl_common_arm.h:579:24:DisableGlobalIRQ	16	static
../drivers/fsl_common_arm.h:606:20:EnableGlobalIRQ	24	static
../drivers/fsl_enet.h:916:20:ENET_Reset	16	static
../drivers/fsl_enet.h:959:20:ENET_GetSMI	16	static
../drivers/fsl_enet.h:1208:20:ENET_EnableSleepMode	16	static
../drivers/fsl_enet.h:1260:20:ENET_EnableInterrupts	16	static
../drivers/fsl_enet.c:171:10:ENET_GetInstance	24	static
../drivers/fsl_enet.c:203:6:ENET_GetDefaultConfig	16	static
../drivers/fsl_enet.c:254:10:ENET_Up	40	static
../drivers/fsl_enet.c:320:10:ENET_Init	40	static
../drivers/fsl_enet.c:346:6:ENET_Down	24	static
../drivers/fsl_enet.c:370:6:ENET_Deinit	16	static
../drivers/fsl_enet.c:383:6:ENET_SetCallback	24	static
../drivers/fsl_enet.c:409:6:ENET_SetRxISRHandler	24	static
../drivers/fsl_enet.c:417:6:ENET_SetTxISRHandler	24	static
../drivers/fsl_enet.c:426:6:ENET_SetErrISRHandler	24	static
../drivers/fsl_enet.c:452:13:ENET_SetHandler	40	static
../drivers/fsl_enet.c:509:13:ENET_SetMacController	56	static
../drivers/fsl_enet.c:772:13:ENET_SetTxBufferDescriptors	48	static
../drivers/fsl_enet.c:837:13:ENET_SetRxBufferDescriptors	48	static
../drivers/fsl_enet.c:932:17:ENET_RxBufferAllocAll	32	static
../drivers/fsl_enet.c:985:13:ENET_RxBufferFreeAll	48	static
../drivers/fsl_enet.c:1038:20:ENET_ActiveReadRing	16	static
../drivers/fsl_enet.c:1075:13:ENET_ActiveSendRing	24	static
../drivers/fsl_enet.c:1130:6:ENET_SetMII	24	static
../drivers/fsl_enet.c:1186:6:ENET_SetMacAddr	24	static
../drivers/fsl_enet.c:1206:6:ENET_GetMacAddr	24	static
../drivers/fsl_enet.c:1234:6:ENET_SetSMI	40	static
../drivers/fsl_enet.c:1265:6:ENET_StartSMIWrite	32	static
../drivers/fsl_enet.c:1285:6:ENET_StartSMIRead	32	static
../drivers/fsl_enet.c:1304:6:ENET_StartExtC45SMIWriteReg	32	static
../drivers/fsl_enet.c:1343:6:ENET_StartExtC45SMIWriteData	32	static
../drivers/fsl_enet.c:1382:6:ENET_StartExtC45SMIReadData	32	static
../drivers/fsl_enet.c:1396:17:ENET_IncreaseIndex	16	static
../drivers/fsl_enet.c:1409:20:ENET_TxDirtyRingAvailable	16	static
../drivers/fsl_enet.c:1433:6:ENET_GetRxErrBeforeReadFrame	40	static
../drivers/fsl_enet.c:1516:6:ENET_GetStatistics	16	static
../drivers/fsl_enet.c:1550:10:ENET_GetRxFrameSize	48	static
../drivers/fsl_enet.c:1667:10:ENET_ReadFrame	64	static
../drivers/fsl_enet.c:1776:13:ENET_UpdateReadBuffers	32	static
../drivers/fsl_enet.c:1817:10:ENET_SendFrame	72	static
../drivers/fsl_enet.c:2035:10:ENET_SetTxReclaim	32	static
../drivers/fsl_enet.c:2076:6:ENET_ReclaimTxDescriptor	64	static
../drivers/fsl_enet.c:2132:10:ENET_GetRxBuffer	40	static
../drivers/fsl_enet.c:2203:6:ENET_ReleaseRxBuffer	48	static
../drivers/fsl_enet.c:2301:24:ENET_GetRxFrameErr	32	static
../drivers/fsl_enet.c:2367:10:ENET_GetRxFrame	72	static
../drivers/fsl_enet.c:2617:10:ENET_StartTxFrame	80	static
../drivers/fsl_enet.c:2753:10:ENET_SendFrameZeroCopy	72	static
../drivers/fsl_enet.c:2940:6:ENET_AddMulticastGroup	40	static
../drivers/fsl_enet.c:2993:6:ENET_LeaveMulticastGroup	40	static
../drivers/fsl_enet.c:3396:6:ENET_TransmitIRQHandler	48	static
../drivers/fsl_enet.c:3456:6:ENET_ReceiveIRQHandler	40	static
../drivers/fsl_enet.c:3501:6:ENET_ErrorIRQHandler	40	static
../drivers/fsl_enet.c:3598:6:ENET_CommonFrame0IRQHandler	24	static
../drivers/fsl_enet.c:3700:6:ENET_Ptp1588IRQHandler	24	static
../drivers/fsl_enet.c:3729:6:ENET_TxIRQHandler	24	static
../drivers/fsl_enet.c:3741:6:ENET_RxIRQHandler	24	static
../drivers/fsl_enet.c:3752:6:ENET_ErrIRQHandler	24	static
../drivers/fsl_enet.c:3763:6:ENET_Transmit_DriverIRQHandler	8	static
../drivers/fsl_enet.c:3770:6:ENET_Receive_DriverIRQHandler	8	static
../drivers/fsl_enet.c:3777:6:ENET_Error_DriverIRQHandler	8	static
../drivers/fsl_enet.c:3785:6:ENET_DriverIRQHandler	8	static
../drivers/fsl_enet.c:3792:6:ENET_1588_Timer_DriverIRQHandler	8	static
