J:\slavik2\embed_user_alg\boot\CMSIS/core_cm4.h:1679:22:__NVIC_EnableIRQ	16	static
../drivers/fsl_clock.h:725:20:CLOCK_EnableClock	24	static
../drivers/fsl_clock.h:736:20:CLOCK_DisableClock	24	static
../drivers/fsl_common_arm.h:499:24:EnableIRQ	24	static
../drivers/fsl_common_arm.h:579:24:DisableGlobalIRQ	16	static
../drivers/fsl_common_arm.h:606:20:EnableGlobalIRQ	24	static
../drivers/fsl_edma.c:63:17:EDMA_GetInstance	24	static
../drivers/fsl_edma.c:88:6:EDMA_InstallTCD	24	static
../drivers/fsl_edma.c:120:6:EDMA_Init	24	static
../drivers/fsl_edma.c:150:6:EDMA_Deinit	16	static
../drivers/fsl_edma.c:172:6:EDMA_GetDefaultConfig	16	static
../drivers/fsl_edma.c:196:6:EDMA_ResetChannel	16	static
../drivers/fsl_edma.c:228:6:EDMA_SetTransferConfig	24	static
../drivers/fsl_edma.c:251:6:EDMA_SetMinorOffsetConfig	32	static
../drivers/fsl_edma.c:276:6:EDMA_SetMajorOffsetConfig	24	static
../drivers/fsl_edma.c:293:6:EDMA_SetChannelPreemptionConfig	32	static
../drivers/fsl_edma.c:324:6:EDMA_SetChannelLink	24	static
../drivers/fsl_edma.c:346:6:EDMA_SetBandWidth	24	static
../drivers/fsl_edma.c:365:6:EDMA_SetModulo	32	static
../drivers/fsl_edma.c:383:6:EDMA_EnableChannelInterrupts	24	static
../drivers/fsl_edma.c:414:6:EDMA_DisableChannelInterrupts	24	static
../drivers/fsl_edma.c:445:6:EDMA_TcdReset	16	static
../drivers/fsl_edma.c:492:6:EDMA_TcdSetTransferConfig	24	static
../drivers/fsl_edma.c:553:6:EDMA_TcdSetMinorOffsetConfig	24	static
../drivers/fsl_edma.c:577:6:EDMA_TcdSetMajorOffsetConfig	24	static
../drivers/fsl_edma.c:601:6:EDMA_TcdSetChannelLink	32	static
../drivers/fsl_edma.c:651:6:EDMA_TcdSetModulo	24	static
../drivers/fsl_edma.c:669:6:EDMA_TcdEnableInterrupts	16	static
../drivers/fsl_edma.c:693:6:EDMA_TcdDisableInterrupts	16	static
../drivers/fsl_edma.c:731:10:EDMA_GetRemainingMajorLoopCount	24	static
../drivers/fsl_edma.c:767:10:EDMA_GetChannelStatusFlags	24	static
../drivers/fsl_edma.c:791:6:EDMA_ClearChannelStatusFlags	24	static
../drivers/fsl_edma.c:812:17:EDMA_GetInstanceOffset	16	static
../drivers/fsl_edma.c:842:6:EDMA_CreateHandle	40	static
../drivers/fsl_edma.c:896:6:EDMA_InstallTCDMemory	24	static
../drivers/fsl_edma.c:928:6:EDMA_SetCallback	24	static
../drivers/fsl_edma.c:936:29:EDMA_TransferWidthMapping	24	static
../drivers/fsl_edma.c:998:6:EDMA_PrepareTransferConfig	24	static
../drivers/fsl_edma.c:1052:6:EDMA_PrepareTransfer	56	static
../drivers/fsl_edma.c:1106:10:EDMA_SubmitTransfer	40	static
../drivers/fsl_edma.c:1282:6:EDMA_StartTransfer	32	static
../drivers/fsl_edma.c:1329:6:EDMA_StopTransfer	16	static
../drivers/fsl_edma.c:1345:6:EDMA_AbortTransfer	16	static
../drivers/fsl_edma.c:1398:6:EDMA_HandleIRQ	48	static
../drivers/fsl_edma.c:1924:6:DMA0_DMA16_DriverIRQHandler	8	static
../drivers/fsl_edma.c:1938:6:DMA1_DMA17_DriverIRQHandler	8	static
../drivers/fsl_edma.c:1952:6:DMA2_DMA18_DriverIRQHandler	8	static
../drivers/fsl_edma.c:1966:6:DMA3_DMA19_DriverIRQHandler	8	static
../drivers/fsl_edma.c:1980:6:DMA4_DMA20_DriverIRQHandler	8	static
../drivers/fsl_edma.c:1994:6:DMA5_DMA21_DriverIRQHandler	8	static
../drivers/fsl_edma.c:2008:6:DMA6_DMA22_DriverIRQHandler	8	static
../drivers/fsl_edma.c:2022:6:DMA7_DMA23_DriverIRQHandler	8	static
../drivers/fsl_edma.c:2036:6:DMA8_DMA24_DriverIRQHandler	8	static
../drivers/fsl_edma.c:2050:6:DMA9_DMA25_DriverIRQHandler	8	static
../drivers/fsl_edma.c:2064:6:DMA10_DMA26_DriverIRQHandler	8	static
../drivers/fsl_edma.c:2078:6:DMA11_DMA27_DriverIRQHandler	8	static
../drivers/fsl_edma.c:2092:6:DMA12_DMA28_DriverIRQHandler	8	static
../drivers/fsl_edma.c:2106:6:DMA13_DMA29_DriverIRQHandler	8	static
../drivers/fsl_edma.c:2120:6:DMA14_DMA30_DriverIRQHandler	8	static
../drivers/fsl_edma.c:2134:6:DMA15_DMA31_DriverIRQHandler	8	static
