../drivers/fsl_sai.h:1179:20:SAI_TxEnableDMA	24	static
../drivers/fsl_sai.h:1200:20:SAI_RxEnableDMA	24	static
../drivers/fsl_sai.h:1221:24:SAI_TxGetDataRegisterAddress	16	static
../drivers/fsl_sai.h:1235:24:SAI_RxGetDataRegisterAddress	16	static
../drivers/fsl_sai_edma.c:77:17:SAI_GetInstance	24	static
../drivers/fsl_sai_edma.c:95:13:SAI_TxEDMACallback	48	static
../drivers/fsl_sai_edma.c:133:13:SAI_RxEDMACallback	48	static
../drivers/fsl_sai_edma.c:184:6:SAI_TransferTxCreateHandleEDMA	32	static
../drivers/fsl_sai_edma.c:225:6:SAI_TransferRxCreateHandleEDMA	32	static
../drivers/fsl_sai_edma.c:270:6:SAI_TransferTxSetFormatEDMA	24	static
../drivers/fsl_sai_edma.c:322:6:SAI_TransferTxSetConfigEDMA	24	static
../drivers/fsl_sai_edma.c:377:6:SAI_TransferRxSetFormatEDMA	24	static
../drivers/fsl_sai_edma.c:429:6:SAI_TransferRxSetConfigEDMA	24	static
../drivers/fsl_sai_edma.c:486:10:SAI_TransferSendEDMA	96	static
../drivers/fsl_sai_edma.c:580:10:SAI_TransferReceiveEDMA	96	static
../drivers/fsl_sai_edma.c:670:10:SAI_TransferSendLoopEDMA	104	static
../drivers/fsl_sai_edma.c:753:10:SAI_TransferReceiveLoopEDMA	104	static
../drivers/fsl_sai_edma.c:828:6:SAI_TransferAbortSendEDMA	16	static
../drivers/fsl_sai_edma.c:868:6:SAI_TransferAbortReceiveEDMA	16	static
../drivers/fsl_sai_edma.c:908:6:SAI_TransferTerminateSendEDMA	16	static
../drivers/fsl_sai_edma.c:933:6:SAI_TransferTerminateReceiveEDMA	16	static
../drivers/fsl_sai_edma.c:958:10:SAI_TransferGetSendCountEDMA	40	static
../drivers/fsl_sai_edma.c:987:10:SAI_TransferGetReceiveCountEDMA	40	static
../drivers/fsl_sai_edma.c:1018:10:SAI_TransferGetValidTransferSlotsEDMA	24	static
