Archive member included to satisfy reference by file (symbol)

c:/nxp/mcuxpressoide_11.4.1_6260/ide/plugins/com.nxp.mcuxpresso.tools.win32_11.4.0.202103011116/tools/bin/../lib/gcc/arm-none-eabi/10.2.1/thumb/v7e-m+fp/hard\libgcc.a(_aeabi_uldivmod.o)
                              ./drivers/fsl_common_arm.o (__aeabi_uldivmod)
c:/nxp/mcuxpressoide_11.4.1_6260/ide/plugins/com.nxp.mcuxpresso.tools.win32_11.4.0.202103011116/tools/bin/../lib/gcc/arm-none-eabi/10.2.1/thumb/v7e-m+fp/hard\libgcc.a(_udivmoddi4.o)
                              c:/nxp/mcuxpressoide_11.4.1_6260/ide/plugins/com.nxp.mcuxpresso.tools.win32_11.4.0.202103011116/tools/bin/../lib/gcc/arm-none-eabi/10.2.1/thumb/v7e-m+fp/hard\libgcc.a(_aeabi_uldivmod.o) (__udivmoddi4)
c:/nxp/mcuxpressoide_11.4.1_6260/ide/plugins/com.nxp.mcuxpresso.tools.win32_11.4.0.202103011116/tools/bin/../lib/gcc/arm-none-eabi/10.2.1/thumb/v7e-m+fp/hard\libgcc.a(_dvmd_tls.o)
                              c:/nxp/mcuxpressoide_11.4.1_6260/ide/plugins/com.nxp.mcuxpresso.tools.win32_11.4.0.202103011116/tools/bin/../lib/gcc/arm-none-eabi/10.2.1/thumb/v7e-m+fp/hard\libgcc.a(_aeabi_uldivmod.o) (__aeabi_ldiv0)
c:/nxp/mcuxpressoide_11.4.1_6260/ide/plugins/com.nxp.mcuxpresso.tools.win32_11.4.0.202103011116/tools/bin/../lib/gcc/arm-none-eabi/10.2.1/../../../../arm-none-eabi/lib/thumb/v7e-m+fp/hard\libc_nano.a(lib_a-assert.o)
                              ./drivers/fsl_clock.o (__assert_func)
c:/nxp/mcuxpressoide_11.4.1_6260/ide/plugins/com.nxp.mcuxpresso.tools.win32_11.4.0.202103011116/tools/bin/../lib/gcc/arm-none-eabi/10.2.1/../../../../arm-none-eabi/lib/thumb/v7e-m+fp/hard\libc_nano.a(lib_a-errno.o)
                              ./utilities/fsl_str.o (__errno)
c:/nxp/mcuxpressoide_11.4.1_6260/ide/plugins/com.nxp.mcuxpresso.tools.win32_11.4.0.202103011116/tools/bin/../lib/gcc/arm-none-eabi/10.2.1/../../../../arm-none-eabi/lib/thumb/v7e-m+fp/hard\libc_nano.a(lib_a-fprintf.o)
                              c:/nxp/mcuxpressoide_11.4.1_6260/ide/plugins/com.nxp.mcuxpresso.tools.win32_11.4.0.202103011116/tools/bin/../lib/gcc/arm-none-eabi/10.2.1/../../../../arm-none-eabi/lib/thumb/v7e-m+fp/hard\libc_nano.a(lib_a-assert.o) (fiprintf)
c:/nxp/mcuxpressoide_11.4.1_6260/ide/plugins/com.nxp.mcuxpresso.tools.win32_11.4.0.202103011116/tools/bin/../lib/gcc/arm-none-eabi/10.2.1/../../../../arm-none-eabi/lib/thumb/v7e-m+fp/hard\libc_nano.a(lib_a-impure.o)
                              c:/nxp/mcuxpressoide_11.4.1_6260/ide/plugins/com.nxp.mcuxpresso.tools.win32_11.4.0.202103011116/tools/bin/../lib/gcc/arm-none-eabi/10.2.1/../../../../arm-none-eabi/lib/thumb/v7e-m+fp/hard\libc_nano.a(lib_a-assert.o) (_impure_ptr)
c:/nxp/mcuxpressoide_11.4.1_6260/ide/plugins/com.nxp.mcuxpresso.tools.win32_11.4.0.202103011116/tools/bin/../lib/gcc/arm-none-eabi/10.2.1/../../../../arm-none-eabi/lib/thumb/v7e-m+fp/hard\libc_nano.a(lib_a-init.o)
                              ./startup/startup_mk66f18.o (__libc_init_array)
c:/nxp/mcuxpressoide_11.4.1_6260/ide/plugins/com.nxp.mcuxpresso.tools.win32_11.4.0.202103011116/tools/bin/../lib/gcc/arm-none-eabi/10.2.1/../../../../arm-none-eabi/lib/thumb/v7e-m+fp/hard\libc_nano.a(lib_a-malloc.o)
                              ./source/cpp_config.o (malloc)
c:/nxp/mcuxpressoide_11.4.1_6260/ide/plugins/com.nxp.mcuxpresso.tools.win32_11.4.0.202103011116/tools/bin/../lib/gcc/arm-none-eabi/10.2.1/../../../../arm-none-eabi/lib/thumb/v7e-m+fp/hard\libc_nano.a(lib_a-memcpy-stub.o)
                              ./utilities/fsl_str.o (memcpy)
c:/nxp/mcuxpressoide_11.4.1_6260/ide/plugins/com.nxp.mcuxpresso.tools.win32_11.4.0.202103011116/tools/bin/../lib/gcc/arm-none-eabi/10.2.1/../../../../arm-none-eabi/lib/thumb/v7e-m+fp/hard\libc_nano.a(lib_a-memset.o)
                              ./freertos/freertos_kernel/stream_buffer.o (memset)
c:/nxp/mcuxpressoide_11.4.1_6260/ide/plugins/com.nxp.mcuxpresso.tools.win32_11.4.0.202103011116/tools/bin/../lib/gcc/arm-none-eabi/10.2.1/../../../../arm-none-eabi/lib/thumb/v7e-m+fp/hard\libc_nano.a(lib_a-nano-freer.o)
                              c:/nxp/mcuxpressoide_11.4.1_6260/ide/plugins/com.nxp.mcuxpresso.tools.win32_11.4.0.202103011116/tools/bin/../lib/gcc/arm-none-eabi/10.2.1/../../../../arm-none-eabi/lib/thumb/v7e-m+fp/hard\libc_nano.a(lib_a-malloc.o) (_free_r)
c:/nxp/mcuxpressoide_11.4.1_6260/ide/plugins/com.nxp.mcuxpresso.tools.win32_11.4.0.202103011116/tools/bin/../lib/gcc/arm-none-eabi/10.2.1/../../../../arm-none-eabi/lib/thumb/v7e-m+fp/hard\libc_nano.a(lib_a-nano-mallocr.o)
                              c:/nxp/mcuxpressoide_11.4.1_6260/ide/plugins/com.nxp.mcuxpresso.tools.win32_11.4.0.202103011116/tools/bin/../lib/gcc/arm-none-eabi/10.2.1/../../../../arm-none-eabi/lib/thumb/v7e-m+fp/hard\libc_nano.a(lib_a-malloc.o) (_malloc_r)
c:/nxp/mcuxpressoide_11.4.1_6260/ide/plugins/com.nxp.mcuxpresso.tools.win32_11.4.0.202103011116/tools/bin/../lib/gcc/arm-none-eabi/10.2.1/../../../../arm-none-eabi/lib/thumb/v7e-m+fp/hard\libc_nano.a(lib_a-nano-vfprintf.o)
[...]
Memory Configuration

Name             Origin             Length             Attributes
PROGRAM_FLASH    0x00000000         0x00200000         xr
SRAM_UPPER       0x20000000         0x00030000         xrw
SRAM_LOWER       0x1fff0000         0x00010000         xrw
FLEX_RAM         0x14000000         0x00001000         xrw
*default*        0x00000000         0xffffffff

Linker script and memory map

LOAD ./utilities/fsl_debug_console.o
LOAD ./utilities/fsl_str.o
LOAD ./startup/startup_mk66f18.o
LOAD ./source/MK66F18_Project.o
LOAD ./source/cpp_config.o
LOAD ./source/semihost_hardfault.o
LOAD ./freertos/freertos_kernel/portable/MemMang/heap_4.o
LOAD ./freertos/freertos_kernel/portable/GCC/ARM_CM4F/port.o
LOAD ./freertos/freertos_kernel/croutine.o
LOAD ./freertos/freertos_kernel/event_groups.o
LOAD ./freertos/freertos_kernel/list.o
LOAD ./freertos/freertos_kernel/queue.o
LOAD ./freertos/freertos_kernel/stream_buffer.o
LOAD ./freertos/freertos_kernel/tasks.o
LOAD ./freertos/freertos_kernel/timers.o
LOAD ./drivers/fsl_clock.o
LOAD ./drivers/fsl_common.o
LOAD ./drivers/fsl_common_arm.o
LOAD ./drivers/fsl_gpio.o
LOAD ./drivers/fsl_i2c.o
LOAD ./drivers/fsl_rtc.o
LOAD ./drivers/fsl_smc.o
LOAD ./drivers/fsl_uart.o
LOAD ./device/system_MK66F18.o
LOAD ./component/uart/fsl_adapter_uart.o
LOAD ./component/uart/uart_adapter.o
LOAD ./component/serial_manager/fsl_component_serial_manager.o
LOAD ./component/serial_manager/fsl_component_serial_port_uart.o
LOAD ./component/serial_manager/serial_manager.o
LOAD ./component/serial_manager/serial_port_uart.o
LOAD ./component/lists/fsl_component_generic_list.o
LOAD ./component/lists/generic_list.o
LOAD ./board/board.o
LOAD ./board/clock_config.o
LOAD ./board/peripherals.o
LOAD ./board/pin_mux.o
START GROUP
LOAD c:/nxp/mcuxpressoide_11.4.1_6260/ide/plugins/com.nxp.mcuxpresso.tools.win32_11.4.0.202103011116/tools/bin/../lib/gcc/arm-none-eabi/10.2.1/thumb/v7e-m+fp/hard\libgcc.a
LOAD c:/nxp/mcuxpressoide_11.4.1_6260/ide/plugins/com.nxp.mcuxpresso.tools.win32_11.4.0.202103011116/tools/bin/../lib/gcc/arm-none-eabi/10.2.1/../../../../arm-none-eabi/lib/thumb/v7e-m+fp/hard\libc_nano.a
LOAD c:/nxp/mcuxpressoide_11.4.1_6260/ide/plugins/com.nxp.mcuxpresso.tools.win32_11.4.0.202103011116/tools/bin/../lib/gcc/arm-none-eabi/10.2.1/../../../../arm-none-eabi/lib/thumb/v7e-m+fp/hard\libstdc++_nano.a
LOAD c:/nxp/mcuxpressoide_11.4.1_6260/ide/plugins/com.nxp.mcuxpresso.tools.win32_11.4.0.202103011116/tools/bin/../lib/gcc/arm-none-eabi/10.2.1/../../../../arm-none-eabi/lib/thumb/v7e-m+fp/hard\libm.a
LOAD c:/nxp/mcuxpressoide_11.4.1_6260/ide/plugins/com.nxp.mcuxpresso.tools.win32_11.4.0.202103011116/tools/bin/../lib/gcc/arm-none-eabi/10.2.1/../../../../arm-none-eabi/lib/thumb/v7e-m+fp/hard\libcr_newlib_semihost.a
LOAD c:/nxp/mcuxpressoide_11.4.1_6260/ide/plugins/com.nxp.mcuxpresso.tools.win32_11.4.0.202103011116/tools/bin/../lib/gcc/arm-none-eabi/10.2.1/thumb/v7e-m+fp/hard\crti.o
LOAD c:/nxp/mcuxpressoide_11.4.1_6260/ide/plugins/com.nxp.mcuxpresso.tools.win32_11.4.0.202103011116/tools/bin/../lib/gcc/arm-none-eabi/10.2.1/thumb/v7e-m+fp/hard\crtn.o
LOAD c:/nxp/mcuxpressoide_11.4.1_6260/ide/plugins/com.nxp.mcuxpresso.tools.win32_11.4.0.202103011116/tools/bin/../lib/gcc/arm-none-eabi/10.2.1/thumb/v7e-m+fp/hard\crtbegin.o
LOAD c:/nxp/mcuxpressoide_11.4.1_6260/ide/plugins/com.nxp.mcuxpresso.tools.win32_11.4.0.202103011116/tools/bin/../lib/gcc/arm-none-eabi/10.2.1/thumb/v7e-m+fp/hard\crtend.o
END GROUP
                0x00000000                __base_PROGRAM_FLASH = 0x0
                0x00000000                __base_Flash = 0x0
                0x00200000                __top_PROGRAM_FLASH = 0x200000
                0x00200000                __top_Flash = 0x200000
                0x20000000                __base_SRAM_UPPER = 0x20000000
                0x20000000                __base_RAM = 0x20000000
                0x20030000                __top_SRAM_UPPER = 0x20030000
                0x20030000                __top_RAM = 0x20030000
                0x1fff0000                __base_SRAM_LOWER = 0x1fff0000
                0x1fff0000                __base_RAM2 = 0x1fff0000
                0x20000000                __top_SRAM_LOWER = 0x20000000
                0x20000000                __top_RAM2 = 0x20000000
                0x14000000                __base_FLEX_RAM = 0x14000000
                0x14000000                __base_RAM3 = 0x14000000
                0x14001000                __top_FLEX_RAM = 0x14001000
                0x14001000                __top_RAM3 = 0x14001000

.text           0x00000000     0x5b40
 FILL mask 0xff
                0x00000000                __vectors_start__ = ABSOLUTE (.)
 *(SORT_BY_ALIGNMENT(.isr_vector))
 .isr_vector    0x00000000      0x1d0 ./startup/startup_mk66f18.o
                0x00000000                g_pfnVectors
                0x00000000                __Vectors
                0x000001d0                . = ALIGN (0x4)
                0x000001d0                __section_table_start = .
                0x000001d0                __data_section_table = .
                0x000001d0        0x4 LONG 0x5b40 LOADADDR (.data)
                0x000001d4        0x4 LONG 0x20000000 ADDR (.data)
                0x000001d8        0x4 LONG 0x78 SIZEOF (.data)
                0x000001dc        0x4 LONG 0x5b40 LOADADDR (.data_RAM2)
                0x000001e0        0x4 LONG 0x1fff0000 ADDR (.data_RAM2)
                0x000001e4        0x4 LONG 0x0 SIZEOF (.data_RAM2)
                0x000001e8        0x4 LONG 0x5b40 LOADADDR (.data_RAM3)
                0x000001ec        0x4 LONG 0x14000000 ADDR (.data_RAM3)
                0x000001f0        0x4 LONG 0x0 SIZEOF (.data_RAM3)
                0x000001f4                __data_section_table_end = .
                0x000001f4                __bss_section_table = .
                0x000001f4        0x4 LONG 0x20000078 ADDR (.bss)
                0x000001f8        0x4 LONG 0x2a50 SIZEOF (.bss)
                0x000001fc        0x4 LONG 0x1fff0000 ADDR (.bss_RAM2)
                0x00000200        0x4 LONG 0x0 SIZEOF (.bss_RAM2)
                0x00000204        0x4 LONG 0x14000000 ADDR (.bss_RAM3)
                0x00000208        0x4 LONG 0x0 SIZEOF (.bss_RAM3)
                0x0000020c                __bss_section_table_end = .
                0x0000020c                __section_table_end = .
 *(SORT_BY_ALIGNMENT(.after_vectors*))
 .after_vectors.reset
                0x0000020c       0x50 ./startup/startup_mk66f18.o
                0x0000020c                ResetISR
 .after_vectors.init_data
                0x0000025c       0x1e ./startup/startup_mk66f18.o
                0x0000025c                data_init(unsigned int, unsigned int, unsigned int)
 .after_vectors.init_bss
                0x0000027a       0x12 ./startup/startup_mk66f18.o
                0x0000027a                bss_init(unsigned int, unsigned int)
 .after_vectors
                0x0000028c       0x14 ./startup/startup_mk66f18.o
                0x0000028c                NMI_Handler
                0x00000290                MemManage_Handler
                0x00000292                BusFault_Handler
                0x00000294                UsageFault_Handler
                0x00000298                DebugMon_Handler
                0x0000029e                DMA_Error_DriverIRQHandler
                0x0000029e                LPTMR0_DriverIRQHandler
                0x0000029e                FTM1_DriverIRQHandler
                0x0000029e                FTM2_DriverIRQHandler
                0x0000029e                PIT2_DriverIRQHandler
                0x0000029e                TPM2_DriverIRQHandler
                0x0000029e                SDHC_DriverIRQHandler
                0x0000029e                DMA7_DMA23_DriverIRQHandler
                0x0000029e                I2S0_Tx_DriverIRQHandler
                0x0000029e                TSI0_DriverIRQHandler
                0x0000029e                RTC_Seconds_DriverIRQHandler
                0x0000029e                CMP3_DriverIRQHandler
                0x0000029e                LLWU_DriverIRQHandler
                0x0000029e                MCM_DriverIRQHandler
                0x0000029e                DMA14_DMA30_DriverIRQHandler
                0x0000029e                MCG_DriverIRQHandler
                0x0000029e                ENET_1588_Timer_DriverIRQHandler
                0x0000029e                DAC1_DriverIRQHandler
                0x0000029e                SPI1_DriverIRQHandler
                0x0000029e                CMP1_DriverIRQHandler
                0x0000029e                USBHSDCD_DriverIRQHandler
                0x0000029e                DMA0_DMA16_DriverIRQHandler
                0x0000029e                FTM0_DriverIRQHandler
                0x0000029e                IntDefaultHandler
                0x0000029e                USB0_DriverIRQHandler
                0x0000029e                PORTC_DriverIRQHandler
                0x0000029e                DMA2_DMA18_DriverIRQHandler
                0x0000029e                DAC0_DriverIRQHandler
                0x0000029e                CMP2_DriverIRQHandler
                0x0000029e                UART2_ERR_DriverIRQHandler
                0x0000029e                SPI2_DriverIRQHandler
                0x0000029e                LVD_LVW_DriverIRQHandler
                0x0000029e                Reserved84_DriverIRQHandler
                0x0000029e                PIT0_DriverIRQHandler
                0x0000029e                PORTB_DriverIRQHandler
                0x0000029e                USBDCD_DriverIRQHandler
                0x0000029e                UART3_ERR_DriverIRQHandler
                0x0000029e                DMA12_DMA28_DriverIRQHandler
                0x0000029e                DMA10_DMA26_DriverIRQHandler
                0x0000029e                UART0_ERR_DriverIRQHandler
                0x0000029e                CMT_DriverIRQHandler
                0x0000029e                Reserved71_DriverIRQHandler
                0x0000029e                ADC1_DriverIRQHandler
                0x0000029e                PORTA_DriverIRQHandler
                0x0000029e                DMA1_DMA17_DriverIRQHandler
                0x0000029e                PIT3_DriverIRQHandler
                0x0000029e                PIT1_DriverIRQHandler
                0x0000029e                TPM1_DriverIRQHandler
                0x0000029e                WDOG_EWM_DriverIRQHandler
                0x0000029e                PDB0_DriverIRQHandler
                0x0000029e                DMA8_DMA24_DriverIRQHandler
                0x0000029e                DMA6_DMA22_DriverIRQHandler
                0x0000029e                RTC_DriverIRQHandler
                0x0000029e                I2S0_Rx_DriverIRQHandler
                0x0000029e                Read_Collision_DriverIRQHandler
                0x0000029e                SWI_DriverIRQHandler
                0x0000029e                UART4_ERR_DriverIRQHandler
                0x0000029e                DMA13_DMA29_DriverIRQHandler
                0x0000029e                DMA11_DMA27_DriverIRQHandler
                0x0000029e                DMA4_DMA20_DriverIRQHandler
                0x0000029e                DMA9_DMA25_DriverIRQHandler
                0x0000029e                ENET_Receive_DriverIRQHandler
                0x0000029e                DMA3_DMA19_DriverIRQHandler
                0x0000029e                ENET_Error_DriverIRQHandler
                0x0000029e                LPUART0_DriverIRQHandler
                0x0000029e                Reserved85_DriverIRQHandler
                0x0000029e                SPI0_DriverIRQHandler
                0x0000029e                ADC0_DriverIRQHandler
                0x0000029e                USBHS_DriverIRQHandler
                0x0000029e                CMP0_DriverIRQHandler
                0x0000029e                CAN0_DriverIRQHandler
                0x0000029e                FTM3_DriverIRQHandler
                0x0000029e                DMA5_DMA21_DriverIRQHandler
                0x0000029e                RNG_DriverIRQHandler
                0x0000029e                DMA15_DMA31_DriverIRQHandler
                0x0000029e                UART1_ERR_DriverIRQHandler
                0x0000029e                ENET_Transmit_DriverIRQHandler
                0x0000029e                PORTD_DriverIRQHandler
                0x0000029e                Reserved46_DriverIRQHandler
                0x0000029e                PORTE_DriverIRQHandler
                0x0000029e                FTFE_DriverIRQHandler
                0x0000029e                CAN1_DriverIRQHandler
                0x00000400                . = 0x400
 *fill*         0x000002a0      0x160 ff
                0x00000400                PROVIDE (__FLASH_CONFIG_START__ = .)
 *(SORT_BY_ALIGNMENT(.FlashConfig))
 .FlashConfig   0x00000400       0x10 ./startup/startup_mk66f18.o
                0x00000410                PROVIDE (__FLASH_CONFIG_END__ = .)
                0x00000001                ASSERT (! ((__FLASH_CONFIG_START__ == __FLASH_CONFIG_END__)), Linker Flash Config Support Enabled, but no .FlashConfig section provided within application)
 *(SORT_BY_ALIGNMENT(.text*))
 .text.SVC_Handler
                0x00000410       0x28 ./freertos/freertos_kernel/portable/GCC/ARM_CM4F/port.o
                0x00000410                SVC_Handler
 *fill*         0x00000438        0x8 ff
 .text.PendSV_Handler
                0x00000440       0x68 ./freertos/freertos_kernel/portable/GCC/ARM_CM4F/port.o
                0x00000440                PendSV_Handler
 *fill*         0x000004a8        0x8 ff
 .text          0x000004b0       0xa0 c:/nxp/mcuxpressoide_11.4.1_6260/ide/plugins/com.nxp.mcuxpresso.tools.win32_11.4.0.202103011116/tools/bin/../lib/gcc/arm-none-eabi/10.2.1/../../../../arm-none-eabi/lib/thumb/v7e-m+fp/hard\libc_nano.a(lib_a-memchr.o)
                0x000004b0                memchr
 .text.main     0x00000550       0x54 ./source/MK66F18_Project.o
                0x00000550                main
 .text.pvPortMalloc
                0x000005a4      0x1c0 ./freertos/freertos_kernel/portable/MemMang/heap_4.o
                0x000005a4                pvPortMalloc
 .text.vPortFree
                0x00000764       0xc4 ./freertos/freertos_kernel/portable/MemMang/heap_4.o
                0x00000764                vPortFree
 .text.prvHeapInit
                0x00000828       0xc4 ./freertos/freertos_kernel/portable/MemMang/heap_4.o
 .text.prvInsertBlockIntoFreeList
                0x000008ec       0xb4 ./freertos/freertos_kernel/portable/MemMang/heap_4.o
 .text.pxPortInitialiseStack
                0x000009a0       0x68 ./freertos/freertos_kernel/portable/GCC/ARM_CM4F/port.o
                0x000009a0                pxPortInitialiseStack
 .text.prvTaskExitError
                0x00000a08       0x58 ./freertos/freertos_kernel/portable/GCC/ARM_CM4F/port.o
 .text.prvPortStartFirstTask
                0x00000a60       0x2c ./freertos/freertos_kernel/portable/GCC/ARM_CM4F/port.o
 .text.xPortStartScheduler
                0x00000a8c      0x144 ./freertos/freertos_kernel/portable/GCC/ARM_CM4F/port.o
                0x00000a8c                xPortStartScheduler
 .text.vPortEnterCritical
                0x00000bd0       0x60 ./freertos/freertos_kernel/portable/GCC/ARM_CM4F/port.o
                0x00000bd0                vPortEnterCritical
 .text.vPortExitCritical
                0x00000c30       0x54 ./freertos/freertos_kernel/portable/GCC/ARM_CM4F/port.o
                0x00000c30                vPortExitCritical
 .text.SysTick_Handler
                0x00000c84       0x44 ./freertos/freertos_kernel/portable/GCC/ARM_CM4F/port.o
                0x00000c84                SysTick_Handler
 .text.vPortSetupTimerInterrupt
                0x00000cc8       0x48 ./freertos/freertos_kernel/portable/GCC/ARM_CM4F/port.o
                0x00000cc8                vPortSetupTimerInterrupt
 .text.vPortEnableVFP
                0x00000d10       0x18 ./freertos/freertos_kernel/portable/GCC/ARM_CM4F/port.o
 .text.vPortValidateInterruptPriority
                0x00000d28       0x80 ./freertos/freertos_kernel/portable/GCC/ARM_CM4F/port.o
                0x00000d28                vPortValidateInterruptPriority
 .text.xQueueGenericReset
                0x00000da8       0xd0 ./freertos/freertos_kernel/queue.o
                0x00000da8                xQueueGenericReset
 .text.xQueueGenericSend
                0x00000e78      0x1fc ./freertos/freertos_kernel/queue.o
                0x00000e78                xQueueGenericSend
 .text.xQueueReceive
                0x00001074      0x1c0 ./freertos/freertos_kernel/queue.o
                0x00001074                xQueueReceive
 .text.vQueueAddToRegistry
                0x00001234       0x54 ./freertos/freertos_kernel/queue.o
                0x00001234                vQueueAddToRegistry
 .text.prvAddNewTaskToReadyList
                0x00001288       0xdc ./freertos/freertos_kernel/tasks.o
 .text.vTaskStartScheduler
                0x00001364       0xa4 ./freertos/freertos_kernel/tasks.o
                0x00001364                vTaskStartScheduler
 .text.vTaskSuspendAll
                0x00001408       0x1c ./freertos/freertos_kernel/tasks.o
                0x00001408                vTaskSuspendAll
 .text.xTaskResumeAll
                0x00001424      0x138 ./freertos/freertos_kernel/tasks.o
                0x00001424                xTaskResumeAll
 .text.xTaskGetTickCount
                0x0000155c       0x20 ./freertos/freertos_kernel/tasks.o
                0x0000155c                xTaskGetTickCount
 .text.xTaskIncrementTick
                0x0000157c      0x154 ./freertos/freertos_kernel/tasks.o
                0x0000157c                xTaskIncrementTick
 .text.vTaskSwitchContext
                0x000016d0       0xb8 ./freertos/freertos_kernel/tasks.o
                0x000016d0                vTaskSwitchContext
 .text.vTaskPlaceOnEventList
                0x00001788       0x48 ./freertos/freertos_kernel/tasks.o
                0x00001788                vTaskPlaceOnEventList
 .text.vTaskPlaceOnEventListRestricted
                0x000017d0       0x58 ./freertos/freertos_kernel/tasks.o
                0x000017d0                vTaskPlaceOnEventListRestricted
 .text.xTaskRemoveFromEventList
                0x00001828       0xc4 ./freertos/freertos_kernel/tasks.o
                0x00001828                xTaskRemoveFromEventList
 .text.vTaskInternalSetTimeOutState
                0x000018ec       0x2c ./freertos/freertos_kernel/tasks.o
                0x000018ec                vTaskInternalSetTimeOutState
 .text.xTaskCheckForTimeOut
                0x00001918       0xcc ./freertos/freertos_kernel/tasks.o
                0x00001918                xTaskCheckForTimeOut
 .text.vTaskMissedYield
                0x000019e4       0x18 ./freertos/freertos_kernel/tasks.o
                0x000019e4                vTaskMissedYield
 .text.prvIdleTask
                0x000019fc       0x30 ./freertos/freertos_kernel/tasks.o
 .text.prvInitialiseTaskLists
                0x00001a2c       0x80 ./freertos/freertos_kernel/tasks.o
 .text.prvCheckTasksWaitingTermination
                0x00001aac       0x5c ./freertos/freertos_kernel/tasks.o
 .text.prvResetNextTaskUnblockTime
                0x00001b08       0x38 ./freertos/freertos_kernel/tasks.o
 .text.xTaskGetSchedulerState
                0x00001b40       0x3c ./freertos/freertos_kernel/tasks.o
                0x00001b40                xTaskGetSchedulerState
 .text.xTaskPriorityDisinherit
                0x00001b7c       0xf4 ./freertos/freertos_kernel/tasks.o
                0x00001b7c                xTaskPriorityDisinherit
 .text.prvAddCurrentTaskToDelayedList
                0x00001c70       0xcc ./freertos/freertos_kernel/tasks.o
 .text.xTimerCreateTimerTask
                0x00001d3c       0x64 ./freertos/freertos_kernel/timers.o
                0x00001d3c                xTimerCreateTimerTask
 .text.xTimerGenericCommand
                0x00001da0       0x9c ./freertos/freertos_kernel/timers.o
                0x00001da0                xTimerGenericCommand
 .text.prvProcessExpiredTimer
                0x00001e3c       0x98 ./freertos/freertos_kernel/timers.o
 .text.prvProcessTimerOrBlockTask
                0x00001ed4       0x9c ./freertos/freertos_kernel/timers.o
 .text.prvGetNextExpireTime
                0x00001f70       0x48 ./freertos/freertos_kernel/timers.o
 .text.prvSampleTimeNow
                0x00001fb8       0x40 ./freertos/freertos_kernel/timers.o
 .text.prvInsertTimerInActiveList
                0x00001ff8       0x84 ./freertos/freertos_kernel/timers.o
 .text.prvProcessReceivedCommands
                0x0000207c      0x1c4 ./freertos/freertos_kernel/timers.o
 .text.prvSwitchTimerLists
                0x00002240       0xc8 ./freertos/freertos_kernel/timers.o
 .text.prvCheckForValidListAndQueue
                0x00002308       0x6c ./freertos/freertos_kernel/timers.o
 .text.CLOCK_SetEr32kClock
                0x00002374       0x30 ./drivers/fsl_clock.o
 .text.CLOCK_SetPllFllSelClock
                0x000023a4       0x54 ./drivers/fsl_clock.o
 .text.CLOCK_GetMcgExtClkFreq
                0x000023f8       0x90 ./drivers/fsl_clock.o
 .text.CLOCK_GetFllExtRefClkFreq
                0x00002488       0xb0 ./drivers/fsl_clock.o
 .text.CLOCK_GetInternalRefClkSelectFreq
                0x00002538       0x4c ./drivers/fsl_clock.o
 .text.CLOCK_GetFllRefClkFreq
                0x00002584       0x34 ./drivers/fsl_clock.o
 .text.CLOCK_GetOscRangeFromFreq
                0x000025b8       0x3c ./drivers/fsl_clock.o
 .text.CLOCK_GetCoreSysClkFreq
                0x000025f4       0x28 ./drivers/fsl_clock.o
                0x000025f4                CLOCK_GetCoreSysClkFreq
 .text.CLOCK_SetSimConfig
                0x0000261c       0x40 ./drivers/fsl_clock.o
                0x0000261c                CLOCK_SetSimConfig
 .text.CLOCK_EnableUsbfs0Clock
                0x0000265c      0x12c ./drivers/fsl_clock.o
                0x0000265c                CLOCK_EnableUsbfs0Clock
 .text.CLOCK_GetOutClkFreq
                0x00002788       0x90 ./drivers/fsl_clock.o
                0x00002788                CLOCK_GetOutClkFreq
 .text.CLOCK_GetFllFreq
                0x00002818       0x84 ./drivers/fsl_clock.o
                0x00002818                CLOCK_GetFllFreq
 .text.CLOCK_GetPll0Freq
                0x0000289c       0x8c ./drivers/fsl_clock.o
                0x0000289c                CLOCK_GetPll0Freq
 .text.CLOCK_GetExtPllFreq
                0x00002928       0x18 ./drivers/fsl_clock.o
                0x00002928                CLOCK_GetExtPllFreq
 .text.CLOCK_SetExtPllFreq
                0x00002940       0x20 ./drivers/fsl_clock.o
                0x00002940                CLOCK_SetExtPllFreq
 .text.CLOCK_SetExternalRefClkConfig
                0x00002960       0x6c ./drivers/fsl_clock.o
                0x00002960                CLOCK_SetExternalRefClkConfig
 .text.CLOCK_SetInternalRefClkConfig
                0x000029cc      0x104 ./drivers/fsl_clock.o
                0x000029cc                CLOCK_SetInternalRefClkConfig
 .text.CLOCK_EnablePll0
                0x00002ad0       0x98 ./drivers/fsl_clock.o
                0x00002ad0                CLOCK_EnablePll0
 .text.CLOCK_InitOsc0
                0x00002b68       0x8c ./drivers/fsl_clock.o
                0x00002b68                CLOCK_InitOsc0
 .text.CLOCK_SetPbeMode
                0x00002bf4       0xf8 ./drivers/fsl_clock.o
                0x00002bf4                CLOCK_SetPbeMode
 .text.CLOCK_BootToPeeMode
                0x00002cec       0x78 ./drivers/fsl_clock.o
                0x00002cec                CLOCK_BootToPeeMode
 .text.I2C_TransferCommonIRQHandler
                0x00002d64       0x58 ./drivers/fsl_i2c.o
 .text.I2C0_DriverIRQHandler
                0x00002dbc       0x1c ./drivers/fsl_i2c.o
                0x00002dbc                I2C0_DriverIRQHandler
 .text.I2C1_DriverIRQHandler
                0x00002dd8       0x1c ./drivers/fsl_i2c.o
                0x00002dd8                I2C1_DriverIRQHandler
 .text.I2C2_DriverIRQHandler
                0x00002df4       0x1c ./drivers/fsl_i2c.o
                0x00002df4                I2C2_DriverIRQHandler
 .text.I2C3_DriverIRQHandler
                0x00002e10       0x1c ./drivers/fsl_i2c.o
                0x00002e10                I2C3_DriverIRQHandler
 .text.UART0_DriverIRQHandler
                0x00002e2c       0x28 ./drivers/fsl_uart.o
                0x00002e2c                UART0_DriverIRQHandler
 .text.UART1_DriverIRQHandler
                0x00002e54       0x28 ./drivers/fsl_uart.o
                0x00002e54                UART1_DriverIRQHandler
 .text.UART2_DriverIRQHandler
                0x00002e7c       0x28 ./drivers/fsl_uart.o
                0x00002e7c                UART2_DriverIRQHandler
 .text.UART3_DriverIRQHandler
                0x00002ea4       0x28 ./drivers/fsl_uart.o
                0x00002ea4                UART3_DriverIRQHandler
 .text.UART4_DriverIRQHandler
                0x00002ecc       0x28 ./drivers/fsl_uart.o
                0x00002ecc                UART4_DriverIRQHandler
 .text.SystemInit
                0x00002ef4       0x3c ./device/system_MK66F18.o
                0x00002ef4                SystemInit
 .text.CLOCK_SetSdhc0Clock
                0x00002f30       0x38 ./board/clock_config.o
 .text.CLOCK_SetEnetTime0Clock
                0x00002f68       0x38 ./board/clock_config.o
 .text.CLOCK_SetRmii0Clock
                0x00002fa0       0x38 ./board/clock_config.o
 .text.CLOCK_SetLpuartClock
                0x00002fd8       0x38 ./board/clock_config.o
 .text.CLOCK_SetTpmClock
                0x00003010       0x38 ./board/clock_config.o
 .text.CLOCK_SetTraceClock
                0x00003048       0x54 ./board/clock_config.o
 .text.CLOCK_SetClkOutClock
                0x0000309c       0x34 ./board/clock_config.o
 .text.CLOCK_SetRtcClkOutClock
                0x000030d0       0x38 ./board/clock_config.o
 .text.CLOCK_SetSimSafeDivs
                0x00003108       0x24 ./board/clock_config.o
 .text.CLOCK_SetXtal0Freq
                0x0000312c       0x20 ./board/clock_config.o
 .text.CLOCK_SetXtal32Freq
                0x0000314c       0x20 ./board/clock_config.o
 .text.CLOCK_CONFIG_SetRtcClock
                0x0000316c       0x84 ./board/clock_config.o
 .text.CLOCK_CONFIG_EnableUsbhs0PhyPllClock
                0x000031f0       0xf4 ./board/clock_config.o
 .text.CLOCK_CONFIG_EnableUsbhs0PfdClock
                0x000032e4       0xb4 ./board/clock_config.o
 .text.CLOCK_CONFIG_SetUsbSlowClock
                0x00003398       0x38 ./board/clock_config.o
 .text.CLOCK_CONFIG_SetFllExtRefDiv
                0x000033d0       0x3c ./board/clock_config.o
 .text.BOARD_BootClockHSRUN
                0x0000340c       0xe0 ./board/clock_config.o
                0x0000340c                BOARD_BootClockHSRUN
 .text.PORT_SetPinConfig
                0x000034ec       0x48 ./board/pin_mux.o
 .text.BOARD_InitPins
                0x00003534       0x30 ./board/pin_mux.o
                0x00003534                BOARD_InitPins
 .text.BOARD_InitDEBUG_UARTPins
                0x00003564       0x68 ./board/pin_mux.o
                0x00003564                BOARD_InitDEBUG_UARTPins
 .text.__assert_func
                0x000035cc       0x3c c:/nxp/mcuxpressoide_11.4.1_6260/ide/plugins/com.nxp.mcuxpresso.tools.win32_11.4.0.202103011116/tools/bin/../lib/gcc/arm-none-eabi/10.2.1/../../../../arm-none-eabi/lib/thumb/v7e-m+fp/hard\libc_nano.a(lib_a-assert.o)
                0x000035cc                __assert_func
 .text.__errno  0x00003608        0xc c:/nxp/mcuxpressoide_11.4.1_6260/ide/plugins/com.nxp.mcuxpresso.tools.win32_11.4.0.202103011116/tools/bin/../lib/gcc/arm-none-eabi/10.2.1/../../../../arm-none-eabi/lib/thumb/v7e-m+fp/hard\libc_nano.a(lib_a-errno.o)
                0x00003608                __errno
 .text.fprintf  0x00003614       0x24 c:/nxp/mcuxpressoide_11.4.1_6260/ide/plugins/com.nxp.mcuxpresso.tools.win32_11.4.0.202103011116/tools/bin/../lib/gcc/arm-none-eabi/10.2.1/../../../../arm-none-eabi/lib/thumb/v7e-m+fp/hard\libc_nano.a(lib_a-fprintf.o)
                0x00003614                fiprintf
                0x00003614                fprintf
 .text.__libc_init_array
                0x00003638       0x48 c:/nxp/mcuxpressoide_11.4.1_6260/ide/plugins/com.nxp.mcuxpresso.tools.win32_11.4.0.202103011116/tools/bin/../lib/gcc/arm-none-eabi/10.2.1/../../../../arm-none-eabi/lib/thumb/v7e-m+fp/hard\libc_nano.a(lib_a-init.o)
                0x00003638                __libc_init_array
 .text._free_r  0x00003680       0x98 c:/nxp/mcuxpressoide_11.4.1_6260/ide/plugins/com.nxp.mcuxpresso.tools.win32_11.4.0.202103011116/tools/bin/../lib/gcc/arm-none-eabi/10.2.1/../../../../arm-none-eabi/lib/thumb/v7e-m+fp/hard\libc_nano.a(lib_a-nano-freer.o)
                0x00003680                _free_r
 .text._malloc_r
                0x00003718       0xb4 c:/nxp/mcuxpressoide_11.4.1_6260/ide/plugins/com.nxp.mcuxpresso.tools.win32_11.4.0.202103011116/tools/bin/../lib/gcc/arm-none-eabi/10.2.1/../../../../arm-none-eabi/lib/thumb/v7e-m+fp/hard\libc_nano.a(lib_a-nano-mallocr.o)
                0x00003718                _malloc_r
 .text._vfprintf_r
                0x000037cc      0x260 c:/nxp/mcuxpressoide_11.4.1_6260/ide/plugins/com.nxp.mcuxpresso.tools.win32_11.4.0.202103011116/tools/bin/../lib/gcc/arm-none-eabi/10.2.1/../../../../arm-none-eabi/lib/thumb/v7e-m+fp/hard\libc_nano.a(lib_a-nano-vfprintf.o)
                0x000037cc                _vfprintf_r
                0x000037cc                _vfiprintf_r
 .text._printf_i
                0x00003a2c      0x24c c:/nxp/mcuxpressoide_11.4.1_6260/ide/plugins/com.nxp.mcuxpresso.tools.win32_11.4.0.202103011116/tools/bin/../lib/gcc/arm-none-eabi/10.2.1/../../../../arm-none-eabi/lib/thumb/v7e-m+fp/hard\libc_nano.a(lib_a-nano-vfprintf_i.o)
                0x00003a2c                _printf_i
 .text.printf   0x00003c78       0x30 c:/nxp/mcuxpressoide_11.4.1_6260/ide/plugins/com.nxp.mcuxpresso.tools.win32_11.4.0.202103011116/tools/bin/../lib/gcc/arm-none-eabi/10.2.1/../../../../arm-none-eabi/lib/thumb/v7e-m+fp/hard\libc_nano.a(lib_a-printf.o)
                0x00003c78                iprintf
                0x00003c78                printf
 .text._sbrk_r  0x00003ca8       0x20 c:/nxp/mcuxpressoide_11.4.1_6260/ide/plugins/com.nxp.mcuxpresso.tools.win32_11.4.0.202103011116/tools/bin/../lib/gcc/arm-none-eabi/10.2.1/../../../../arm-none-eabi/lib/thumb/v7e-m+fp/hard\libc_nano.a(lib_a-sbrkr.o)
                0x00003ca8                _sbrk_r
 .text.__swbuf_r
                0x00003cc8       0xa4 c:/nxp/mcuxpressoide_11.4.1_6260/ide/plugins/com.nxp.mcuxpresso.tools.win32_11.4.0.202103011116/tools/bin/../lib/gcc/arm-none-eabi/10.2.1/../../../../arm-none-eabi/lib/thumb/v7e-m+fp/hard\libc_nano.a(lib_a-wbuf.o)
                0x00003cc8                __swbuf_r
 .text.__swsetup_r
                0x00003d6c       0xdc c:/nxp/mcuxpressoide_11.4.1_6260/ide/plugins/com.nxp.mcuxpresso.tools.win32_11.4.0.202103011116/tools/bin/../lib/gcc/arm-none-eabi/10.2.1/../../../../arm-none-eabi/lib/thumb/v7e-m+fp/hard\libc_nano.a(lib_a-wsetup.o)
                0x00003d6c                __swsetup_r
 .text.__sflush_r
                0x00003e48      0x10c c:/nxp/mcuxpressoide_11.4.1_6260/ide/plugins/com.nxp.mcuxpresso.tools.win32_11.4.0.202103011116/tools/bin/../lib/gcc/arm-none-eabi/10.2.1/../../../../arm-none-eabi/lib/thumb/v7e-m+fp/hard\libc_nano.a(lib_a-fflush.o)
                0x00003e48                __sflush_r
 .text._fflush_r
                0x00003f54       0x78 c:/nxp/mcuxpressoide_11.4.1_6260/ide/plugins/com.nxp.mcuxpresso.tools.win32_11.4.0.202103011116/tools/bin/../lib/gcc/arm-none-eabi/10.2.1/../../../../arm-none-eabi/lib/thumb/v7e-m+fp/hard\libc_nano.a(lib_a-fflush.o)
                0x00003f54                _fflush_r
 .text.std      0x00003fcc       0x48 c:/nxp/mcuxpressoide_11.4.1_6260/ide/plugins/com.nxp.mcuxpresso.tools.win32_11.4.0.202103011116/tools/bin/../lib/gcc/arm-none-eabi/10.2.1/../../../../arm-none-eabi/lib/thumb/v7e-m+fp/hard\libc_nano.a(lib_a-findfp.o)
 .text._cleanup_r
                0x00004014        0xc c:/nxp/mcuxpressoide_11.4.1_6260/ide/plugins/com.nxp.mcuxpresso.tools.win32_11.4.0.202103011116/tools/bin/../lib/gcc/arm-none-eabi/10.2.1/../../../../arm-none-eabi/lib/thumb/v7e-m+fp/hard\libc_nano.a(lib_a-findfp.o)
                0x00004014                _cleanup_r
 .text.__sfp_lock_acquire
                0x00004020        0xc c:/nxp/mcuxpressoide_11.4.1_6260/ide/plugins/com.nxp.mcuxpresso.tools.win32_11.4.0.202103011116/tools/bin/../lib/gcc/arm-none-eabi/10.2.1/../../../../arm-none-eabi/lib/thumb/v7e-m+fp/hard\libc_nano.a(lib_a-findfp.o)
                0x00004020                __sfp_lock_acquire
 .text.__sfp_lock_release
                0x0000402c        0xc c:/nxp/mcuxpressoide_11.4.1_6260/ide/plugins/com.nxp.mcuxpresso.tools.win32_11.4.0.202103011116/tools/bin/../lib/gcc/arm-none-eabi/10.2.1/../../../../arm-none-eabi/lib/thumb/v7e-m+fp/hard\libc_nano.a(lib_a-findfp.o)
                0x0000402c                __sfp_lock_release
 .text.__sinit_lock_acquire
                0x00004038        0xc c:/nxp/mcuxpressoide_11.4.1_6260/ide/plugins/com.nxp.mcuxpresso.tools.win32_11.4.0.202103011116/tools/bin/../lib/gcc/arm-none-eabi/10.2.1/../../../../arm-none-eabi/lib/thumb/v7e-m+fp/hard\libc_nano.a(lib_a-findfp.o)
                0x00004038                __sinit_lock_acquire
 .text.__sinit_lock_release
                0x00004044        0xc c:/nxp/mcuxpressoide_11.4.1_6260/ide/plugins/com.nxp.mcuxpresso.tools.win32_11.4.0.202103011116/tools/bin/../lib/gcc/arm-none-eabi/10.2.1/../../../../arm-none-eabi/lib/thumb/v7e-m+fp/hard\libc_nano.a(lib_a-findfp.o)
                0x00004044                __sinit_lock_release
 .text.__sinit  0x00004050       0x70 c:/nxp/mcuxpressoide_11.4.1_6260/ide/plugins/com.nxp.mcuxpresso.tools.win32_11.4.0.202103011116/tools/bin/../lib/gcc/arm-none-eabi/10.2.1/../../../../arm-none-eabi/lib/thumb/v7e-m+fp/hard\libc_nano.a(lib_a-findfp.o)
                0x00004050                __sinit
 .text.__sfp    0x000040c0       0x8c c:/nxp/mcuxpressoide_11.4.1_6260/ide/plugins/com.nxp.mcuxpresso.tools.win32_11.4.0.202103011116/tools/bin/../lib/gcc/arm-none-eabi/10.2.1/../../../../arm-none-eabi/lib/thumb/v7e-m+fp/hard\libc_nano.a(lib_a-findfp.o)
                0x000040c0                __sfp
 .text.__smakebuf_r
                0x0000414c       0x80 c:/nxp/mcuxpressoide_11.4.1_6260/ide/plugins/com.nxp.mcuxpresso.tools.win32_11.4.0.202103011116/tools/bin/../lib/gcc/arm-none-eabi/10.2.1/../../../../arm-none-eabi/lib/thumb/v7e-m+fp/hard\libc_nano.a(lib_a-makebuf.o)
                0x0000414c                __smakebuf_r
 .text.__malloc_lock
                0x000041cc        0xc c:/nxp/mcuxpressoide_11.4.1_6260/ide/plugins/com.nxp.mcuxpresso.tools.win32_11.4.0.202103011116/tools/bin/../lib/gcc/arm-none-eabi/10.2.1/../../../../arm-none-eabi/lib/thumb/v7e-m+fp/hard\libc_nano.a(lib_a-mlock.o)
                0x000041cc                __malloc_lock
 .text.__malloc_unlock
                0x000041d8        0xc c:/nxp/mcuxpressoide_11.4.1_6260/ide/plugins/com.nxp.mcuxpresso.tools.win32_11.4.0.202103011116/tools/bin/../lib/gcc/arm-none-eabi/10.2.1/../../../../arm-none-eabi/lib/thumb/v7e-m+fp/hard\libc_nano.a(lib_a-mlock.o)
                0x000041d8                __malloc_unlock
 .text.raise    0x000041e4       0x10 c:/nxp/mcuxpressoide_11.4.1_6260/ide/plugins/com.nxp.mcuxpresso.tools.win32_11.4.0.202103011116/tools/bin/../lib/gcc/arm-none-eabi/10.2.1/../../../../arm-none-eabi/lib/thumb/v7e-m+fp/hard\libc_nano.a(lib_a-signal.o)
                0x000041e4                raise
 .text._kill_r  0x000041f4       0x24 c:/nxp/mcuxpressoide_11.4.1_6260/ide/plugins/com.nxp.mcuxpresso.tools.win32_11.4.0.202103011116/tools/bin/../lib/gcc/arm-none-eabi/10.2.1/../../../../arm-none-eabi/lib/thumb/v7e-m+fp/hard\libc_nano.a(lib_a-signalr.o)
                0x000041f4                _kill_r
 .text._write_r
                0x00004218       0x24 c:/nxp/mcuxpressoide_11.4.1_6260/ide/plugins/com.nxp.mcuxpresso.tools.win32_11.4.0.202103011116/tools/bin/../lib/gcc/arm-none-eabi/10.2.1/../../../../arm-none-eabi/lib/thumb/v7e-m+fp/hard\libc_nano.a(lib_a-writer.o)
                0x00004218                _write_r
 .text._close_r
                0x0000423c       0x20 c:/nxp/mcuxpressoide_11.4.1_6260/ide/plugins/com.nxp.mcuxpresso.tools.win32_11.4.0.202103011116/tools/bin/../lib/gcc/arm-none-eabi/10.2.1/../../../../arm-none-eabi/lib/thumb/v7e-m+fp/hard\libc_nano.a(lib_a-closer.o)
                0x0000423c                _close_r
 .text._fstat_r
                0x0000425c       0x24 c:/nxp/mcuxpressoide_11.4.1_6260/ide/plugins/com.nxp.mcuxpresso.tools.win32_11.4.0.202103011116/tools/bin/../lib/gcc/arm-none-eabi/10.2.1/../../../../arm-none-eabi/lib/thumb/v7e-m+fp/hard\libc_nano.a(lib_a-fstatr.o)
                0x0000425c                _fstat_r
 .text._isatty_r
                0x00004280       0x20 c:/nxp/mcuxpressoide_11.4.1_6260/ide/plugins/com.nxp.mcuxpresso.tools.win32_11.4.0.202103011116/tools/bin/../lib/gcc/arm-none-eabi/10.2.1/../../../../arm-none-eabi/lib/thumb/v7e-m+fp/hard\libc_nano.a(lib_a-isattyr.o)
                0x00004280                _isatty_r
 .text._lseek_r
                0x000042a0       0x24 c:/nxp/mcuxpressoide_11.4.1_6260/ide/plugins/com.nxp.mcuxpresso.tools.win32_11.4.0.202103011116/tools/bin/../lib/gcc/arm-none-eabi/10.2.1/../../../../arm-none-eabi/lib/thumb/v7e-m+fp/hard\libc_nano.a(lib_a-lseekr.o)
                0x000042a0                _lseek_r
 .text._read_r  0x000042c4       0x24 c:/nxp/mcuxpressoide_11.4.1_6260/ide/plugins/com.nxp.mcuxpresso.tools.win32_11.4.0.202103011116/tools/bin/../lib/gcc/arm-none-eabi/10.2.1/../../../../arm-none-eabi/lib/thumb/v7e-m+fp/hard\libc_nano.a(lib_a-readr.o)
                0x000042c4                _read_r
 .text._sbrk    0x000042e8       0x3c c:/nxp/mcuxpressoide_11.4.1_6260/ide/plugins/com.nxp.mcuxpresso.tools.win32_11.4.0.202103011116/tools/bin/../lib/gcc/arm-none-eabi/10.2.1/../../../../arm-none-eabi/lib/thumb/v7e-m+fp/hard\libcr_newlib_semihost.a(_cr_sbrk.o)
                0x000042e8                _sbrk
 .text._kill    0x00004324       0x20 c:/nxp/mcuxpressoide_11.4.1_6260/ide/plugins/com.nxp.mcuxpresso.tools.win32_11.4.0.202103011116/tools/bin/../lib/gcc/arm-none-eabi/10.2.1/../../../../arm-none-eabi/lib/thumb/v7e-m+fp/hard\libcr_newlib_semihost.a(_kill.o)
                0x00004324                _kill
 .text.initialise_monitor_handles.part.0
                0x00004344       0xa4 c:/nxp/mcuxpressoide_11.4.1_6260/ide/plugins/com.nxp.mcuxpresso.tools.win32_11.4.0.202103011116/tools/bin/../lib/gcc/arm-none-eabi/10.2.1/../../../../arm-none-eabi/lib/thumb/v7e-m+fp/hard\libcr_newlib_semihost.a(syscalls.o)
 .text.findslot
                0x000043e8       0x30 c:/nxp/mcuxpressoide_11.4.1_6260/ide/plugins/com.nxp.mcuxpresso.tools.win32_11.4.0.202103011116/tools/bin/../lib/gcc/arm-none-eabi/10.2.1/../../../../arm-none-eabi/lib/thumb/v7e-m+fp/hard\libcr_newlib_semihost.a(syscalls.o)
 .text._close   0x00004418       0x4c c:/nxp/mcuxpressoide_11.4.1_6260/ide/plugins/com.nxp.mcuxpresso.tools.win32_11.4.0.202103011116/tools/bin/../lib/gcc/arm-none-eabi/10.2.1/../../../../arm-none-eabi/lib/thumb/v7e-m+fp/hard\libcr_newlib_semihost.a(syscalls.o)
                0x00004418                _close
 .text.__check_heap_overflow
                0x00004464       0x18 c:/nxp/mcuxpressoide_11.4.1_6260/ide/plugins/com.nxp.mcuxpresso.tools.win32_11.4.0.202103011116/tools/bin/../lib/gcc/arm-none-eabi/10.2.1/../../../../arm-none-eabi/lib/thumb/v7e-m+fp/hard\libcr_newlib_semihost.a(_cr_check_heap.o)
                0x00004464                __check_heap_overflow
 .text          0x0000447c       0x40 c:/nxp/mcuxpressoide_11.4.1_6260/ide/plugins/com.nxp.mcuxpresso.tools.win32_11.4.0.202103011116/tools/bin/../lib/gcc/arm-none-eabi/10.2.1/thumb/v7e-m+fp/hard\crtbegin.o
 .text.DMA0_DMA16_IRQHandler
                0x000044bc        0x8 ./startup/startup_mk66f18.o
                0x000044bc                DMA0_DMA16_IRQHandler
 .text.DMA1_DMA17_IRQHandler
                0x000044c4        0x8 ./startup/startup_mk66f18.o
                0x000044c4                DMA1_DMA17_IRQHandler
 .text.DMA2_DMA18_IRQHandler
                0x000044cc        0x8 ./startup/startup_mk66f18.o
                0x000044cc                DMA2_DMA18_IRQHandler
 .text.DMA3_DMA19_IRQHandler
                0x000044d4        0x8 ./startup/startup_mk66f18.o
                0x000044d4                DMA3_DMA19_IRQHandler
 .text.DMA4_DMA20_IRQHandler
                0x000044dc        0x8 ./startup/startup_mk66f18.o
                0x000044dc                DMA4_DMA20_IRQHandler
 .text.DMA5_DMA21_IRQHandler
                0x000044e4        0x8 ./startup/startup_mk66f18.o
                0x000044e4                DMA5_DMA21_IRQHandler
 .text.DMA6_DMA22_IRQHandler
                0x000044ec        0x8 ./startup/startup_mk66f18.o
                0x000044ec                DMA6_DMA22_IRQHandler
 .text.DMA7_DMA23_IRQHandler
                0x000044f4        0x8 ./startup/startup_mk66f18.o
                0x000044f4                DMA7_DMA23_IRQHandler
 .text.DMA8_DMA24_IRQHandler
                0x000044fc        0x8 ./startup/startup_mk66f18.o
                0x000044fc                DMA8_DMA24_IRQHandler
 .text.DMA9_DMA25_IRQHandler
                0x00004504        0x8 ./startup/startup_mk66f18.o
                0x00004504                DMA9_DMA25_IRQHandler
 .text.DMA10_DMA26_IRQHandler
                0x0000450c        0x8 ./startup/startup_mk66f18.o
                0x0000450c                DMA10_DMA26_IRQHandler
 .text.DMA11_DMA27_IRQHandler
                0x00004514        0x8 ./startup/startup_mk66f18.o
                0x00004514                DMA11_DMA27_IRQHandler
 .text.DMA12_DMA28_IRQHandler
                0x0000451c        0x8 ./startup/startup_mk66f18.o
                0x0000451c                DMA12_DMA28_IRQHandler
 .text.DMA13_DMA29_IRQHandler
                0x00004524        0x8 ./startup/startup_mk66f18.o
                0x00004524                DMA13_DMA29_IRQHandler
 .text.DMA14_DMA30_IRQHandler
                0x0000452c        0x8 ./startup/startup_mk66f18.o
                0x0000452c                DMA14_DMA30_IRQHandler
 .text.DMA15_DMA31_IRQHandler
                0x00004534        0x8 ./startup/startup_mk66f18.o
                0x00004534                DMA15_DMA31_IRQHandler
 .text.DMA_Error_IRQHandler
                0x0000453c        0x8 ./startup/startup_mk66f18.o
                0x0000453c                DMA_Error_IRQHandler
 .text.MCM_IRQHandler
                0x00004544        0x8 ./startup/startup_mk66f18.o
                0x00004544                MCM_IRQHandler
 .text.FTFE_IRQHandler
                0x0000454c        0x8 ./startup/startup_mk66f18.o
                0x0000454c                FTFE_IRQHandler
 .text.Read_Collision_IRQHandler
                0x00004554        0x8 ./startup/startup_mk66f18.o
                0x00004554                Read_Collision_IRQHandler
 .text.LVD_LVW_IRQHandler
                0x0000455c        0x8 ./startup/startup_mk66f18.o
                0x0000455c                LVD_LVW_IRQHandler
 .text.LLWU_IRQHandler
                0x00004564        0x8 ./startup/startup_mk66f18.o
                0x00004564                LLWU_IRQHandler
 .text.WDOG_EWM_IRQHandler
                0x0000456c        0x8 ./startup/startup_mk66f18.o
                0x0000456c                WDOG_EWM_IRQHandler
 .text.RNG_IRQHandler
                0x00004574        0x8 ./startup/startup_mk66f18.o
                0x00004574                RNG_IRQHandler
 .text.I2C0_IRQHandler
                0x0000457c        0x8 ./startup/startup_mk66f18.o
                0x0000457c                I2C0_IRQHandler
 .text.I2C1_IRQHandler
                0x00004584        0x8 ./startup/startup_mk66f18.o
                0x00004584                I2C1_IRQHandler
 .text.SPI0_IRQHandler
                0x0000458c        0x8 ./startup/startup_mk66f18.o
                0x0000458c                SPI0_IRQHandler
 .text.SPI1_IRQHandler
                0x00004594        0x8 ./startup/startup_mk66f18.o
                0x00004594                SPI1_IRQHandler
 .text.I2S0_Tx_IRQHandler
                0x0000459c        0x8 ./startup/startup_mk66f18.o
                0x0000459c                I2S0_Tx_IRQHandler
 .text.I2S0_Rx_IRQHandler
                0x000045a4        0x8 ./startup/startup_mk66f18.o
                0x000045a4                I2S0_Rx_IRQHandler
 .text.Reserved46_IRQHandler
                0x000045ac        0x8 ./startup/startup_mk66f18.o
                0x000045ac                Reserved46_IRQHandler
 .text.UART0_RX_TX_IRQHandler
                0x000045b4        0x8 ./startup/startup_mk66f18.o
                0x000045b4                UART0_RX_TX_IRQHandler
 .text.UART0_ERR_IRQHandler
                0x000045bc        0x8 ./startup/startup_mk66f18.o
                0x000045bc                UART0_ERR_IRQHandler
 .text.UART1_RX_TX_IRQHandler
                0x000045c4        0x8 ./startup/startup_mk66f18.o
                0x000045c4                UART1_RX_TX_IRQHandler
 .text.UART1_ERR_IRQHandler
                0x000045cc        0x8 ./startup/startup_mk66f18.o
                0x000045cc                UART1_ERR_IRQHandler
 .text.UART2_RX_TX_IRQHandler
                0x000045d4        0x8 ./startup/startup_mk66f18.o
                0x000045d4                UART2_RX_TX_IRQHandler
 .text.UART2_ERR_IRQHandler
                0x000045dc        0x8 ./startup/startup_mk66f18.o
                0x000045dc                UART2_ERR_IRQHandler
 .text.UART3_RX_TX_IRQHandler
                0x000045e4        0x8 ./startup/startup_mk66f18.o
                0x000045e4                UART3_RX_TX_IRQHandler
 .text.UART3_ERR_IRQHandler
                0x000045ec        0x8 ./startup/startup_mk66f18.o
                0x000045ec                UART3_ERR_IRQHandler
 .text.ADC0_IRQHandler
                0x000045f4        0x8 ./startup/startup_mk66f18.o
                0x000045f4                ADC0_IRQHandler
 .text.CMP0_IRQHandler
                0x000045fc        0x8 ./startup/startup_mk66f18.o
                0x000045fc                CMP0_IRQHandler
 .text.CMP1_IRQHandler
                0x00004604        0x8 ./startup/startup_mk66f18.o
                0x00004604                CMP1_IRQHandler
 .text.FTM0_IRQHandler
                0x0000460c        0x8 ./startup/startup_mk66f18.o
                0x0000460c                FTM0_IRQHandler
 .text.FTM1_IRQHandler
                0x00004614        0x8 ./startup/startup_mk66f18.o
                0x00004614                FTM1_IRQHandler
 .text.FTM2_IRQHandler
                0x0000461c        0x8 ./startup/startup_mk66f18.o
                0x0000461c                FTM2_IRQHandler
 .text.CMT_IRQHandler
                0x00004624        0x8 ./startup/startup_mk66f18.o
                0x00004624                CMT_IRQHandler
 .text.RTC_IRQHandler
                0x0000462c        0x8 ./startup/startup_mk66f18.o
                0x0000462c                RTC_IRQHandler
 .text.RTC_Seconds_IRQHandler
                0x00004634        0x8 ./startup/startup_mk66f18.o
                0x00004634                RTC_Seconds_IRQHandler
 .text.PIT0_IRQHandler
                0x0000463c        0x8 ./startup/startup_mk66f18.o
                0x0000463c                PIT0_IRQHandler
 .text.PIT1_IRQHandler
                0x00004644        0x8 ./startup/startup_mk66f18.o
                0x00004644                PIT1_IRQHandler
 .text.PIT2_IRQHandler
                0x0000464c        0x8 ./startup/startup_mk66f18.o
                0x0000464c                PIT2_IRQHandler
 .text.PIT3_IRQHandler
                0x00004654        0x8 ./startup/startup_mk66f18.o
                0x00004654                PIT3_IRQHandler
 .text.PDB0_IRQHandler
                0x0000465c        0x8 ./startup/startup_mk66f18.o
                0x0000465c                PDB0_IRQHandler
 .text.USB0_IRQHandler
                0x00004664        0x8 ./startup/startup_mk66f18.o
                0x00004664                USB0_IRQHandler
 .text.USBDCD_IRQHandler
                0x0000466c        0x8 ./startup/startup_mk66f18.o
                0x0000466c                USBDCD_IRQHandler
 .text.Reserved71_IRQHandler
                0x00004674        0x8 ./startup/startup_mk66f18.o
                0x00004674                Reserved71_IRQHandler
 .text.DAC0_IRQHandler
                0x0000467c        0x8 ./startup/startup_mk66f18.o
                0x0000467c                DAC0_IRQHandler
 .text.MCG_IRQHandler
                0x00004684        0x8 ./startup/startup_mk66f18.o
                0x00004684                MCG_IRQHandler
 .text.LPTMR0_IRQHandler
                0x0000468c        0x8 ./startup/startup_mk66f18.o
                0x0000468c                LPTMR0_IRQHandler
 .text.PORTA_IRQHandler
                0x00004694        0x8 ./startup/startup_mk66f18.o
                0x00004694                PORTA_IRQHandler
 .text.PORTB_IRQHandler
                0x0000469c        0x8 ./startup/startup_mk66f18.o
                0x0000469c                PORTB_IRQHandler
 .text.PORTC_IRQHandler
                0x000046a4        0x8 ./startup/startup_mk66f18.o
                0x000046a4                PORTC_IRQHandler
 .text.PORTD_IRQHandler
                0x000046ac        0x8 ./startup/startup_mk66f18.o
                0x000046ac                PORTD_IRQHandler
 .text.PORTE_IRQHandler
                0x000046b4        0x8 ./startup/startup_mk66f18.o
                0x000046b4                PORTE_IRQHandler
 .text.SWI_IRQHandler
                0x000046bc        0x8 ./startup/startup_mk66f18.o
                0x000046bc                SWI_IRQHandler
 .text.SPI2_IRQHandler
                0x000046c4        0x8 ./startup/startup_mk66f18.o
                0x000046c4                SPI2_IRQHandler
 .text.UART4_RX_TX_IRQHandler
                0x000046cc        0x8 ./startup/startup_mk66f18.o
                0x000046cc                UART4_RX_TX_IRQHandler
 .text.UART4_ERR_IRQHandler
                0x000046d4        0x8 ./startup/startup_mk66f18.o
                0x000046d4                UART4_ERR_IRQHandler
 .text.Reserved84_IRQHandler
                0x000046dc        0x8 ./startup/startup_mk66f18.o
                0x000046dc                Reserved84_IRQHandler
 .text.Reserved85_IRQHandler
                0x000046e4        0x8 ./startup/startup_mk66f18.o
                0x000046e4                Reserved85_IRQHandler
 .text.CMP2_IRQHandler
                0x000046ec        0x8 ./startup/startup_mk66f18.o
                0x000046ec                CMP2_IRQHandler
 .text.FTM3_IRQHandler
                0x000046f4        0x8 ./startup/startup_mk66f18.o
                0x000046f4                FTM3_IRQHandler
 .text.DAC1_IRQHandler
                0x000046fc        0x8 ./startup/startup_mk66f18.o
                0x000046fc                DAC1_IRQHandler
 .text.ADC1_IRQHandler
                0x00004704        0x8 ./startup/startup_mk66f18.o
                0x00004704                ADC1_IRQHandler
 .text.I2C2_IRQHandler
                0x0000470c        0x8 ./startup/startup_mk66f18.o
                0x0000470c                I2C2_IRQHandler
 .text.CAN0_ORed_Message_buffer_IRQHandler
                0x00004714        0x8 ./startup/startup_mk66f18.o
                0x00004714                CAN0_ORed_Message_buffer_IRQHandler
 .text.CAN0_Bus_Off_IRQHandler
                0x0000471c        0x8 ./startup/startup_mk66f18.o
                0x0000471c                CAN0_Bus_Off_IRQHandler
 .text.CAN0_Error_IRQHandler
                0x00004724        0x8 ./startup/startup_mk66f18.o
                0x00004724                CAN0_Error_IRQHandler
 .text.CAN0_Tx_Warning_IRQHandler
                0x0000472c        0x8 ./startup/startup_mk66f18.o
                0x0000472c                CAN0_Tx_Warning_IRQHandler
 .text.CAN0_Rx_Warning_IRQHandler
                0x00004734        0x8 ./startup/startup_mk66f18.o
                0x00004734                CAN0_Rx_Warning_IRQHandler
 .text.CAN0_Wake_Up_IRQHandler
                0x0000473c        0x8 ./startup/startup_mk66f18.o
                0x0000473c                CAN0_Wake_Up_IRQHandler
 .text.SDHC_IRQHandler
                0x00004744        0x8 ./startup/startup_mk66f18.o
                0x00004744                SDHC_IRQHandler
 .text.ENET_1588_Timer_IRQHandler
                0x0000474c        0x8 ./startup/startup_mk66f18.o
                0x0000474c                ENET_1588_Timer_IRQHandler
 .text.ENET_Transmit_IRQHandler
                0x00004754        0x8 ./startup/startup_mk66f18.o
                0x00004754                ENET_Transmit_IRQHandler
 .text.ENET_Receive_IRQHandler
                0x0000475c        0x8 ./startup/startup_mk66f18.o
                0x0000475c                ENET_Receive_IRQHandler
 .text.ENET_Error_IRQHandler
                0x00004764        0x8 ./startup/startup_mk66f18.o
                0x00004764                ENET_Error_IRQHandler
 .text.LPUART0_IRQHandler
                0x0000476c        0x8 ./startup/startup_mk66f18.o
                0x0000476c                LPUART0_IRQHandler
 .text.TSI0_IRQHandler
                0x00004774        0x8 ./startup/startup_mk66f18.o
                0x00004774                TSI0_IRQHandler
 .text.TPM1_IRQHandler
                0x0000477c        0x8 ./startup/startup_mk66f18.o
                0x0000477c                TPM1_IRQHandler
 .text.TPM2_IRQHandler
                0x00004784        0x8 ./startup/startup_mk66f18.o
                0x00004784                TPM2_IRQHandler
 .text.USBHSDCD_IRQHandler
                0x0000478c        0x8 ./startup/startup_mk66f18.o
                0x0000478c                USBHSDCD_IRQHandler
 .text.I2C3_IRQHandler
                0x00004794        0x8 ./startup/startup_mk66f18.o
                0x00004794                I2C3_IRQHandler
 .text.CMP3_IRQHandler
                0x0000479c        0x8 ./startup/startup_mk66f18.o
                0x0000479c                CMP3_IRQHandler
 .text.USBHS_IRQHandler
                0x000047a4        0x8 ./startup/startup_mk66f18.o
                0x000047a4                USBHS_IRQHandler
 .text.CAN1_ORed_Message_buffer_IRQHandler
                0x000047ac        0x8 ./startup/startup_mk66f18.o
                0x000047ac                CAN1_ORed_Message_buffer_IRQHandler
 .text.CAN1_Bus_Off_IRQHandler
                0x000047b4        0x8 ./startup/startup_mk66f18.o
                0x000047b4                CAN1_Bus_Off_IRQHandler
 .text.CAN1_Error_IRQHandler
                0x000047bc        0x8 ./startup/startup_mk66f18.o
                0x000047bc                CAN1_Error_IRQHandler
 .text.CAN1_Tx_Warning_IRQHandler
                0x000047c4        0x8 ./startup/startup_mk66f18.o
                0x000047c4                CAN1_Tx_Warning_IRQHandler
 .text.CAN1_Rx_Warning_IRQHandler
                0x000047cc        0x8 ./startup/startup_mk66f18.o
                0x000047cc                CAN1_Rx_Warning_IRQHandler
 .text.CAN1_Wake_Up_IRQHandler
                0x000047d4        0x8 ./startup/startup_mk66f18.o
                0x000047d4                CAN1_Wake_Up_IRQHandler
 .text._Z5task1Pv
                0x000047dc        0xe ./source/MK66F18_Project.o
                0x000047dc                task1(void*)
 .text.HardFault_Handler
                0x000047ea       0x2c ./source/semihost_hardfault.o
                0x000047ea                HardFault_Handler
 .text.vListInitialise
                0x00004816       0x40 ./freertos/freertos_kernel/list.o
                0x00004816                vListInitialise
 .text.vListInitialiseItem
                0x00004856       0x1a ./freertos/freertos_kernel/list.o
                0x00004856                vListInitialiseItem
 .text.vListInsertEnd
                0x00004870       0x48 ./freertos/freertos_kernel/list.o
                0x00004870                vListInsertEnd
 .text.vListInsert
                0x000048b8       0x72 ./freertos/freertos_kernel/list.o
                0x000048b8                vListInsert
 .text.uxListRemove
                0x0000492a       0x54 ./freertos/freertos_kernel/list.o
                0x0000492a                uxListRemove
 .text.xQueueGenericCreate
                0x0000497e       0xbe ./freertos/freertos_kernel/queue.o
                0x0000497e                xQueueGenericCreate
 .text.prvInitialiseNewQueue
                0x00004a3c       0x46 ./freertos/freertos_kernel/queue.o
 .text.xQueueGenericSendFromISR
                0x00004a82      0x154 ./freertos/freertos_kernel/queue.o
                0x00004a82                xQueueGenericSendFromISR
 .text.prvCopyDataToQueue
                0x00004bd6       0xd4 ./freertos/freertos_kernel/queue.o
 .text.prvCopyDataFromQueue
                0x00004caa       0x4c ./freertos/freertos_kernel/queue.o
 .text.prvUnlockQueue
                0x00004cf6       0xa4 ./freertos/freertos_kernel/queue.o
 .text.prvIsQueueEmpty
                0x00004d9a       0x2c ./freertos/freertos_kernel/queue.o
 .text.prvIsQueueFull
                0x00004dc6       0x30 ./freertos/freertos_kernel/queue.o
 .text.vQueueWaitForMessageRestricted
                0x00004df6       0x68 ./freertos/freertos_kernel/queue.o
                0x00004df6                vQueueWaitForMessageRestricted
 .text.xTaskCreate
                0x00004e5e       0x82 ./freertos/freertos_kernel/tasks.o
                0x00004e5e                xTaskCreate
 .text.prvInitialiseNewTask
                0x00004ee0      0x13a ./freertos/freertos_kernel/tasks.o
 .text.prvDeleteTCB
                0x0000501a       0x20 ./freertos/freertos_kernel/tasks.o
 .text.prvTimerTask
                0x0000503a       0x24 ./freertos/freertos_kernel/timers.o
 .text.CLOCK_EnableClock
                0x0000505e       0x34 ./drivers/fsl_clock.o
 .text.CLOCK_DisableClock
                0x00005092       0x38 ./drivers/fsl_clock.o
 .text.OSC_SetExtRefClkConfig
                0x000050ca       0x40 ./drivers/fsl_clock.o
 .text.OSC_SetCapLoad
                0x0000510a       0x34 ./drivers/fsl_clock.o
 .text.CLOCK_GetPll0RefFreq
                0x0000513e        0xe ./drivers/fsl_clock.o
 .text.SMC_SetPowerModeHsrun
                0x0000514c       0x36 ./drivers/fsl_smc.o
                0x0000514c                SMC_SetPowerModeHsrun
 .text.UART0_RX_TX_DriverIRQHandler
                0x00005182       0x12 ./drivers/fsl_uart.o
                0x00005182                UART0_RX_TX_DriverIRQHandler
 .text.UART1_RX_TX_DriverIRQHandler
                0x00005194       0x12 ./drivers/fsl_uart.o
                0x00005194                UART1_RX_TX_DriverIRQHandler
 .text.UART2_RX_TX_DriverIRQHandler
                0x000051a6       0x12 ./drivers/fsl_uart.o
                0x000051a6                UART2_RX_TX_DriverIRQHandler
 .text.UART3_RX_TX_DriverIRQHandler
                0x000051b8       0x12 ./drivers/fsl_uart.o
                0x000051b8                UART3_RX_TX_DriverIRQHandler
 .text.UART4_RX_TX_DriverIRQHandler
                0x000051ca       0x12 ./drivers/fsl_uart.o
                0x000051ca                UART4_RX_TX_DriverIRQHandler
 .text.SystemInitHook
                0x000051dc        0xe ./device/system_MK66F18.o
                0x000051dc                SystemInitHook
 .text.DbgConsole_Init
                0x000051ea       0x20 ./board/board.o
 .text.BOARD_InitDebugConsole
                0x0000520a       0x22 ./board/board.o
                0x0000520a                BOARD_InitDebugConsole
 .text.CLOCK_EnableClock
                0x0000522c       0x34 ./board/clock_config.o
 .text.CLOCK_DisableClock
                0x00005260       0x38 ./board/clock_config.o
 .text.SMC_SetPowerModeProtection
                0x00005298       0x1e ./board/clock_config.o
 .text.SMC_GetPowerModeState
                0x000052b6       0x1a ./board/clock_config.o
 .text.RTC_SetOscCapLoad
                0x000052d0       0x32 ./board/clock_config.o
 .text.BOARD_InitBootClocks
                0x00005302        0xc ./board/clock_config.o
                0x00005302                BOARD_InitBootClocks
 .text.BOARD_InitPeripherals
                0x0000530e        0xe ./board/peripherals.o
                0x0000530e                BOARD_InitPeripherals
 .text.BOARD_InitBootPeripherals
                0x0000531c        0xc ./board/peripherals.o
                0x0000531c                BOARD_InitBootPeripherals
 .text.CLOCK_EnableClock
                0x00005328       0x34 ./board/pin_mux.o
 .text.PORT_SetPinMux
                0x0000535c       0x3a ./board/pin_mux.o
 .text.BOARD_InitBootPins
                0x00005396       0x10 ./board/pin_mux.o
                0x00005396                BOARD_InitBootPins
 .text.memcpy   0x000053a6       0x1c c:/nxp/mcuxpressoide_11.4.1_6260/ide/plugins/com.nxp.mcuxpresso.tools.win32_11.4.0.202103011116/tools/bin/../lib/gcc/arm-none-eabi/10.2.1/../../../../arm-none-eabi/lib/thumb/v7e-m+fp/hard\libc_nano.a(lib_a-memcpy-stub.o)
                0x000053a6                memcpy
 .text.memset   0x000053c2       0x10 c:/nxp/mcuxpressoide_11.4.1_6260/ide/plugins/com.nxp.mcuxpresso.tools.win32_11.4.0.202103011116/tools/bin/../lib/gcc/arm-none-eabi/10.2.1/../../../../arm-none-eabi/lib/thumb/v7e-m+fp/hard\libc_nano.a(lib_a-memset.o)
                0x000053c2                memset
 .text.__sfputc_r
                0x000053d2       0x2e c:/nxp/mcuxpressoide_11.4.1_6260/ide/plugins/com.nxp.mcuxpresso.tools.win32_11.4.0.202103011116/tools/bin/../lib/gcc/arm-none-eabi/10.2.1/../../../../arm-none-eabi/lib/thumb/v7e-m+fp/hard\libc_nano.a(lib_a-nano-vfprintf.o)
 .text.__sfputs_r
                0x00005400       0x24 c:/nxp/mcuxpressoide_11.4.1_6260/ide/plugins/com.nxp.mcuxpresso.tools.win32_11.4.0.202103011116/tools/bin/../lib/gcc/arm-none-eabi/10.2.1/../../../../arm-none-eabi/lib/thumb/v7e-m+fp/hard\libc_nano.a(lib_a-nano-vfprintf.o)
                0x00005400                __sfputs_r
 .text._printf_common
                0x00005424       0xda c:/nxp/mcuxpressoide_11.4.1_6260/ide/plugins/com.nxp.mcuxpresso.tools.win32_11.4.0.202103011116/tools/bin/../lib/gcc/arm-none-eabi/10.2.1/../../../../arm-none-eabi/lib/thumb/v7e-m+fp/hard\libc_nano.a(lib_a-nano-vfprintf_i.o)
                0x00005424                _printf_common
 .text.abort    0x000054fe        0xe c:/nxp/mcuxpressoide_11.4.1_6260/ide/plugins/com.nxp.mcuxpresso.tools.win32_11.4.0.202103011116/tools/bin/../lib/gcc/arm-none-eabi/10.2.1/../../../../arm-none-eabi/lib/thumb/v7e-m+fp/hard\libc_nano.a(lib_a-abort.o)
                0x000054fe                abort
 .text.__sfmoreglue
                0x0000550c       0x2c c:/nxp/mcuxpressoide_11.4.1_6260/ide/plugins/com.nxp.mcuxpresso.tools.win32_11.4.0.202103011116/tools/bin/../lib/gcc/arm-none-eabi/10.2.1/../../../../arm-none-eabi/lib/thumb/v7e-m+fp/hard\libc_nano.a(lib_a-findfp.o)
                0x0000550c                __sfmoreglue
 .text._fwalk_reent
                0x00005538       0x3e c:/nxp/mcuxpressoide_11.4.1_6260/ide/plugins/com.nxp.mcuxpresso.tools.win32_11.4.0.202103011116/tools/bin/../lib/gcc/arm-none-eabi/10.2.1/../../../../arm-none-eabi/lib/thumb/v7e-m+fp/hard\libc_nano.a(lib_a-fwalk.o)
                0x00005538                _fwalk_reent
 .text.__retarget_lock_init_recursive
                0x00005576        0x2 c:/nxp/mcuxpressoide_11.4.1_6260/ide/plugins/com.nxp.mcuxpresso.tools.win32_11.4.0.202103011116/tools/bin/../lib/gcc/arm-none-eabi/10.2.1/../../../../arm-none-eabi/lib/thumb/v7e-m+fp/hard\libc_nano.a(lib_a-lock.o)
                0x00005576                __retarget_lock_init_recursive
 .text.__retarget_lock_acquire_recursive
                0x00005578        0x2 c:/nxp/mcuxpressoide_11.4.1_6260/ide/plugins/com.nxp.mcuxpresso.tools.win32_11.4.0.202103011116/tools/bin/../lib/gcc/arm-none-eabi/10.2.1/../../../../arm-none-eabi/lib/thumb/v7e-m+fp/hard\libc_nano.a(lib_a-lock.o)
                0x00005578                __retarget_lock_acquire_recursive
 .text.__retarget_lock_release_recursive
                0x0000557a        0x2 c:/nxp/mcuxpressoide_11.4.1_6260/ide/plugins/com.nxp.mcuxpresso.tools.win32_11.4.0.202103011116/tools/bin/../lib/gcc/arm-none-eabi/10.2.1/../../../../arm-none-eabi/lib/thumb/v7e-m+fp/hard\libc_nano.a(lib_a-lock.o)
                0x0000557a                __retarget_lock_release_recursive
 .text.__swhatbuf_r
                0x0000557c       0x4a c:/nxp/mcuxpressoide_11.4.1_6260/ide/plugins/com.nxp.mcuxpresso.tools.win32_11.4.0.202103011116/tools/bin/../lib/gcc/arm-none-eabi/10.2.1/../../../../arm-none-eabi/lib/thumb/v7e-m+fp/hard\libc_nano.a(lib_a-makebuf.o)
                0x0000557c                __swhatbuf_r
 .text._raise_r
                0x000055c6       0x50 c:/nxp/mcuxpressoide_11.4.1_6260/ide/plugins/com.nxp.mcuxpresso.tools.win32_11.4.0.202103011116/tools/bin/../lib/gcc/arm-none-eabi/10.2.1/../../../../arm-none-eabi/lib/thumb/v7e-m+fp/hard\libc_nano.a(lib_a-signal.o)
                0x000055c6                _raise_r
 .text._getpid_r
                0x00005616        0x4 c:/nxp/mcuxpressoide_11.4.1_6260/ide/plugins/com.nxp.mcuxpresso.tools.win32_11.4.0.202103011116/tools/bin/../lib/gcc/arm-none-eabi/10.2.1/../../../../arm-none-eabi/lib/thumb/v7e-m+fp/hard\libc_nano.a(lib_a-signalr.o)
                0x00005616                _getpid_r
 .text.__sread  0x0000561a       0x22 c:/nxp/mcuxpressoide_11.4.1_6260/ide/plugins/com.nxp.mcuxpresso.tools.win32_11.4.0.202103011116/tools/bin/../lib/gcc/arm-none-eabi/10.2.1/../../../../arm-none-eabi/lib/thumb/v7e-m+fp/hard\libc_nano.a(lib_a-stdio.o)
                0x0000561a                __sread
 .text.__swrite
                0x0000563c       0x38 c:/nxp/mcuxpressoide_11.4.1_6260/ide/plugins/com.nxp.mcuxpresso.tools.win32_11.4.0.202103011116/tools/bin/../lib/gcc/arm-none-eabi/10.2.1/../../../../arm-none-eabi/lib/thumb/v7e-m+fp/hard\libc_nano.a(lib_a-stdio.o)
                0x0000563c                __swrite
 .text.__sseek  0x00005674       0x24 c:/nxp/mcuxpressoide_11.4.1_6260/ide/plugins/com.nxp.mcuxpresso.tools.win32_11.4.0.202103011116/tools/bin/../lib/gcc/arm-none-eabi/10.2.1/../../../../arm-none-eabi/lib/thumb/v7e-m+fp/hard\libc_nano.a(lib_a-stdio.o)
                0x00005674                __sseek
 .text.__sclose
                0x00005698        0x8 c:/nxp/mcuxpressoide_11.4.1_6260/ide/plugins/com.nxp.mcuxpresso.tools.win32_11.4.0.202103011116/tools/bin/../lib/gcc/arm-none-eabi/10.2.1/../../../../arm-none-eabi/lib/thumb/v7e-m+fp/hard\libc_nano.a(lib_a-stdio.o)
                0x00005698                __sclose
 .text._exit    0x000056a0        0x8 c:/nxp/mcuxpressoide_11.4.1_6260/ide/plugins/com.nxp.mcuxpresso.tools.win32_11.4.0.202103011116/tools/bin/../lib/gcc/arm-none-eabi/10.2.1/../../../../arm-none-eabi/lib/thumb/v7e-m+fp/hard\libcr_newlib_semihost.a(_exit.o)
                0x000056a0                _exit
 .text.error    0x000056a8       0x1c c:/nxp/mcuxpressoide_11.4.1_6260/ide/plugins/com.nxp.mcuxpresso.tools.win32_11.4.0.202103011116/tools/bin/../lib/gcc/arm-none-eabi/10.2.1/../../../../arm-none-eabi/lib/thumb/v7e-m+fp/hard\libcr_newlib_semihost.a(syscalls.o)
 .text.checkerror
                0x000056c4        0xa c:/nxp/mcuxpressoide_11.4.1_6260/ide/plugins/com.nxp.mcuxpresso.tools.win32_11.4.0.202103011116/tools/bin/../lib/gcc/arm-none-eabi/10.2.1/../../../../arm-none-eabi/lib/thumb/v7e-m+fp/hard\libcr_newlib_semihost.a(syscalls.o)
 .text._swiread
                0x000056ce       0x20 c:/nxp/mcuxpressoide_11.4.1_6260/ide/plugins/com.nxp.mcuxpresso.tools.win32_11.4.0.202103011116/tools/bin/../lib/gcc/arm-none-eabi/10.2.1/../../../../arm-none-eabi/lib/thumb/v7e-m+fp/hard\libcr_newlib_semihost.a(syscalls.o)
                0x000056ce                _swiread
 .text._read    0x000056ee       0x36 c:/nxp/mcuxpressoide_11.4.1_6260/ide/plugins/com.nxp.mcuxpresso.tools.win32_11.4.0.202103011116/tools/bin/../lib/gcc/arm-none-eabi/10.2.1/../../../../arm-none-eabi/lib/thumb/v7e-m+fp/hard\libcr_newlib_semihost.a(syscalls.o)
                0x000056ee                _read
 .text._swilseek
                0x00005724       0x78 c:/nxp/mcuxpressoide_11.4.1_6260/ide/plugins/com.nxp.mcuxpresso.tools.win32_11.4.0.202103011116/tools/bin/../lib/gcc/arm-none-eabi/10.2.1/../../../../arm-none-eabi/lib/thumb/v7e-m+fp/hard\libcr_newlib_semihost.a(syscalls.o)
                0x00005724                _swilseek
 .text._lseek   0x0000579c        0x4 c:/nxp/mcuxpressoide_11.4.1_6260/ide/plugins/com.nxp.mcuxpresso.tools.win32_11.4.0.202103011116/tools/bin/../lib/gcc/arm-none-eabi/10.2.1/../../../../arm-none-eabi/lib/thumb/v7e-m+fp/hard\libcr_newlib_semihost.a(syscalls.o)
                0x0000579c                _lseek
 .text._swiwrite
                0x000057a0       0x20 c:/nxp/mcuxpressoide_11.4.1_6260/ide/plugins/com.nxp.mcuxpresso.tools.win32_11.4.0.202103011116/tools/bin/../lib/gcc/arm-none-eabi/10.2.1/../../../../arm-none-eabi/lib/thumb/v7e-m+fp/hard\libcr_newlib_semihost.a(syscalls.o)
                0x000057a0                _swiwrite
 .text._write   0x000057c0       0x44 c:/nxp/mcuxpressoide_11.4.1_6260/ide/plugins/com.nxp.mcuxpresso.tools.win32_11.4.0.202103011116/tools/bin/../lib/gcc/arm-none-eabi/10.2.1/../../../../arm-none-eabi/lib/thumb/v7e-m+fp/hard\libcr_newlib_semihost.a(syscalls.o)
                0x000057c0                _write
 .text._swiclose
                0x00005804       0x1a c:/nxp/mcuxpressoide_11.4.1_6260/ide/plugins/com.nxp.mcuxpresso.tools.win32_11.4.0.202103011116/tools/bin/../lib/gcc/arm-none-eabi/10.2.1/../../../../arm-none-eabi/lib/thumb/v7e-m+fp/hard\libcr_newlib_semihost.a(syscalls.o)
                0x00005804                _swiclose
 .text._getpid  0x0000581e        0x4 c:/nxp/mcuxpressoide_11.4.1_6260/ide/plugins/com.nxp.mcuxpresso.tools.win32_11.4.0.202103011116/tools/bin/../lib/gcc/arm-none-eabi/10.2.1/../../../../arm-none-eabi/lib/thumb/v7e-m+fp/hard\libcr_newlib_semihost.a(syscalls.o)
                0x0000581e                _getpid
 .text._swistat
                0x00005822       0x42 c:/nxp/mcuxpressoide_11.4.1_6260/ide/plugins/com.nxp.mcuxpresso.tools.win32_11.4.0.202103011116/tools/bin/../lib/gcc/arm-none-eabi/10.2.1/../../../../arm-none-eabi/lib/thumb/v7e-m+fp/hard\libcr_newlib_semihost.a(syscalls.o)
                0x00005822                _swistat
 .text._fstat   0x00005864       0x1c c:/nxp/mcuxpressoide_11.4.1_6260/ide/plugins/com.nxp.mcuxpresso.tools.win32_11.4.0.202103011116/tools/bin/../lib/gcc/arm-none-eabi/10.2.1/../../../../arm-none-eabi/lib/thumb/v7e-m+fp/hard\libcr_newlib_semihost.a(syscalls.o)
                0x00005864                _fstat
 .text._isatty  0x00005880       0x2a c:/nxp/mcuxpressoide_11.4.1_6260/ide/plugins/com.nxp.mcuxpresso.tools.win32_11.4.0.202103011116/tools/bin/../lib/gcc/arm-none-eabi/10.2.1/../../../../arm-none-eabi/lib/thumb/v7e-m+fp/hard\libcr_newlib_semihost.a(syscalls.o)
                0x00005880                _isatty
 *freertos*/tasks.o(SORT_BY_ALIGNMENT(.rodata*))
 *fill*         0x000058aa        0x2 ff
 .rodata.vTaskStartScheduler.str1.4
                0x000058ac        0x5 ./freertos/freertos_kernel/tasks.o
 *(SORT_BY_ALIGNMENT(.rodata) SORT_BY_ALIGNMENT(.rodata.*) SORT_BY_ALIGNMENT(.constdata) SORT_BY_ALIGNMENT(.constdata.*))
 *fill*         0x000058b1        0x3 ff
 .rodata.main.str1.4
                0x000058b4       0x13 ./source/MK66F18_Project.o
 *fill*         0x000058c7        0x1 ff
 .rodata.xTimerCreateTimerTask.str1.4
                0x000058c8        0x8 ./freertos/freertos_kernel/timers.o
 .rodata.prvCheckForValidListAndQueue.str1.4
                0x000058d0        0x5 ./freertos/freertos_kernel/timers.o
 *fill*         0x000058d5        0x3 ff
 .rodata.CLOCK_GetMcgExtClkFreq.str1.4
                0x000058d8       0x37 ./drivers/fsl_clock.o
 *fill*         0x0000590f        0x1 ff
 .rodata.CLOCK_EnableUsbfs0Clock.str1.4
                0x00005910       0x1b ./drivers/fsl_clock.o
 *fill*         0x0000592b        0x1 ff
 .rodata.CLOCK_GetPll0Freq.str1.4
                0x0000592c        0xb ./drivers/fsl_clock.o
 *fill*         0x00005937        0x1 ff
 .rodata.CLOCK_EnablePll0.str1.4
                0x00005938        0x7 ./drivers/fsl_clock.o
 *fill*         0x0000593f        0x1 ff
 .rodata.__func__.13
                0x00005940       0x17 ./drivers/fsl_clock.o
 *fill*         0x00005957        0x1 ff
 .rodata.__func__.9
                0x00005958       0x18 ./drivers/fsl_clock.o
 .rodata.fllFactorTable.6
                0x00005970       0x10 ./drivers/fsl_clock.o
 .rodata.__func__.5
                0x00005980       0x12 ./drivers/fsl_clock.o
 *fill*         0x00005992        0x2 ff
 .rodata.__func__.4
                0x00005994       0x11 ./drivers/fsl_clock.o
 *fill*         0x000059a5        0x3 ff
 .rodata.__func__.2
                0x000059a8       0x11 ./drivers/fsl_clock.o
 *fill*         0x000059b9        0x3 ff
 .rodata.__func__.1
                0x000059bc       0x14 ./drivers/fsl_clock.o
 .rodata.mcgConfig_BOARD_BootClockHSRUN
                0x000059d0        0xc ./board/clock_config.o
                0x000059d0                mcgConfig_BOARD_BootClockHSRUN
 .rodata.simConfig_BOARD_BootClockHSRUN
                0x000059dc        0x8 ./board/clock_config.o
                0x000059dc                simConfig_BOARD_BootClockHSRUN
 .rodata.oscConfig_BOARD_BootClockHSRUN
                0x000059e4        0x8 ./board/clock_config.o
                0x000059e4                oscConfig_BOARD_BootClockHSRUN
 .rodata.PORT_SetPinConfig.str1.4
                0x000059ec       0x46 ./board/pin_mux.o
                                 0x4e (size before relaxing)
 *fill*         0x00005a32        0x2 ff
 .rodata.__func__.0
                0x00005a34       0x12 ./board/pin_mux.o
 *fill*         0x00005a46        0x2 ff
 .rodata._global_impure_ptr
                0x00005a48        0x4 c:/nxp/mcuxpressoide_11.4.1_6260/ide/plugins/com.nxp.mcuxpresso.tools.win32_11.4.0.202103011116/tools/bin/../lib/gcc/arm-none-eabi/10.2.1/../../../../arm-none-eabi/lib/thumb/v7e-m+fp/hard\libc_nano.a(lib_a-impure.o)
                0x00005a48                _global_impure_ptr
 .rodata.__sf_fake_stderr
                0x00005a4c       0x20 c:/nxp/mcuxpressoide_11.4.1_6260/ide/plugins/com.nxp.mcuxpresso.tools.win32_11.4.0.202103011116/tools/bin/../lib/gcc/arm-none-eabi/10.2.1/../../../../arm-none-eabi/lib/thumb/v7e-m+fp/hard\libc_nano.a(lib_a-findfp.o)
                0x00005a4c                __sf_fake_stderr
 .rodata.__sf_fake_stdin
                0x00005a6c       0x20 c:/nxp/mcuxpressoide_11.4.1_6260/ide/plugins/com.nxp.mcuxpresso.tools.win32_11.4.0.202103011116/tools/bin/../lib/gcc/arm-none-eabi/10.2.1/../../../../arm-none-eabi/lib/thumb/v7e-m+fp/hard\libc_nano.a(lib_a-findfp.o)
                0x00005a6c                __sf_fake_stdin
 .rodata.__sf_fake_stdout
                0x00005a8c       0x20 c:/nxp/mcuxpressoide_11.4.1_6260/ide/plugins/com.nxp.mcuxpresso.tools.win32_11.4.0.202103011116/tools/bin/../lib/gcc/arm-none-eabi/10.2.1/../../../../arm-none-eabi/lib/thumb/v7e-m+fp/hard\libc_nano.a(lib_a-findfp.o)
                0x00005a8c                __sf_fake_stdout
 .rodata.__assert_func.str1.1
                0x00005aac       0x3c c:/nxp/mcuxpressoide_11.4.1_6260/ide/plugins/com.nxp.mcuxpresso.tools.win32_11.4.0.202103011116/tools/bin/../lib/gcc/arm-none-eabi/10.2.1/../../../../arm-none-eabi/lib/thumb/v7e-m+fp/hard\libc_nano.a(lib_a-assert.o)
                                 0x3d (size before relaxing)
 .rodata._vfprintf_r.str1.1
                0x00005ae8       0x11 c:/nxp/mcuxpressoide_11.4.1_6260/ide/plugins/com.nxp.mcuxpresso.tools.win32_11.4.0.202103011116/tools/bin/../lib/gcc/arm-none-eabi/10.2.1/../../../../arm-none-eabi/lib/thumb/v7e-m+fp/hard\libc_nano.a(lib_a-nano-vfprintf.o)
 .rodata._printf_i.str1.1
                0x00005af9       0x22 c:/nxp/mcuxpressoide_11.4.1_6260/ide/plugins/com.nxp.mcuxpresso.tools.win32_11.4.0.202103011116/tools/bin/../lib/gcc/arm-none-eabi/10.2.1/../../../../arm-none-eabi/lib/thumb/v7e-m+fp/hard\libc_nano.a(lib_a-nano-vfprintf_i.o)
 .rodata.initialise_monitor_handles.part.0.str1.1
                0x00005b1b        0x4 c:/nxp/mcuxpressoide_11.4.1_6260/ide/plugins/com.nxp.mcuxpresso.tools.win32_11.4.0.202103011116/tools/bin/../lib/gcc/arm-none-eabi/10.2.1/../../../../arm-none-eabi/lib/thumb/v7e-m+fp/hard\libcr_newlib_semihost.a(syscalls.o)
                0x00005b20                . = ALIGN (0x8)
 *fill*         0x00005b1f        0x1 ff
                0x00005b20                . = ALIGN (0x8)
 *(.init)
 .init          0x00005b20        0x4 c:/nxp/mcuxpressoide_11.4.1_6260/ide/plugins/com.nxp.mcuxpresso.tools.win32_11.4.0.202103011116/tools/bin/../lib/gcc/arm-none-eabi/10.2.1/thumb/v7e-m+fp/hard\crti.o
                0x00005b20                _init
 .init          0x00005b24        0x8 c:/nxp/mcuxpressoide_11.4.1_6260/ide/plugins/com.nxp.mcuxpresso.tools.win32_11.4.0.202103011116/tools/bin/../lib/gcc/arm-none-eabi/10.2.1/thumb/v7e-m+fp/hard\crtn.o
                0x00005b30                . = ALIGN (0x8)
 *fill*         0x00005b2c        0x4 ff
                0x00005b30                __preinit_array_start = .
 *(SORT_BY_ALIGNMENT(.preinit_array))
                0x00005b30                __preinit_array_end = .
                0x00005b30                . = ALIGN (0x8)
                0x00005b30                __init_array_start = .
 *(SORT_BY_NAME(SORT_BY_ALIGNMENT(.init_array.*)))
 *(SORT_BY_ALIGNMENT(.init_array))
 .init_array    0x00005b30        0x4 c:/nxp/mcuxpressoide_11.4.1_6260/ide/plugins/com.nxp.mcuxpresso.tools.win32_11.4.0.202103011116/tools/bin/../lib/gcc/arm-none-eabi/10.2.1/thumb/v7e-m+fp/hard\crtbegin.o
                0x00005b34                __init_array_end = .
 *(.fini)
 .fini          0x00005b34        0x4 c:/nxp/mcuxpressoide_11.4.1_6260/ide/plugins/com.nxp.mcuxpresso.tools.win32_11.4.0.202103011116/tools/bin/../lib/gcc/arm-none-eabi/10.2.1/thumb/v7e-m+fp/hard\crti.o
                0x00005b34                _fini
 .fini          0x00005b38        0x8 c:/nxp/mcuxpressoide_11.4.1_6260/ide/plugins/com.nxp.mcuxpresso.tools.win32_11.4.0.202103011116/tools/bin/../lib/gcc/arm-none-eabi/10.2.1/thumb/v7e-m+fp/hard\crtn.o
                0x00005b40                . = ALIGN (0x8)
 *crtbegin.o(SORT_BY_ALIGNMENT(.ctors))
 *(SORT_BY_ALIGNMENT(EXCLUDE_FILE(*crtend.o) .ctors))
 *(SORT_BY_NAME(SORT_BY_ALIGNMENT(.ctors.*)))
 *crtend.o(SORT_BY_ALIGNMENT(.ctors))
                0x00005b40                . = ALIGN (0x8)
 *crtbegin.o(SORT_BY_ALIGNMENT(.dtors))
 *(SORT_BY_ALIGNMENT(EXCLUDE_FILE(*crtend.o) .dtors))
 *(SORT_BY_NAME(SORT_BY_ALIGNMENT(.dtors.*)))
 *crtend.o(SORT_BY_ALIGNMENT(.dtors))
                0x00005b40                . = ALIGN (0x8)

.glue_7         0x00005b40        0x0
 .glue_7        0x00005b40        0x0 linker stubs

.glue_7t        0x00005b40        0x0
 .glue_7t       0x00005b40        0x0 linker stubs

.vfp11_veneer   0x00005b40        0x0
 .vfp11_veneer  0x00005b40        0x0 linker stubs

.v4_bx          0x00005b40        0x0
 .v4_bx         0x00005b40        0x0 linker stubs

.iplt           0x00005b40        0x0
 .iplt          0x00005b40        0x0 ./startup/startup_mk66f18.o

.rel.dyn        0x00005b40        0x0
 .rel.iplt      0x00005b40        0x0 ./startup/startup_mk66f18.o

.eh_frame       0x00005b40        0x0
 .eh_frame      0x00005b40        0x0 c:/nxp/mcuxpressoide_11.4.1_6260/ide/plugins/com.nxp.mcuxpresso.tools.win32_11.4.0.202103011116/tools/bin/../lib/gcc/arm-none-eabi/10.2.1/thumb/v7e-m+fp/hard\crtbegin.o

.ARM.extab
 *(SORT_BY_ALIGNMENT(.ARM.extab*) SORT_BY_ALIGNMENT(.gnu.linkonce.armextab.*))

.ARM.exidx      0x00005b40        0x0
                0x00005b40                __exidx_start = .
 *(SORT_BY_ALIGNMENT(.ARM.exidx*) SORT_BY_ALIGNMENT(.gnu.linkonce.armexidx.*))
                0x00005b40                __exidx_end = .
                0x00005b40                _etext = .

.m_usb_data
 *(SORT_BY_ALIGNMENT(m_usb_bdt))

.data_RAM2      0x1fff0000        0x0 load address 0x00005b40
 FILL mask 0xff
                [!provide]                PROVIDE (__start_data_RAM2 = .)
                [!provide]                PROVIDE (__start_data_SRAM_LOWER = .)
 *(SORT_BY_ALIGNMENT(.ramfunc.$RAM2))
 *(SORT_BY_ALIGNMENT(.ramfunc.$SRAM_LOWER))
 *(SORT_BY_ALIGNMENT(.data.$RAM2))
 *(SORT_BY_ALIGNMENT(.data.$SRAM_LOWER))
 *(SORT_BY_ALIGNMENT(.data.$RAM2.*))
 *(SORT_BY_ALIGNMENT(.data.$SRAM_LOWER.*))
                0x1fff0000                . = ALIGN (0x8)
                [!provide]                PROVIDE (__end_data_RAM2 = .)
                [!provide]                PROVIDE (__end_data_SRAM_LOWER = .)

.data_RAM3      0x14000000        0x0 load address 0x00005b40
 FILL mask 0xff
                [!provide]                PROVIDE (__start_data_RAM3 = .)
                [!provide]                PROVIDE (__start_data_FLEX_RAM = .)
 *(SORT_BY_ALIGNMENT(.ramfunc.$RAM3))
 *(SORT_BY_ALIGNMENT(.ramfunc.$FLEX_RAM))
 *(SORT_BY_ALIGNMENT(.data.$RAM3))
 *(SORT_BY_ALIGNMENT(.data.$FLEX_RAM))
 *(SORT_BY_ALIGNMENT(.data.$RAM3.*))
 *(SORT_BY_ALIGNMENT(.data.$FLEX_RAM.*))
                0x14000000                . = ALIGN (0x8)
                [!provide]                PROVIDE (__end_data_RAM3 = .)
                [!provide]                PROVIDE (__end_data_FLEX_RAM = .)

.uninit_RESERVED
                0x20000000        0x0
                0x20000000                _start_uninit_RESERVED = .
 *(SORT_BY_ALIGNMENT(.bss.$RESERVED*))
                0x20000000                . = ALIGN (0x8)
                0x20000000                _end_uninit_RESERVED = .

.data           0x20000000       0x78 load address 0x00005b40
 FILL mask 0xff
                0x20000000                _data = .
                [!provide]                PROVIDE (__start_data_RAM = .)
                [!provide]                PROVIDE (__start_data_SRAM_UPPER = .)
 *(SORT_BY_ALIGNMENT(vtable))
 *(SORT_BY_ALIGNMENT(.ramfunc*))
 *(SORT_BY_ALIGNMENT(CodeQuickAccess))
 *(SORT_BY_ALIGNMENT(DataQuickAccess))
 *(SORT_BY_ALIGNMENT(RamFunction))
 *(SORT_BY_ALIGNMENT(.data*))
 .data.uxCriticalNesting
                0x20000000        0x4 ./freertos/freertos_kernel/portable/GCC/ARM_CM4F/port.o
 .data.uxTopUsedPriority
                0x20000004        0x4 ./freertos/freertos_kernel/tasks.o
                0x20000004                uxTopUsedPriority
 .data.s_slowIrcFreq
                0x20000008        0x4 ./drivers/fsl_clock.o
 .data.s_fastIrcFreq
                0x2000000c        0x4 ./drivers/fsl_clock.o
 .data.SystemCoreClock
                0x20000010        0x4 ./device/system_MK66F18.o
                0x20000010                SystemCoreClock
 .data._impure_ptr
                0x20000014        0x4 c:/nxp/mcuxpressoide_11.4.1_6260/ide/plugins/com.nxp.mcuxpresso.tools.win32_11.4.0.202103011116/tools/bin/../lib/gcc/arm-none-eabi/10.2.1/../../../../arm-none-eabi/lib/thumb/v7e-m+fp/hard\libc_nano.a(lib_a-impure.o)
                0x20000014                _impure_ptr
 .data.impure_data
                0x20000018       0x60 c:/nxp/mcuxpressoide_11.4.1_6260/ide/plugins/com.nxp.mcuxpresso.tools.win32_11.4.0.202103011116/tools/bin/../lib/gcc/arm-none-eabi/10.2.1/../../../../arm-none-eabi/lib/thumb/v7e-m+fp/hard\libc_nano.a(lib_a-impure.o)
                0x20000078                . = ALIGN (0x8)
                0x20000078                _edata = .
                [!provide]                PROVIDE (__end_data_RAM = .)
                [!provide]                PROVIDE (__end_data_SRAM_UPPER = .)

.igot.plt       0x20000078        0x0 load address 0x00005bb8
 .igot.plt      0x20000078        0x0 ./startup/startup_mk66f18.o

.bss_RAM2       0x1fff0000        0x0
                [!provide]                PROVIDE (__start_bss_RAM2 = .)
                [!provide]                PROVIDE (__start_bss_SRAM_LOWER = .)
 *(SORT_BY_ALIGNMENT(.bss.$RAM2))
 *(SORT_BY_ALIGNMENT(.bss.$SRAM_LOWER))
 *(SORT_BY_ALIGNMENT(.bss.$RAM2.*))
 *(SORT_BY_ALIGNMENT(.bss.$SRAM_LOWER.*))
                0x1fff0000                . = ALIGN ((. != 0x0)?0x8:0x1)
                [!provide]                PROVIDE (__end_bss_RAM2 = .)
                [!provide]                PROVIDE (__end_bss_SRAM_LOWER = .)

.bss_RAM3       0x14000000        0x0
                [!provide]                PROVIDE (__start_bss_RAM3 = .)
                [!provide]                PROVIDE (__start_bss_FLEX_RAM = .)
 *(SORT_BY_ALIGNMENT(.bss.$RAM3))
 *(SORT_BY_ALIGNMENT(.bss.$FLEX_RAM))
 *(SORT_BY_ALIGNMENT(.bss.$RAM3.*))
 *(SORT_BY_ALIGNMENT(.bss.$FLEX_RAM.*))
                0x14000000                . = ALIGN ((. != 0x0)?0x8:0x1)
                [!provide]                PROVIDE (__end_bss_RAM3 = .)
                [!provide]                PROVIDE (__end_bss_FLEX_RAM = .)

.bss            0x20000078     0x2a50
                0x20000078                _bss = .
                [!provide]                PROVIDE (__start_bss_RAM = .)
                [!provide]                PROVIDE (__start_bss_SRAM_UPPER = .)
 *(SORT_BY_ALIGNMENT(.bss*))
 .bss._ZZ4mainE1i
                0x20000078        0x4 ./source/MK66F18_Project.o
 .bss.ucHeap    0x2000007c     0x2800 ./freertos/freertos_kernel/portable/MemMang/heap_4.o
 .bss.xStart    0x2000287c        0x8 ./freertos/freertos_kernel/portable/MemMang/heap_4.o
 .bss.pxEnd     0x20002884        0x4 ./freertos/freertos_kernel/portable/MemMang/heap_4.o
 .bss.xFreeBytesRemaining
                0x20002888        0x4 ./freertos/freertos_kernel/portable/MemMang/heap_4.o
 .bss.xMinimumEverFreeBytesRemaining
                0x2000288c        0x4 ./freertos/freertos_kernel/portable/MemMang/heap_4.o
 .bss.xNumberOfSuccessfulAllocations
                0x20002890        0x4 ./freertos/freertos_kernel/portable/MemMang/heap_4.o
 .bss.xNumberOfSuccessfulFrees
                0x20002894        0x4 ./freertos/freertos_kernel/portable/MemMang/heap_4.o
 .bss.xBlockAllocatedBit
                0x20002898        0x4 ./freertos/freertos_kernel/portable/MemMang/heap_4.o
 .bss.ulMaxPRIGROUPValue
                0x2000289c        0x4 ./freertos/freertos_kernel/portable/GCC/ARM_CM4F/port.o
 .bss.xQueueRegistry
                0x200028a0       0x40 ./freertos/freertos_kernel/queue.o
                0x200028a0                xQueueRegistry
 .bss.pxCurrentTCB
                0x200028e0        0x4 ./freertos/freertos_kernel/tasks.o
                0x200028e0                pxCurrentTCB
 .bss.pxReadyTasksLists
                0x200028e4       0x64 ./freertos/freertos_kernel/tasks.o
 .bss.xDelayedTaskList1
                0x20002948       0x14 ./freertos/freertos_kernel/tasks.o
 .bss.xDelayedTaskList2
                0x2000295c       0x14 ./freertos/freertos_kernel/tasks.o
 .bss.pxDelayedTaskList
                0x20002970        0x4 ./freertos/freertos_kernel/tasks.o
 .bss.pxOverflowDelayedTaskList
                0x20002974        0x4 ./freertos/freertos_kernel/tasks.o
 .bss.xPendingReadyList
                0x20002978       0x14 ./freertos/freertos_kernel/tasks.o
 .bss.xTasksWaitingTermination
                0x2000298c       0x14 ./freertos/freertos_kernel/tasks.o
 .bss.uxDeletedTasksWaitingCleanUp
                0x200029a0        0x4 ./freertos/freertos_kernel/tasks.o
 .bss.xSuspendedTaskList
                0x200029a4       0x14 ./freertos/freertos_kernel/tasks.o
 .bss.uxCurrentNumberOfTasks
                0x200029b8        0x4 ./freertos/freertos_kernel/tasks.o
 .bss.xTickCount
                0x200029bc        0x4 ./freertos/freertos_kernel/tasks.o
 .bss.uxTopReadyPriority
                0x200029c0        0x4 ./freertos/freertos_kernel/tasks.o
 .bss.xSchedulerRunning
                0x200029c4        0x4 ./freertos/freertos_kernel/tasks.o
 .bss.xPendedTicks
                0x200029c8        0x4 ./freertos/freertos_kernel/tasks.o
 .bss.xYieldPending
                0x200029cc        0x4 ./freertos/freertos_kernel/tasks.o
 .bss.xNumOfOverflows
                0x200029d0        0x4 ./freertos/freertos_kernel/tasks.o
 .bss.uxTaskNumber
                0x200029d4        0x4 ./freertos/freertos_kernel/tasks.o
 .bss.xNextTaskUnblockTime
                0x200029d8        0x4 ./freertos/freertos_kernel/tasks.o
 .bss.xIdleTaskHandle
                0x200029dc        0x4 ./freertos/freertos_kernel/tasks.o
 .bss.uxSchedulerSuspended
                0x200029e0        0x4 ./freertos/freertos_kernel/tasks.o
 .bss.xActiveTimerList1
                0x200029e4       0x14 ./freertos/freertos_kernel/timers.o
 .bss.xActiveTimerList2
                0x200029f8       0x14 ./freertos/freertos_kernel/timers.o
 .bss.pxCurrentTimerList
                0x20002a0c        0x4 ./freertos/freertos_kernel/timers.o
 .bss.pxOverflowTimerList
                0x20002a10        0x4 ./freertos/freertos_kernel/timers.o
 .bss.xTimerQueue
                0x20002a14        0x4 ./freertos/freertos_kernel/timers.o
 .bss.xTimerTaskHandle
                0x20002a18        0x4 ./freertos/freertos_kernel/timers.o
 .bss.xLastTime.0
                0x20002a1c        0x4 ./freertos/freertos_kernel/timers.o
 .bss.s_extPllFreq
                0x20002a20        0x4 ./drivers/fsl_clock.o
 .bss.g_xtal0Freq
                0x20002a24        0x4 ./drivers/fsl_clock.o
                0x20002a24                g_xtal0Freq
 .bss.g_xtal32Freq
                0x20002a28        0x4 ./drivers/fsl_clock.o
                0x20002a28                g_xtal32Freq
 .bss.s_i2cHandle
                0x20002a2c       0x10 ./drivers/fsl_i2c.o
 .bss.s_i2cMasterIsr
                0x20002a3c        0x4 ./drivers/fsl_i2c.o
 .bss.s_i2cSlaveIsr
                0x20002a40        0x4 ./drivers/fsl_i2c.o
 .bss.s_uartHandle
                0x20002a44       0x14 ./drivers/fsl_uart.o
                0x20002a44                s_uartHandle
 .bss.s_uartIsr
                0x20002a58        0x4 ./drivers/fsl_uart.o
                0x20002a58                s_uartIsr
 .bss.__malloc_free_list
                0x20002a5c        0x4 c:/nxp/mcuxpressoide_11.4.1_6260/ide/plugins/com.nxp.mcuxpresso.tools.win32_11.4.0.202103011116/tools/bin/../lib/gcc/arm-none-eabi/10.2.1/../../../../arm-none-eabi/lib/thumb/v7e-m+fp/hard\libc_nano.a(lib_a-nano-mallocr.o)
                0x20002a5c                __malloc_free_list
 .bss.__malloc_sbrk_start
                0x20002a60        0x4 c:/nxp/mcuxpressoide_11.4.1_6260/ide/plugins/com.nxp.mcuxpresso.tools.win32_11.4.0.202103011116/tools/bin/../lib/gcc/arm-none-eabi/10.2.1/../../../../arm-none-eabi/lib/thumb/v7e-m+fp/hard\libc_nano.a(lib_a-nano-mallocr.o)
                0x20002a60                __malloc_sbrk_start
 .bss.errno     0x20002a64        0x4 c:/nxp/mcuxpressoide_11.4.1_6260/ide/plugins/com.nxp.mcuxpresso.tools.win32_11.4.0.202103011116/tools/bin/../lib/gcc/arm-none-eabi/10.2.1/../../../../arm-none-eabi/lib/thumb/v7e-m+fp/hard\libc_nano.a(lib_a-reent.o)
                0x20002a64                errno
 .bss.__end_of_heap
                0x20002a68        0x4 c:/nxp/mcuxpressoide_11.4.1_6260/ide/plugins/com.nxp.mcuxpresso.tools.win32_11.4.0.202103011116/tools/bin/../lib/gcc/arm-none-eabi/10.2.1/../../../../arm-none-eabi/lib/thumb/v7e-m+fp/hard\libcr_newlib_semihost.a(_cr_sbrk.o)
                0x20002a68                __end_of_heap
 .bss.initialized.0
                0x20002a6c        0x4 c:/nxp/mcuxpressoide_11.4.1_6260/ide/plugins/com.nxp.mcuxpresso.tools.win32_11.4.0.202103011116/tools/bin/../lib/gcc/arm-none-eabi/10.2.1/../../../../arm-none-eabi/lib/thumb/v7e-m+fp/hard\libcr_newlib_semihost.a(syscalls.o)
 .bss.monitor_stderr
                0x20002a70        0x4 c:/nxp/mcuxpressoide_11.4.1_6260/ide/plugins/com.nxp.mcuxpresso.tools.win32_11.4.0.202103011116/tools/bin/../lib/gcc/arm-none-eabi/10.2.1/../../../../arm-none-eabi/lib/thumb/v7e-m+fp/hard\libcr_newlib_semihost.a(syscalls.o)
 .bss.monitor_stdin
                0x20002a74        0x4 c:/nxp/mcuxpressoide_11.4.1_6260/ide/plugins/com.nxp.mcuxpresso.tools.win32_11.4.0.202103011116/tools/bin/../lib/gcc/arm-none-eabi/10.2.1/../../../../arm-none-eabi/lib/thumb/v7e-m+fp/hard\libcr_newlib_semihost.a(syscalls.o)
 .bss.monitor_stdout
                0x20002a78        0x4 c:/nxp/mcuxpressoide_11.4.1_6260/ide/plugins/com.nxp.mcuxpresso.tools.win32_11.4.0.202103011116/tools/bin/../lib/gcc/arm-none-eabi/10.2.1/../../../../arm-none-eabi/lib/thumb/v7e-m+fp/hard\libcr_newlib_semihost.a(syscalls.o)
 .bss.openfiles
                0x20002a7c       0x28 c:/nxp/mcuxpressoide_11.4.1_6260/ide/plugins/com.nxp.mcuxpresso.tools.win32_11.4.0.202103011116/tools/bin/../lib/gcc/arm-none-eabi/10.2.1/../../../../arm-none-eabi/lib/thumb/v7e-m+fp/hard\libcr_newlib_semihost.a(syscalls.o)
 .bss           0x20002aa4       0x1c c:/nxp/mcuxpressoide_11.4.1_6260/ide/plugins/com.nxp.mcuxpresso.tools.win32_11.4.0.202103011116/tools/bin/../lib/gcc/arm-none-eabi/10.2.1/thumb/v7e-m+fp/hard\crtbegin.o
 .bss.ucMaxSysCallPriority
                0x20002ac0        0x1 ./freertos/freertos_kernel/portable/GCC/ARM_CM4F/port.o
 .bss.__lock___malloc_recursive_mutex
                0x20002ac1        0x1 c:/nxp/mcuxpressoide_11.4.1_6260/ide/plugins/com.nxp.mcuxpresso.tools.win32_11.4.0.202103011116/tools/bin/../lib/gcc/arm-none-eabi/10.2.1/../../../../arm-none-eabi/lib/thumb/v7e-m+fp/hard\libc_nano.a(lib_a-lock.o)
                0x20002ac1                __lock___malloc_recursive_mutex
 .bss.__lock___sfp_recursive_mutex
                0x20002ac2        0x1 c:/nxp/mcuxpressoide_11.4.1_6260/ide/plugins/com.nxp.mcuxpresso.tools.win32_11.4.0.202103011116/tools/bin/../lib/gcc/arm-none-eabi/10.2.1/../../../../arm-none-eabi/lib/thumb/v7e-m+fp/hard\libc_nano.a(lib_a-lock.o)
                0x20002ac2                __lock___sfp_recursive_mutex
 .bss.__lock___sinit_recursive_mutex
                0x20002ac3        0x1 c:/nxp/mcuxpressoide_11.4.1_6260/ide/plugins/com.nxp.mcuxpresso.tools.win32_11.4.0.202103011116/tools/bin/../lib/gcc/arm-none-eabi/10.2.1/../../../../arm-none-eabi/lib/thumb/v7e-m+fp/hard\libc_nano.a(lib_a-lock.o)
                0x20002ac3                __lock___sinit_recursive_mutex
 *(SORT_BY_ALIGNMENT(COMMON))
                0x20002ac8                . = ALIGN (0x8)
 *fill*         0x20002ac4        0x4 
                0x20002ac8                _ebss = .
                [!provide]                PROVIDE (__end_bss_RAM = .)