Archive member included to satisfy reference by file (symbol)

c:/nxp/mcuxpressoide_11.4.1_6260/ide/plugins/com.nxp.mcuxpresso.tools.win32_11.4.0.202103011116/tools/bin/../lib/gcc/arm-none-eabi/10.2.1/thumb/v7e-m+fp/hard\libgcc.a(_aeabi_uldivmod.o)
                              ./drivers/fsl_common.o (__aeabi_uldivmod)
c:/nxp/mcuxpressoide_11.4.1_6260/ide/plugins/com.nxp.mcuxpresso.tools.win32_11.4.0.202103011116/tools/bin/../lib/gcc/arm-none-eabi/10.2.1/thumb/v7e-m+fp/hard\libgcc.a(_udivmoddi4.o)
                              c:/nxp/mcuxpressoide_11.4.1_6260/ide/plugins/com.nxp.mcuxpresso.tools.win32_11.4.0.202103011116/tools/bin/../lib/gcc/arm-none-eabi/10.2.1/thumb/v7e-m+fp/hard\libgcc.a(_aeabi_uldivmod.o) (__udivmoddi4)
c:/nxp/mcuxpressoide_11.4.1_6260/ide/plugins/com.nxp.mcuxpresso.tools.win32_11.4.0.202103011116/tools/bin/../lib/gcc/arm-none-eabi/10.2.1/thumb/v7e-m+fp/hard\libgcc.a(_dvmd_tls.o)
                              c:/nxp/mcuxpressoide_11.4.1_6260/ide/plugins/com.nxp.mcuxpresso.tools.win32_11.4.0.202103011116/tools/bin/../lib/gcc/arm-none-eabi/10.2.1/thumb/v7e-m+fp/hard\libgcc.a(_aeabi_uldivmod.o) (__aeabi_ldiv0)
c:/nxp/mcuxpressoide_11.4.1_6260/ide/plugins/com.nxp.mcuxpresso.tools.win32_11.4.0.202103011116/tools/bin/../lib/gcc/arm-none-eabi/10.2.1/../../../../arm-none-eabi/lib/thumb/v7e-m+fp/hard\libc_nano.a(lib_a-assert.o)
                              ./utilities/fsl_debug_console.o (__assert_func)
c:/nxp/mcuxpressoide_11.4.1_6260/ide/plugins/com.nxp.mcuxpresso.tools.win32_11.4.0.202103011116/tools/bin/../lib/gcc/arm-none-eabi/10.2.1/../../../../arm-none-eabi/lib/thumb/v7e-m+fp/hard\libc_nano.a(lib_a-fprintf.o)
                              c:/nxp/mcuxpressoide_11.4.1_6260/ide/plugins/com.nxp.mcuxpresso.tools.win32_11.4.0.202103011116/tools/bin/../lib/gcc/arm-none-eabi/10.2.1/../../../../arm-none-eabi/lib/thumb/v7e-m+fp/hard\libc_nano.a(lib_a-assert.o) (fiprintf)
c:/nxp/mcuxpressoide_11.4.1_6260/ide/plugins/com.nxp.mcuxpresso.tools.win32_11.4.0.202103011116/tools/bin/../lib/gcc/arm-none-eabi/10.2.1/../../../../arm-none-eabi/lib/thumb/v7e-m+fp/hard\libc_nano.a(lib_a-impure.o)
                              c:/nxp/mcuxpressoide_11.4.1_6260/ide/plugins/com.nxp.mcuxpresso.tools.win32_11.4.0.202103011116/tools/bin/../lib/gcc/arm-none-eabi/10.2.1/../../../../arm-none-eabi/lib/thumb/v7e-m+fp/hard\libc_nano.a(lib_a-assert.o) (_impure_ptr)
c:/nxp/mcuxpressoide_11.4.1_6260/ide/plugins/com.nxp.mcuxpresso.tools.win32_11.4.0.202103011116/tools/bin/../lib/gcc/arm-none-eabi/10.2.1/../../../../arm-none-eabi/lib/thumb/v7e-m+fp/hard\libc_nano.a(lib_a-init.o)
                              ./startup/startup_mk66f18.o (__libc_init_array)
c:/nxp/mcuxpressoide_11.4.1_6260/ide/plugins/com.nxp.mcuxpresso.tools.win32_11.4.0.202103011116/tools/bin/../lib/gcc/arm-none-eabi/10.2.1/../../../../arm-none-eabi/lib/thumb/v7e-m+fp/hard\libc_nano.a(lib_a-malloc.o)
                              ./source/cpp_config.o (malloc)
c:/nxp/mcuxpressoide_11.4.1_6260/ide/plugins/com.nxp.mcuxpresso.tools.win32_11.4.0.202103011116/tools/bin/../lib/gcc/arm-none-eabi/10.2.1/../../../../arm-none-eabi/lib/thumb/v7e-m+fp/hard\libc_nano.a(lib_a-memcpy-stub.o)
                              ./amazon-freertos/freertos_kernel/queue.o (memcpy)
c:/nxp/mcuxpressoide_11.4.1_6260/ide/plugins/com.nxp.mcuxpresso.tools.win32_11.4.0.202103011116/tools/bin/../lib/gcc/arm-none-eabi/10.2.1/../../../../arm-none-eabi/lib/thumb/v7e-m+fp/hard\libc_nano.a(lib_a-memset.o)
                              ./drivers/fsl_i2c.o (memset)
c:/nxp/mcuxpressoide_11.4.1_6260/ide/plugins/com.nxp.mcuxpresso.tools.win32_11.4.0.202103011116/tools/bin/../lib/gcc/arm-none-eabi/10.2.1/../../../../arm-none-eabi/lib/thumb/v7e-m+fp/hard\libc_nano.a(lib_a-nano-freer.o)
                              c:/nxp/mcuxpressoide_11.4.1_6260/ide/plugins/com.nxp.mcuxpresso.tools.win32_11.4.0.202103011116/tools/bin/../lib/gcc/arm-none-eabi/10.2.1/../../../../arm-none-eabi/lib/thumb/v7e-m+fp/hard\libc_nano.a(lib_a-malloc.o) (_free_r)
c:/nxp/mcuxpressoide_11.4.1_6260/ide/plugins/com.nxp.mcuxpresso.tools.win32_11.4.0.202103011116/tools/bin/../lib/gcc/arm-none-eabi/10.2.1/../../../../arm-none-eabi/lib/thumb/v7e-m+fp/hard\libc_nano.a(lib_a-nano-mallocr.o)
                              c:/nxp/mcuxpressoide_11.4.1_6260/ide/plugins/com.nxp.mcuxpresso.tools.win32_11.4.0.202103011116/tools/bin/../lib/gcc/arm-none-eabi/10.2.1/../../../../arm-none-eabi/lib/thumb/v7e-m+fp/hard\libc_nano.a(lib_a-malloc.o) (_malloc_r)
c:/nxp/mcuxpressoide_11.4.1_6260/ide/plugins/com.nxp.mcuxpresso.tools.win32_11.4.0.202103011116/tools/bin/../lib/gcc/arm-none-eabi/10.2.1/../../../../arm-none-eabi/lib/thumb/v7e-m+fp/hard\libc_nano.a(lib_a-nano-vfprintf.o)
                              c:/nxp/mcuxpressoide_11.4.1_6260/ide/plugins/com.nxp.mcuxpresso.tools.win32_11.4.0.202103011116/tools/bin/../lib/gcc/arm-none-eabi/10.2.1/../../../../arm-none-eabi/lib/thumb/v7e-m+fp/hard\libc_nano.a(lib_a-fprintf.o) (_vfprintf_r)
[...]
Memory Configuration

Name             Origin             Length             Attributes
PROGRAM_FLASH    0x00000000         0x00200000         xr
SRAM_UPPER       0x20000000         0x00030000         xrw
SRAM_LOWER       0x1fff0000         0x00010000         xrw
FLEX_RAM         0x14000000         0x00001000         xrw
*default*        0x00000000         0xffffffff

Linker script and memory map

LOAD ./utilities/fsl_debug_console.o
LOAD ./utilities/fsl_str.o
LOAD ./startup/startup_mk66f18.o
LOAD ./source/MK66F18_Project.o
LOAD ./source/cpp_config.o
LOAD ./source/semihost_hardfault.o
LOAD ./drivers/fsl_clock.o
LOAD ./drivers/fsl_common.o
LOAD ./drivers/fsl_gpio.o
LOAD ./drivers/fsl_i2c.o
LOAD ./drivers/fsl_rtc.o
LOAD ./drivers/fsl_smc.o
LOAD ./drivers/fsl_uart.o
LOAD ./device/system_MK66F18.o
LOAD ./component/uart/uart_adapter.o
LOAD ./component/serial_manager/serial_manager.o
LOAD ./component/serial_manager/serial_port_uart.o
LOAD ./component/lists/generic_list.o
LOAD ./board/board.o
LOAD ./board/clock_config.o
LOAD ./board/peripherals.o
LOAD ./board/pin_mux.o
LOAD ./amazon-freertos/freertos_kernel/portable/MemMang/heap_4.o
LOAD ./amazon-freertos/freertos_kernel/portable/GCC/ARM_CM4F/port.o
LOAD ./amazon-freertos/freertos_kernel/event_groups.o
LOAD ./amazon-freertos/freertos_kernel/list.o
LOAD ./amazon-freertos/freertos_kernel/queue.o
LOAD ./amazon-freertos/freertos_kernel/stream_buffer.o
LOAD ./amazon-freertos/freertos_kernel/tasks.o
LOAD ./amazon-freertos/freertos_kernel/timers.o
START GROUP
LOAD c:/nxp/mcuxpressoide_11.4.1_6260/ide/plugins/com.nxp.mcuxpresso.tools.win32_11.4.0.202103011116/tools/bin/../lib/gcc/arm-none-eabi/10.2.1/thumb/v7e-m+fp/hard\libgcc.a
LOAD c:/nxp/mcuxpressoide_11.4.1_6260/ide/plugins/com.nxp.mcuxpresso.tools.win32_11.4.0.202103011116/tools/bin/../lib/gcc/arm-none-eabi/10.2.1/../../../../arm-none-eabi/lib/thumb/v7e-m+fp/hard\libc_nano.a
LOAD c:/nxp/mcuxpressoide_11.4.1_6260/ide/plugins/com.nxp.mcuxpresso.tools.win32_11.4.0.202103011116/tools/bin/../lib/gcc/arm-none-eabi/10.2.1/../../../../arm-none-eabi/lib/thumb/v7e-m+fp/hard\libstdc++_nano.a
LOAD c:/nxp/mcuxpressoide_11.4.1_6260/ide/plugins/com.nxp.mcuxpresso.tools.win32_11.4.0.202103011116/tools/bin/../lib/gcc/arm-none-eabi/10.2.1/../../../../arm-none-eabi/lib/thumb/v7e-m+fp/hard\libm.a
LOAD c:/nxp/mcuxpressoide_11.4.1_6260/ide/plugins/com.nxp.mcuxpresso.tools.win32_11.4.0.202103011116/tools/bin/../lib/gcc/arm-none-eabi/10.2.1/../../../../arm-none-eabi/lib/thumb/v7e-m+fp/hard\libcr_newlib_semihost.a
LOAD c:/nxp/mcuxpressoide_11.4.1_6260/ide/plugins/com.nxp.mcuxpresso.tools.win32_11.4.0.202103011116/tools/bin/../lib/gcc/arm-none-eabi/10.2.1/thumb/v7e-m+fp/hard\crti.o
LOAD c:/nxp/mcuxpressoide_11.4.1_6260/ide/plugins/com.nxp.mcuxpresso.tools.win32_11.4.0.202103011116/tools/bin/../lib/gcc/arm-none-eabi/10.2.1/thumb/v7e-m+fp/hard\crtn.o
LOAD c:/nxp/mcuxpressoide_11.4.1_6260/ide/plugins/com.nxp.mcuxpresso.tools.win32_11.4.0.202103011116/tools/bin/../lib/gcc/arm-none-eabi/10.2.1/thumb/v7e-m+fp/hard\crtbegin.o
LOAD c:/nxp/mcuxpressoide_11.4.1_6260/ide/plugins/com.nxp.mcuxpresso.tools.win32_11.4.0.202103011116/tools/bin/../lib/gcc/arm-none-eabi/10.2.1/thumb/v7e-m+fp/hard\crtend.o
END GROUP
                0x00000000                __base_PROGRAM_FLASH = 0x0
                0x00000000                __base_Flash = 0x0
                0x00200000                __top_PROGRAM_FLASH = 0x200000
                0x00200000                __top_Flash = 0x200000
                0x20000000                __base_SRAM_UPPER = 0x20000000
                0x20000000                __base_RAM = 0x20000000
                0x20030000                __top_SRAM_UPPER = 0x20030000
                0x20030000                __top_RAM = 0x20030000
                0x1fff0000                __base_SRAM_LOWER = 0x1fff0000
                0x1fff0000                __base_RAM2 = 0x1fff0000
                0x20000000                __top_SRAM_LOWER = 0x20000000
                0x20000000                __top_RAM2 = 0x20000000
                0x14000000                __base_FLEX_RAM = 0x14000000
                0x14000000                __base_RAM3 = 0x14000000
                0x14001000                __top_FLEX_RAM = 0x14001000
                0x14001000                __top_RAM3 = 0x14001000

.text           0x00000000     0x3800
 FILL mask 0xff
                0x00000000                __vectors_start__ = ABSOLUTE (.)
 *(SORT_BY_ALIGNMENT(.isr_vector))
 .isr_vector    0x00000000      0x1d0 ./startup/startup_mk66f18.o
                0x00000000                g_pfnVectors
                0x00000000                __Vectors
                0x000001d0                . = ALIGN (0x4)
                0x000001d0                __section_table_start = .
                0x000001d0                __data_section_table = .
                0x000001d0        0x4 LONG 0x3800 LOADADDR (.data)
                0x000001d4        0x4 LONG 0x20000000 ADDR (.data)
                0x000001d8        0x4 LONG 0x70 SIZEOF (.data)
                0x000001dc        0x4 LONG 0x3800 LOADADDR (.data_RAM2)
                0x000001e0        0x4 LONG 0x1fff0000 ADDR (.data_RAM2)
                0x000001e4        0x4 LONG 0x0 SIZEOF (.data_RAM2)
                0x000001e8        0x4 LONG 0x3800 LOADADDR (.data_RAM3)
                0x000001ec        0x4 LONG 0x14000000 ADDR (.data_RAM3)
                0x000001f0        0x4 LONG 0x0 SIZEOF (.data_RAM3)
                0x000001f4                __data_section_table_end = .
                0x000001f4                __bss_section_table = .
                0x000001f4        0x4 LONG 0x20000070 ADDR (.bss)
                0x000001f8        0x4 LONG 0x138 SIZEOF (.bss)
                0x000001fc        0x4 LONG 0x1fff0000 ADDR (.bss_RAM2)
                0x00000200        0x4 LONG 0x0 SIZEOF (.bss_RAM2)
                0x00000204        0x4 LONG 0x14000000 ADDR (.bss_RAM3)
                0x00000208        0x4 LONG 0x0 SIZEOF (.bss_RAM3)
                0x0000020c                __bss_section_table_end = .
                0x0000020c                __section_table_end = .
 *(SORT_BY_ALIGNMENT(.after_vectors*))
 .after_vectors.reset
                0x0000020c       0x50 ./startup/startup_mk66f18.o
                0x0000020c                ResetISR
 .after_vectors.init_data
                0x0000025c       0x1e ./startup/startup_mk66f18.o
                0x0000025c                data_init(unsigned int, unsigned int, unsigned int)
 .after_vectors.init_bss
                0x0000027a       0x12 ./startup/startup_mk66f18.o
                0x0000027a                bss_init(unsigned int, unsigned int)
 .after_vectors
                0x0000028c       0x14 ./startup/startup_mk66f18.o
                0x0000028c                NMI_Handler
                0x00000290                MemManage_Handler
                0x00000292                BusFault_Handler
                0x00000294                UsageFault_Handler
                0x00000298                DebugMon_Handler
                0x0000029e                DMA_Error_DriverIRQHandler
                0x0000029e                LPTMR0_DriverIRQHandler
                0x0000029e                FTM1_DriverIRQHandler
                0x0000029e                FTM2_DriverIRQHandler
                0x0000029e                PIT2_DriverIRQHandler
                0x0000029e                TPM2_DriverIRQHandler
                0x0000029e                SDHC_DriverIRQHandler
                0x0000029e                DMA7_DMA23_DriverIRQHandler
                0x0000029e                I2S0_Tx_DriverIRQHandler
                0x0000029e                TSI0_DriverIRQHandler
                0x0000029e                RTC_Seconds_DriverIRQHandler
                0x0000029e                CMP3_DriverIRQHandler
                0x0000029e                LLWU_DriverIRQHandler
                0x0000029e                MCM_DriverIRQHandler
                0x0000029e                DMA14_DMA30_DriverIRQHandler
                0x0000029e                MCG_DriverIRQHandler
                0x0000029e                ENET_1588_Timer_DriverIRQHandler
                0x0000029e                DAC1_DriverIRQHandler
                0x0000029e                SPI1_DriverIRQHandler
                0x0000029e                CMP1_DriverIRQHandler
                0x0000029e                USBHSDCD_DriverIRQHandler
                0x0000029e                DMA0_DMA16_DriverIRQHandler
                0x0000029e                FTM0_DriverIRQHandler
                0x0000029e                IntDefaultHandler
                0x0000029e                USB0_DriverIRQHandler
                0x0000029e                PORTC_DriverIRQHandler
                0x0000029e                DMA2_DMA18_DriverIRQHandler
                0x0000029e                DAC0_DriverIRQHandler
                0x0000029e                CMP2_DriverIRQHandler
                0x0000029e                UART2_ERR_DriverIRQHandler
                0x0000029e                SPI2_DriverIRQHandler
                0x0000029e                LVD_LVW_DriverIRQHandler
                0x0000029e                Reserved84_DriverIRQHandler
                0x0000029e                PIT0_DriverIRQHandler
                0x0000029e                PORTB_DriverIRQHandler
                0x0000029e                USBDCD_DriverIRQHandler
                0x0000029e                UART3_ERR_DriverIRQHandler
                0x0000029e                DMA12_DMA28_DriverIRQHandler
                0x0000029e                DMA10_DMA26_DriverIRQHandler
                0x0000029e                UART0_ERR_DriverIRQHandler
                0x0000029e                CMT_DriverIRQHandler
                0x0000029e                Reserved71_DriverIRQHandler
                0x0000029e                ADC1_DriverIRQHandler
                0x0000029e                PORTA_DriverIRQHandler
                0x0000029e                DMA1_DMA17_DriverIRQHandler
                0x0000029e                PIT3_DriverIRQHandler
                0x0000029e                PIT1_DriverIRQHandler
                0x0000029e                TPM1_DriverIRQHandler
                0x0000029e                WDOG_EWM_DriverIRQHandler
                0x0000029e                PDB0_DriverIRQHandler
                0x0000029e                DMA8_DMA24_DriverIRQHandler
                0x0000029e                DMA6_DMA22_DriverIRQHandler
                0x0000029e                RTC_DriverIRQHandler
                0x0000029e                I2S0_Rx_DriverIRQHandler
                0x0000029e                Read_Collision_DriverIRQHandler
                0x0000029e                SWI_DriverIRQHandler
                0x0000029e                UART4_ERR_DriverIRQHandler
                0x0000029e                DMA13_DMA29_DriverIRQHandler
                0x0000029e                DMA11_DMA27_DriverIRQHandler
                0x0000029e                DMA4_DMA20_DriverIRQHandler
                0x0000029e                DMA9_DMA25_DriverIRQHandler
                0x0000029e                ENET_Receive_DriverIRQHandler
                0x0000029e                DMA3_DMA19_DriverIRQHandler
                0x0000029e                ENET_Error_DriverIRQHandler
                0x0000029e                LPUART0_DriverIRQHandler
                0x0000029e                Reserved85_DriverIRQHandler
                0x0000029e                SPI0_DriverIRQHandler
                0x0000029e                ADC0_DriverIRQHandler
                0x0000029e                USBHS_DriverIRQHandler
                0x0000029e                CMP0_DriverIRQHandler
                0x0000029e                CAN0_DriverIRQHandler
                0x0000029e                FTM3_DriverIRQHandler
                0x0000029e                DMA5_DMA21_DriverIRQHandler
                0x0000029e                RNG_DriverIRQHandler
                0x0000029e                DMA15_DMA31_DriverIRQHandler
                0x0000029e                UART1_ERR_DriverIRQHandler
                0x0000029e                ENET_Transmit_DriverIRQHandler
                0x0000029e                PORTD_DriverIRQHandler
                0x0000029e                Reserved46_DriverIRQHandler
                0x0000029e                PORTE_DriverIRQHandler
                0x0000029e                FTFE_DriverIRQHandler
                0x0000029e                CAN1_DriverIRQHandler
                0x00000400                . = 0x400
 *fill*         0x000002a0      0x160 ff
                0x00000400                PROVIDE (__FLASH_CONFIG_START__ = .)
 *(SORT_BY_ALIGNMENT(.FlashConfig))
 .FlashConfig   0x00000400       0x10 ./startup/startup_mk66f18.o
                0x00000410                PROVIDE (__FLASH_CONFIG_END__ = .)
                0x00000001                ASSERT (! ((__FLASH_CONFIG_START__ == __FLASH_CONFIG_END__)), Linker Flash Config Support Enabled, but no .FlashConfig section provided within application)
 *(SORT_BY_ALIGNMENT(.text*))
 .text.SVC_Handler
                0x00000410       0x28 ./amazon-freertos/freertos_kernel/portable/GCC/ARM_CM4F/port.o
                0x00000410                SVC_Handler
 *fill*         0x00000438        0x8 ff
 .text.PendSV_Handler
                0x00000440       0x68 ./amazon-freertos/freertos_kernel/portable/GCC/ARM_CM4F/port.o
                0x00000440                PendSV_Handler
 *fill*         0x000004a8        0x8 ff
 .text          0x000004b0       0xa0 c:/nxp/mcuxpressoide_11.4.1_6260/ide/plugins/com.nxp.mcuxpresso.tools.win32_11.4.0.202103011116/tools/bin/../lib/gcc/arm-none-eabi/10.2.1/../../../../arm-none-eabi/lib/thumb/v7e-m+fp/hard\libc_nano.a(lib_a-memchr.o)
                0x000004b0                memchr
 .text.main     0x00000550       0x30 ./source/MK66F18_Project.o
                0x00000550                main
 .text.CLOCK_SetEr32kClock
                0x00000580       0x30 ./drivers/fsl_clock.o
 .text.CLOCK_SetPllFllSelClock
                0x000005b0       0x54 ./drivers/fsl_clock.o
 .text.CLOCK_GetMcgExtClkFreq
                0x00000604       0x90 ./drivers/fsl_clock.o
 .text.CLOCK_GetFllExtRefClkFreq
                0x00000694       0xb0 ./drivers/fsl_clock.o
 .text.CLOCK_GetInternalRefClkSelectFreq
                0x00000744       0x4c ./drivers/fsl_clock.o
 .text.CLOCK_GetFllRefClkFreq
                0x00000790       0x34 ./drivers/fsl_clock.o
 .text.CLOCK_GetOscRangeFromFreq
                0x000007c4       0x3c ./drivers/fsl_clock.o
 .text.CLOCK_GetCoreSysClkFreq
                0x00000800       0x28 ./drivers/fsl_clock.o
                0x00000800                CLOCK_GetCoreSysClkFreq
 .text.CLOCK_SetSimConfig
                0x00000828       0x40 ./drivers/fsl_clock.o
                0x00000828                CLOCK_SetSimConfig
 .text.CLOCK_EnableUsbfs0Clock
                0x00000868      0x12c ./drivers/fsl_clock.o
                0x00000868                CLOCK_EnableUsbfs0Clock
 .text.CLOCK_GetOutClkFreq
                0x00000994       0x90 ./drivers/fsl_clock.o
                0x00000994                CLOCK_GetOutClkFreq
 .text.CLOCK_GetFllFreq
                0x00000a24       0x84 ./drivers/fsl_clock.o
                0x00000a24                CLOCK_GetFllFreq
 .text.CLOCK_GetPll0Freq
                0x00000aa8       0x8c ./drivers/fsl_clock.o
                0x00000aa8                CLOCK_GetPll0Freq
 .text.CLOCK_GetExtPllFreq
                0x00000b34       0x18 ./drivers/fsl_clock.o
                0x00000b34                CLOCK_GetExtPllFreq
 .text.CLOCK_SetExtPllFreq
                0x00000b4c       0x20 ./drivers/fsl_clock.o
                0x00000b4c                CLOCK_SetExtPllFreq
 .text.CLOCK_SetExternalRefClkConfig
                0x00000b6c       0x6c ./drivers/fsl_clock.o
                0x00000b6c                CLOCK_SetExternalRefClkConfig
 .text.CLOCK_SetInternalRefClkConfig
                0x00000bd8      0x104 ./drivers/fsl_clock.o
                0x00000bd8                CLOCK_SetInternalRefClkConfig
 .text.CLOCK_EnablePll0
                0x00000cdc       0x98 ./drivers/fsl_clock.o
                0x00000cdc                CLOCK_EnablePll0
 .text.CLOCK_InitOsc0
                0x00000d74       0x8c ./drivers/fsl_clock.o
                0x00000d74                CLOCK_InitOsc0
 .text.CLOCK_SetPbeMode
                0x00000e00       0xf8 ./drivers/fsl_clock.o
                0x00000e00                CLOCK_SetPbeMode
 .text.CLOCK_BootToPeeMode
                0x00000ef8       0x78 ./drivers/fsl_clock.o
                0x00000ef8                CLOCK_BootToPeeMode
 .text.I2C_TransferCommonIRQHandler
                0x00000f70       0x58 ./drivers/fsl_i2c.o
 .text.I2C0_DriverIRQHandler
                0x00000fc8       0x1c ./drivers/fsl_i2c.o
                0x00000fc8                I2C0_DriverIRQHandler
 .text.I2C1_DriverIRQHandler
                0x00000fe4       0x1c ./drivers/fsl_i2c.o
                0x00000fe4                I2C1_DriverIRQHandler
 .text.I2C2_DriverIRQHandler
                0x00001000       0x1c ./drivers/fsl_i2c.o
                0x00001000                I2C2_DriverIRQHandler
 .text.I2C3_DriverIRQHandler
                0x0000101c       0x1c ./drivers/fsl_i2c.o
                0x0000101c                I2C3_DriverIRQHandler
 .text.UART0_DriverIRQHandler
                0x00001038       0x28 ./drivers/fsl_uart.o
                0x00001038                UART0_DriverIRQHandler
 .text.UART1_DriverIRQHandler
                0x00001060       0x28 ./drivers/fsl_uart.o
                0x00001060                UART1_DriverIRQHandler
 .text.UART2_DriverIRQHandler
                0x00001088       0x28 ./drivers/fsl_uart.o
                0x00001088                UART2_DriverIRQHandler
 .text.UART3_DriverIRQHandler
                0x000010b0       0x28 ./drivers/fsl_uart.o
                0x000010b0                UART3_DriverIRQHandler
 .text.UART4_DriverIRQHandler
                0x000010d8       0x28 ./drivers/fsl_uart.o
                0x000010d8                UART4_DriverIRQHandler
 .text.SystemInit
                0x00001100       0x3c ./device/system_MK66F18.o
                0x00001100                SystemInit
 .text.CLOCK_SetSdhc0Clock
                0x0000113c       0x38 ./board/clock_config.o
 .text.CLOCK_SetEnetTime0Clock
                0x00001174       0x38 ./board/clock_config.o
 .text.CLOCK_SetRmii0Clock
                0x000011ac       0x38 ./board/clock_config.o
 .text.CLOCK_SetLpuartClock
                0x000011e4       0x38 ./board/clock_config.o
 .text.CLOCK_SetTpmClock
                0x0000121c       0x38 ./board/clock_config.o
 .text.CLOCK_SetTraceClock
                0x00001254       0x54 ./board/clock_config.o
 .text.CLOCK_SetClkOutClock
                0x000012a8       0x34 ./board/clock_config.o
 .text.CLOCK_SetRtcClkOutClock
                0x000012dc       0x38 ./board/clock_config.o
 .text.CLOCK_SetSimSafeDivs
                0x00001314       0x24 ./board/clock_config.o
 .text.CLOCK_SetXtal0Freq
                0x00001338       0x20 ./board/clock_config.o
 .text.CLOCK_SetXtal32Freq
                0x00001358       0x20 ./board/clock_config.o
 .text.CLOCK_CONFIG_SetRtcClock
                0x00001378       0x84 ./board/clock_config.o
 .text.CLOCK_CONFIG_EnableUsbhs0PhyPllClock
                0x000013fc       0xf4 ./board/clock_config.o
 .text.CLOCK_CONFIG_EnableUsbhs0PfdClock
                0x000014f0       0xb4 ./board/clock_config.o
 .text.CLOCK_CONFIG_SetUsbSlowClock
                0x000015a4       0x38 ./board/clock_config.o
 .text.CLOCK_CONFIG_SetFllExtRefDiv
                0x000015dc       0x3c ./board/clock_config.o
 .text.BOARD_BootClockHSRUN
                0x00001618       0xe0 ./board/clock_config.o
                0x00001618                BOARD_BootClockHSRUN
 .text.PORT_SetPinConfig
                0x000016f8       0x44 ./board/pin_mux.o
 .text.BOARD_InitPins
                0x0000173c       0x30 ./board/pin_mux.o
                0x0000173c                BOARD_InitPins
 .text.BOARD_InitDEBUG_UARTPins
                0x0000176c       0x68 ./board/pin_mux.o
                0x0000176c                BOARD_InitDEBUG_UARTPins
 .text.SysTick_Handler
                0x000017d4       0x44 ./amazon-freertos/freertos_kernel/portable/GCC/ARM_CM4F/port.o
                0x000017d4                SysTick_Handler
 .text.xTaskIncrementTick
                0x00001818      0x150 ./amazon-freertos/freertos_kernel/tasks.o
                0x00001818                xTaskIncrementTick
 .text.vTaskSwitchContext
                0x00001968       0xb8 ./amazon-freertos/freertos_kernel/tasks.o
                0x00001968                vTaskSwitchContext
 .text.prvResetNextTaskUnblockTime
                0x00001a20       0x40 ./amazon-freertos/freertos_kernel/tasks.o
 .text.__assert_func
                0x00001a60       0x3c c:/nxp/mcuxpressoide_11.4.1_6260/ide/plugins/com.nxp.mcuxpresso.tools.win32_11.4.0.202103011116/tools/bin/../lib/gcc/arm-none-eabi/10.2.1/../../../../arm-none-eabi/lib/thumb/v7e-m+fp/hard\libc_nano.a(lib_a-assert.o)
                0x00001a60                __assert_func
 .text.fprintf  0x00001a9c       0x24 c:/nxp/mcuxpressoide_11.4.1_6260/ide/plugins/com.nxp.mcuxpresso.tools.win32_11.4.0.202103011116/tools/bin/../lib/gcc/arm-none-eabi/10.2.1/../../../../arm-none-eabi/lib/thumb/v7e-m+fp/hard\libc_nano.a(lib_a-fprintf.o)
                0x00001a9c                fiprintf
                0x00001a9c                fprintf
 .text.__libc_init_array
                0x00001ac0       0x48 c:/nxp/mcuxpressoide_11.4.1_6260/ide/plugins/com.nxp.mcuxpresso.tools.win32_11.4.0.202103011116/tools/bin/../lib/gcc/arm-none-eabi/10.2.1/../../../../arm-none-eabi/lib/thumb/v7e-m+fp/hard\libc_nano.a(lib_a-init.o)
                0x00001ac0                __libc_init_array
 .text._free_r  0x00001b08       0x98 c:/nxp/mcuxpressoide_11.4.1_6260/ide/plugins/com.nxp.mcuxpresso.tools.win32_11.4.0.202103011116/tools/bin/../lib/gcc/arm-none-eabi/10.2.1/../../../../arm-none-eabi/lib/thumb/v7e-m+fp/hard\libc_nano.a(lib_a-nano-freer.o)
                0x00001b08                _free_r
 .text._malloc_r
                0x00001ba0       0xb4 c:/nxp/mcuxpressoide_11.4.1_6260/ide/plugins/com.nxp.mcuxpresso.tools.win32_11.4.0.202103011116/tools/bin/../lib/gcc/arm-none-eabi/10.2.1/../../../../arm-none-eabi/lib/thumb/v7e-m+fp/hard\libc_nano.a(lib_a-nano-mallocr.o)
                0x00001ba0                _malloc_r
 .text._vfprintf_r
                0x00001c54      0x260 c:/nxp/mcuxpressoide_11.4.1_6260/ide/plugins/com.nxp.mcuxpresso.tools.win32_11.4.0.202103011116/tools/bin/../lib/gcc/arm-none-eabi/10.2.1/../../../../arm-none-eabi/lib/thumb/v7e-m+fp/hard\libc_nano.a(lib_a-nano-vfprintf.o)
                0x00001c54                _vfprintf_r
                0x00001c54                _vfiprintf_r
 .text._printf_i
                0x00001eb4      0x24c c:/nxp/mcuxpressoide_11.4.1_6260/ide/plugins/com.nxp.mcuxpresso.tools.win32_11.4.0.202103011116/tools/bin/../lib/gcc/arm-none-eabi/10.2.1/../../../../arm-none-eabi/lib/thumb/v7e-m+fp/hard\libc_nano.a(lib_a-nano-vfprintf_i.o)
                0x00001eb4                _printf_i
 .text.printf   0x00002100       0x30 c:/nxp/mcuxpressoide_11.4.1_6260/ide/plugins/com.nxp.mcuxpresso.tools.win32_11.4.0.202103011116/tools/bin/../lib/gcc/arm-none-eabi/10.2.1/../../../../arm-none-eabi/lib/thumb/v7e-m+fp/hard\libc_nano.a(lib_a-printf.o)
                0x00002100                iprintf
                0x00002100                printf
 .text._sbrk_r  0x00002130       0x20 c:/nxp/mcuxpressoide_11.4.1_6260/ide/plugins/com.nxp.mcuxpresso.tools.win32_11.4.0.202103011116/tools/bin/../lib/gcc/arm-none-eabi/10.2.1/../../../../arm-none-eabi/lib/thumb/v7e-m+fp/hard\libc_nano.a(lib_a-sbrkr.o)
                0x00002130                _sbrk_r
 .text.__swbuf_r
                0x00002150       0xa4 c:/nxp/mcuxpressoide_11.4.1_6260/ide/plugins/com.nxp.mcuxpresso.tools.win32_11.4.0.202103011116/tools/bin/../lib/gcc/arm-none-eabi/10.2.1/../../../../arm-none-eabi/lib/thumb/v7e-m+fp/hard\libc_nano.a(lib_a-wbuf.o)
                0x00002150                __swbuf_r
 .text.__swsetup_r
                0x000021f4       0xdc c:/nxp/mcuxpressoide_11.4.1_6260/ide/plugins/com.nxp.mcuxpresso.tools.win32_11.4.0.202103011116/tools/bin/../lib/gcc/arm-none-eabi/10.2.1/../../../../arm-none-eabi/lib/thumb/v7e-m+fp/hard\libc_nano.a(lib_a-wsetup.o)
                0x000021f4                __swsetup_r
 .text.__sflush_r
                0x000022d0      0x10c c:/nxp/mcuxpressoide_11.4.1_6260/ide/plugins/com.nxp.mcuxpresso.tools.win32_11.4.0.202103011116/tools/bin/../lib/gcc/arm-none-eabi/10.2.1/../../../../arm-none-eabi/lib/thumb/v7e-m+fp/hard\libc_nano.a(lib_a-fflush.o)
                0x000022d0                __sflush_r
 .text._fflush_r
                0x000023dc       0x78 c:/nxp/mcuxpressoide_11.4.1_6260/ide/plugins/com.nxp.mcuxpresso.tools.win32_11.4.0.202103011116/tools/bin/../lib/gcc/arm-none-eabi/10.2.1/../../../../arm-none-eabi/lib/thumb/v7e-m+fp/hard\libc_nano.a(lib_a-fflush.o)
                0x000023dc                _fflush_r
 .text.std      0x00002454       0x48 c:/nxp/mcuxpressoide_11.4.1_6260/ide/plugins/com.nxp.mcuxpresso.tools.win32_11.4.0.202103011116/tools/bin/../lib/gcc/arm-none-eabi/10.2.1/../../../../arm-none-eabi/lib/thumb/v7e-m+fp/hard\libc_nano.a(lib_a-findfp.o)
 .text._cleanup_r
                0x0000249c        0xc c:/nxp/mcuxpressoide_11.4.1_6260/ide/plugins/com.nxp.mcuxpresso.tools.win32_11.4.0.202103011116/tools/bin/../lib/gcc/arm-none-eabi/10.2.1/../../../../arm-none-eabi/lib/thumb/v7e-m+fp/hard\libc_nano.a(lib_a-findfp.o)
                0x0000249c                _cleanup_r
 .text.__sfp_lock_acquire
                0x000024a8        0xc c:/nxp/mcuxpressoide_11.4.1_6260/ide/plugins/com.nxp.mcuxpresso.tools.win32_11.4.0.202103011116/tools/bin/../lib/gcc/arm-none-eabi/10.2.1/../../../../arm-none-eabi/lib/thumb/v7e-m+fp/hard\libc_nano.a(lib_a-findfp.o)
                0x000024a8                __sfp_lock_acquire
 .text.__sfp_lock_release
                0x000024b4        0xc c:/nxp/mcuxpressoide_11.4.1_6260/ide/plugins/com.nxp.mcuxpresso.tools.win32_11.4.0.202103011116/tools/bin/../lib/gcc/arm-none-eabi/10.2.1/../../../../arm-none-eabi/lib/thumb/v7e-m+fp/hard\libc_nano.a(lib_a-findfp.o)
                0x000024b4                __sfp_lock_release
 .text.__sinit_lock_acquire
                0x000024c0        0xc c:/nxp/mcuxpressoide_11.4.1_6260/ide/plugins/com.nxp.mcuxpresso.tools.win32_11.4.0.202103011116/tools/bin/../lib/gcc/arm-none-eabi/10.2.1/../../../../arm-none-eabi/lib/thumb/v7e-m+fp/hard\libc_nano.a(lib_a-findfp.o)
                0x000024c0                __sinit_lock_acquire
 .text.__sinit_lock_release
                0x000024cc        0xc c:/nxp/mcuxpressoide_11.4.1_6260/ide/plugins/com.nxp.mcuxpresso.tools.win32_11.4.0.202103011116/tools/bin/../lib/gcc/arm-none-eabi/10.2.1/../../../../arm-none-eabi/lib/thumb/v7e-m+fp/hard\libc_nano.a(lib_a-findfp.o)
                0x000024cc                __sinit_lock_release
 .text.__sinit  0x000024d8       0x70 c:/nxp/mcuxpressoide_11.4.1_6260/ide/plugins/com.nxp.mcuxpresso.tools.win32_11.4.0.202103011116/tools/bin/../lib/gcc/arm-none-eabi/10.2.1/../../../../arm-none-eabi/lib/thumb/v7e-m+fp/hard\libc_nano.a(lib_a-findfp.o)
                0x000024d8                __sinit
 .text.__sfp    0x00002548       0x8c c:/nxp/mcuxpressoide_11.4.1_6260/ide/plugins/com.nxp.mcuxpresso.tools.win32_11.4.0.202103011116/tools/bin/../lib/gcc/arm-none-eabi/10.2.1/../../../../arm-none-eabi/lib/thumb/v7e-m+fp/hard\libc_nano.a(lib_a-findfp.o)
                0x00002548                __sfp
 .text.__smakebuf_r
                0x000025d4       0x80 c:/nxp/mcuxpressoide_11.4.1_6260/ide/plugins/com.nxp.mcuxpresso.tools.win32_11.4.0.202103011116/tools/bin/../lib/gcc/arm-none-eabi/10.2.1/../../../../arm-none-eabi/lib/thumb/v7e-m+fp/hard\libc_nano.a(lib_a-makebuf.o)
                0x000025d4                __smakebuf_r
 .text.__malloc_lock
                0x00002654        0xc c:/nxp/mcuxpressoide_11.4.1_6260/ide/plugins/com.nxp.mcuxpresso.tools.win32_11.4.0.202103011116/tools/bin/../lib/gcc/arm-none-eabi/10.2.1/../../../../arm-none-eabi/lib/thumb/v7e-m+fp/hard\libc_nano.a(lib_a-mlock.o)
                0x00002654                __malloc_lock
 .text.__malloc_unlock
                0x00002660        0xc c:/nxp/mcuxpressoide_11.4.1_6260/ide/plugins/com.nxp.mcuxpresso.tools.win32_11.4.0.202103011116/tools/bin/../lib/gcc/arm-none-eabi/10.2.1/../../../../arm-none-eabi/lib/thumb/v7e-m+fp/hard\libc_nano.a(lib_a-mlock.o)
                0x00002660                __malloc_unlock
 .text.raise    0x0000266c       0x10 c:/nxp/mcuxpressoide_11.4.1_6260/ide/plugins/com.nxp.mcuxpresso.tools.win32_11.4.0.202103011116/tools/bin/../lib/gcc/arm-none-eabi/10.2.1/../../../../arm-none-eabi/lib/thumb/v7e-m+fp/hard\libc_nano.a(lib_a-signal.o)
                0x0000266c                raise
 .text._kill_r  0x0000267c       0x24 c:/nxp/mcuxpressoide_11.4.1_6260/ide/plugins/com.nxp.mcuxpresso.tools.win32_11.4.0.202103011116/tools/bin/../lib/gcc/arm-none-eabi/10.2.1/../../../../arm-none-eabi/lib/thumb/v7e-m+fp/hard\libc_nano.a(lib_a-signalr.o)
                0x0000267c                _kill_r
 .text._write_r
                0x000026a0       0x24 c:/nxp/mcuxpressoide_11.4.1_6260/ide/plugins/com.nxp.mcuxpresso.tools.win32_11.4.0.202103011116/tools/bin/../lib/gcc/arm-none-eabi/10.2.1/../../../../arm-none-eabi/lib/thumb/v7e-m+fp/hard\libc_nano.a(lib_a-writer.o)
                0x000026a0                _write_r
 .text._close_r
                0x000026c4       0x20 c:/nxp/mcuxpressoide_11.4.1_6260/ide/plugins/com.nxp.mcuxpresso.tools.win32_11.4.0.202103011116/tools/bin/../lib/gcc/arm-none-eabi/10.2.1/../../../../arm-none-eabi/lib/thumb/v7e-m+fp/hard\libc_nano.a(lib_a-closer.o)
                0x000026c4                _close_r
 .text._fstat_r
                0x000026e4       0x24 c:/nxp/mcuxpressoide_11.4.1_6260/ide/plugins/com.nxp.mcuxpresso.tools.win32_11.4.0.202103011116/tools/bin/../lib/gcc/arm-none-eabi/10.2.1/../../../../arm-none-eabi/lib/thumb/v7e-m+fp/hard\libc_nano.a(lib_a-fstatr.o)
                0x000026e4                _fstat_r
 .text._isatty_r
                0x00002708       0x20 c:/nxp/mcuxpressoide_11.4.1_6260/ide/plugins/com.nxp.mcuxpresso.tools.win32_11.4.0.202103011116/tools/bin/../lib/gcc/arm-none-eabi/10.2.1/../../../../arm-none-eabi/lib/thumb/v7e-m+fp/hard\libc_nano.a(lib_a-isattyr.o)
                0x00002708                _isatty_r
 .text._lseek_r
                0x00002728       0x24 c:/nxp/mcuxpressoide_11.4.1_6260/ide/plugins/com.nxp.mcuxpresso.tools.win32_11.4.0.202103011116/tools/bin/../lib/gcc/arm-none-eabi/10.2.1/../../../../arm-none-eabi/lib/thumb/v7e-m+fp/hard\libc_nano.a(lib_a-lseekr.o)
                0x00002728                _lseek_r
 .text._read_r  0x0000274c       0x24 c:/nxp/mcuxpressoide_11.4.1_6260/ide/plugins/com.nxp.mcuxpresso.tools.win32_11.4.0.202103011116/tools/bin/../lib/gcc/arm-none-eabi/10.2.1/../../../../arm-none-eabi/lib/thumb/v7e-m+fp/hard\libc_nano.a(lib_a-readr.o)
                0x0000274c                _read_r
 .text._sbrk    0x00002770       0x3c c:/nxp/mcuxpressoide_11.4.1_6260/ide/plugins/com.nxp.mcuxpresso.tools.win32_11.4.0.202103011116/tools/bin/../lib/gcc/arm-none-eabi/10.2.1/../../../../arm-none-eabi/lib/thumb/v7e-m+fp/hard\libcr_newlib_semihost.a(_cr_sbrk.o)
                0x00002770                _sbrk
 .text._kill    0x000027ac       0x20 c:/nxp/mcuxpressoide_11.4.1_6260/ide/plugins/com.nxp.mcuxpresso.tools.win32_11.4.0.202103011116/tools/bin/../lib/gcc/arm-none-eabi/10.2.1/../../../../arm-none-eabi/lib/thumb/v7e-m+fp/hard\libcr_newlib_semihost.a(_kill.o)
                0x000027ac                _kill
 .text.initialise_monitor_handles.part.0
                0x000027cc       0xa4 c:/nxp/mcuxpressoide_11.4.1_6260/ide/plugins/com.nxp.mcuxpresso.tools.win32_11.4.0.202103011116/tools/bin/../lib/gcc/arm-none-eabi/10.2.1/../../../../arm-none-eabi/lib/thumb/v7e-m+fp/hard\libcr_newlib_semihost.a(syscalls.o)
 .text.findslot
                0x00002870       0x30 c:/nxp/mcuxpressoide_11.4.1_6260/ide/plugins/com.nxp.mcuxpresso.tools.win32_11.4.0.202103011116/tools/bin/../lib/gcc/arm-none-eabi/10.2.1/../../../../arm-none-eabi/lib/thumb/v7e-m+fp/hard\libcr_newlib_semihost.a(syscalls.o)
 .text._close   0x000028a0       0x4c c:/nxp/mcuxpressoide_11.4.1_6260/ide/plugins/com.nxp.mcuxpresso.tools.win32_11.4.0.202103011116/tools/bin/../lib/gcc/arm-none-eabi/10.2.1/../../../../arm-none-eabi/lib/thumb/v7e-m+fp/hard\libcr_newlib_semihost.a(syscalls.o)
                0x000028a0                _close
 .text.__check_heap_overflow
                0x000028ec       0x18 c:/nxp/mcuxpressoide_11.4.1_6260/ide/plugins/com.nxp.mcuxpresso.tools.win32_11.4.0.202103011116/tools/bin/../lib/gcc/arm-none-eabi/10.2.1/../../../../arm-none-eabi/lib/thumb/v7e-m+fp/hard\libcr_newlib_semihost.a(_cr_check_heap.o)
                0x000028ec                __check_heap_overflow
 .text          0x00002904       0x40 c:/nxp/mcuxpressoide_11.4.1_6260/ide/plugins/com.nxp.mcuxpresso.tools.win32_11.4.0.202103011116/tools/bin/../lib/gcc/arm-none-eabi/10.2.1/thumb/v7e-m+fp/hard\crtbegin.o
 .text.__errno  0x00002944        0xc c:/nxp/mcuxpressoide_11.4.1_6260/ide/plugins/com.nxp.mcuxpresso.tools.win32_11.4.0.202103011116/tools/bin/../lib/gcc/arm-none-eabi/10.2.1/../../../../arm-none-eabi/lib/thumb/v7e-m+fp/hard\libc_nano.a(lib_a-errno.o)
                0x00002944                __errno
 .text.DMA0_DMA16_IRQHandler
                0x00002950        0x8 ./startup/startup_mk66f18.o
                0x00002950                DMA0_DMA16_IRQHandler
 .text.DMA1_DMA17_IRQHandler
                0x00002958        0x8 ./startup/startup_mk66f18.o
                0x00002958                DMA1_DMA17_IRQHandler
 .text.DMA2_DMA18_IRQHandler
                0x00002960        0x8 ./startup/startup_mk66f18.o
                0x00002960                DMA2_DMA18_IRQHandler
 .text.DMA3_DMA19_IRQHandler
                0x00002968        0x8 ./startup/startup_mk66f18.o
                0x00002968                DMA3_DMA19_IRQHandler
 .text.DMA4_DMA20_IRQHandler
                0x00002970        0x8 ./startup/startup_mk66f18.o
                0x00002970                DMA4_DMA20_IRQHandler
 .text.DMA5_DMA21_IRQHandler
                0x00002978        0x8 ./startup/startup_mk66f18.o
                0x00002978                DMA5_DMA21_IRQHandler
 .text.DMA6_DMA22_IRQHandler
                0x00002980        0x8 ./startup/startup_mk66f18.o
                0x00002980                DMA6_DMA22_IRQHandler
 .text.DMA7_DMA23_IRQHandler
                0x00002988        0x8 ./startup/startup_mk66f18.o
                0x00002988                DMA7_DMA23_IRQHandler
 .text.DMA8_DMA24_IRQHandler
                0x00002990        0x8 ./startup/startup_mk66f18.o
                0x00002990                DMA8_DMA24_IRQHandler
 .text.DMA9_DMA25_IRQHandler
                0x00002998        0x8 ./startup/startup_mk66f18.o
                0x00002998                DMA9_DMA25_IRQHandler
 .text.DMA10_DMA26_IRQHandler
                0x000029a0        0x8 ./startup/startup_mk66f18.o
                0x000029a0                DMA10_DMA26_IRQHandler
 .text.DMA11_DMA27_IRQHandler
                0x000029a8        0x8 ./startup/startup_mk66f18.o
                0x000029a8                DMA11_DMA27_IRQHandler
 .text.DMA12_DMA28_IRQHandler
                0x000029b0        0x8 ./startup/startup_mk66f18.o
                0x000029b0                DMA12_DMA28_IRQHandler
 .text.DMA13_DMA29_IRQHandler
                0x000029b8        0x8 ./startup/startup_mk66f18.o
                0x000029b8                DMA13_DMA29_IRQHandler
 .text.DMA14_DMA30_IRQHandler
                0x000029c0        0x8 ./startup/startup_mk66f18.o
                0x000029c0                DMA14_DMA30_IRQHandler
 .text.DMA15_DMA31_IRQHandler
                0x000029c8        0x8 ./startup/startup_mk66f18.o
                0x000029c8                DMA15_DMA31_IRQHandler
 .text.DMA_Error_IRQHandler
                0x000029d0        0x8 ./startup/startup_mk66f18.o
                0x000029d0                DMA_Error_IRQHandler
 .text.MCM_IRQHandler
                0x000029d8        0x8 ./startup/startup_mk66f18.o
                0x000029d8                MCM_IRQHandler
 .text.FTFE_IRQHandler
                0x000029e0        0x8 ./startup/startup_mk66f18.o
                0x000029e0                FTFE_IRQHandler
 .text.Read_Collision_IRQHandler
                0x000029e8        0x8 ./startup/startup_mk66f18.o
                0x000029e8                Read_Collision_IRQHandler
 .text.LVD_LVW_IRQHandler
                0x000029f0        0x8 ./startup/startup_mk66f18.o
                0x000029f0                LVD_LVW_IRQHandler
 .text.LLWU_IRQHandler
                0x000029f8        0x8 ./startup/startup_mk66f18.o
                0x000029f8                LLWU_IRQHandler
 .text.WDOG_EWM_IRQHandler
                0x00002a00        0x8 ./startup/startup_mk66f18.o
                0x00002a00                WDOG_EWM_IRQHandler
 .text.RNG_IRQHandler
                0x00002a08        0x8 ./startup/startup_mk66f18.o
                0x00002a08                RNG_IRQHandler
 .text.I2C0_IRQHandler
                0x00002a10        0x8 ./startup/startup_mk66f18.o
                0x00002a10                I2C0_IRQHandler
 .text.I2C1_IRQHandler
                0x00002a18        0x8 ./startup/startup_mk66f18.o
                0x00002a18                I2C1_IRQHandler
 .text.SPI0_IRQHandler
                0x00002a20        0x8 ./startup/startup_mk66f18.o
                0x00002a20                SPI0_IRQHandler
 .text.SPI1_IRQHandler
                0x00002a28        0x8 ./startup/startup_mk66f18.o
                0x00002a28                SPI1_IRQHandler
 .text.I2S0_Tx_IRQHandler
                0x00002a30        0x8 ./startup/startup_mk66f18.o
                0x00002a30                I2S0_Tx_IRQHandler
 .text.I2S0_Rx_IRQHandler
                0x00002a38        0x8 ./startup/startup_mk66f18.o
                0x00002a38                I2S0_Rx_IRQHandler
 .text.Reserved46_IRQHandler
                0x00002a40        0x8 ./startup/startup_mk66f18.o
                0x00002a40                Reserved46_IRQHandler
 .text.UART0_RX_TX_IRQHandler
                0x00002a48        0x8 ./startup/startup_mk66f18.o
                0x00002a48                UART0_RX_TX_IRQHandler
 .text.UART0_ERR_IRQHandler
                0x00002a50        0x8 ./startup/startup_mk66f18.o
                0x00002a50                UART0_ERR_IRQHandler
 .text.UART1_RX_TX_IRQHandler
                0x00002a58        0x8 ./startup/startup_mk66f18.o
                0x00002a58                UART1_RX_TX_IRQHandler
 .text.UART1_ERR_IRQHandler
                0x00002a60        0x8 ./startup/startup_mk66f18.o
                0x00002a60                UART1_ERR_IRQHandler
 .text.UART2_RX_TX_IRQHandler
                0x00002a68        0x8 ./startup/startup_mk66f18.o
                0x00002a68                UART2_RX_TX_IRQHandler
 .text.UART2_ERR_IRQHandler
                0x00002a70        0x8 ./startup/startup_mk66f18.o
                0x00002a70                UART2_ERR_IRQHandler
 .text.UART3_RX_TX_IRQHandler
                0x00002a78        0x8 ./startup/startup_mk66f18.o
                0x00002a78                UART3_RX_TX_IRQHandler
 .text.UART3_ERR_IRQHandler
                0x00002a80        0x8 ./startup/startup_mk66f18.o
                0x00002a80                UART3_ERR_IRQHandler
 .text.ADC0_IRQHandler
                0x00002a88        0x8 ./startup/startup_mk66f18.o
                0x00002a88                ADC0_IRQHandler
 .text.CMP0_IRQHandler
                0x00002a90        0x8 ./startup/startup_mk66f18.o
                0x00002a90                CMP0_IRQHandler
 .text.CMP1_IRQHandler
                0x00002a98        0x8 ./startup/startup_mk66f18.o
                0x00002a98                CMP1_IRQHandler
 .text.FTM0_IRQHandler
                0x00002aa0        0x8 ./startup/startup_mk66f18.o
                0x00002aa0                FTM0_IRQHandler
 .text.FTM1_IRQHandler
                0x00002aa8        0x8 ./startup/startup_mk66f18.o
                0x00002aa8                FTM1_IRQHandler
 .text.FTM2_IRQHandler
                0x00002ab0        0x8 ./startup/startup_mk66f18.o
                0x00002ab0                FTM2_IRQHandler
 .text.CMT_IRQHandler
                0x00002ab8        0x8 ./startup/startup_mk66f18.o
                0x00002ab8                CMT_IRQHandler
 .text.RTC_IRQHandler
                0x00002ac0        0x8 ./startup/startup_mk66f18.o
                0x00002ac0                RTC_IRQHandler
 .text.RTC_Seconds_IRQHandler
                0x00002ac8        0x8 ./startup/startup_mk66f18.o
                0x00002ac8                RTC_Seconds_IRQHandler
 .text.PIT0_IRQHandler
                0x00002ad0        0x8 ./startup/startup_mk66f18.o
                0x00002ad0                PIT0_IRQHandler
 .text.PIT1_IRQHandler
                0x00002ad8        0x8 ./startup/startup_mk66f18.o
                0x00002ad8                PIT1_IRQHandler
 .text.PIT2_IRQHandler
                0x00002ae0        0x8 ./startup/startup_mk66f18.o
                0x00002ae0                PIT2_IRQHandler
 .text.PIT3_IRQHandler
                0x00002ae8        0x8 ./startup/startup_mk66f18.o
                0x00002ae8                PIT3_IRQHandler
 .text.PDB0_IRQHandler
                0x00002af0        0x8 ./startup/startup_mk66f18.o
                0x00002af0                PDB0_IRQHandler
 .text.USB0_IRQHandler
                0x00002af8        0x8 ./startup/startup_mk66f18.o
                0x00002af8                USB0_IRQHandler
 .text.USBDCD_IRQHandler
                0x00002b00        0x8 ./startup/startup_mk66f18.o
                0x00002b00                USBDCD_IRQHandler
 .text.Reserved71_IRQHandler
                0x00002b08        0x8 ./startup/startup_mk66f18.o
                0x00002b08                Reserved71_IRQHandler
 .text.DAC0_IRQHandler
                0x00002b10        0x8 ./startup/startup_mk66f18.o
                0x00002b10                DAC0_IRQHandler
 .text.MCG_IRQHandler
                0x00002b18        0x8 ./startup/startup_mk66f18.o
                0x00002b18                MCG_IRQHandler
 .text.LPTMR0_IRQHandler
                0x00002b20        0x8 ./startup/startup_mk66f18.o
                0x00002b20                LPTMR0_IRQHandler
 .text.PORTA_IRQHandler
                0x00002b28        0x8 ./startup/startup_mk66f18.o
                0x00002b28                PORTA_IRQHandler
 .text.PORTB_IRQHandler
                0x00002b30        0x8 ./startup/startup_mk66f18.o
                0x00002b30                PORTB_IRQHandler
 .text.PORTC_IRQHandler
                0x00002b38        0x8 ./startup/startup_mk66f18.o
                0x00002b38                PORTC_IRQHandler
 .text.PORTD_IRQHandler
                0x00002b40        0x8 ./startup/startup_mk66f18.o
                0x00002b40                PORTD_IRQHandler
 .text.PORTE_IRQHandler
                0x00002b48        0x8 ./startup/startup_mk66f18.o
                0x00002b48                PORTE_IRQHandler
 .text.SWI_IRQHandler
                0x00002b50        0x8 ./startup/startup_mk66f18.o
                0x00002b50                SWI_IRQHandler
 .text.SPI2_IRQHandler
                0x00002b58        0x8 ./startup/startup_mk66f18.o
                0x00002b58                SPI2_IRQHandler
 .text.UART4_RX_TX_IRQHandler
                0x00002b60        0x8 ./startup/startup_mk66f18.o
                0x00002b60                UART4_RX_TX_IRQHandler
 .text.UART4_ERR_IRQHandler
                0x00002b68        0x8 ./startup/startup_mk66f18.o
                0x00002b68                UART4_ERR_IRQHandler
 .text.Reserved84_IRQHandler
                0x00002b70        0x8 ./startup/startup_mk66f18.o
                0x00002b70                Reserved84_IRQHandler
 .text.Reserved85_IRQHandler
                0x00002b78        0x8 ./startup/startup_mk66f18.o
                0x00002b78                Reserved85_IRQHandler
 .text.CMP2_IRQHandler
                0x00002b80        0x8 ./startup/startup_mk66f18.o
                0x00002b80                CMP2_IRQHandler
 .text.FTM3_IRQHandler
                0x00002b88        0x8 ./startup/startup_mk66f18.o
                0x00002b88                FTM3_IRQHandler
 .text.DAC1_IRQHandler
                0x00002b90        0x8 ./startup/startup_mk66f18.o
                0x00002b90                DAC1_IRQHandler
 .text.ADC1_IRQHandler
                0x00002b98        0x8 ./startup/startup_mk66f18.o
                0x00002b98                ADC1_IRQHandler
 .text.I2C2_IRQHandler
                0x00002ba0        0x8 ./startup/startup_mk66f18.o
                0x00002ba0                I2C2_IRQHandler
 .text.CAN0_ORed_Message_buffer_IRQHandler
                0x00002ba8        0x8 ./startup/startup_mk66f18.o
                0x00002ba8                CAN0_ORed_Message_buffer_IRQHandler
 .text.CAN0_Bus_Off_IRQHandler
                0x00002bb0        0x8 ./startup/startup_mk66f18.o
                0x00002bb0                CAN0_Bus_Off_IRQHandler
 .text.CAN0_Error_IRQHandler
                0x00002bb8        0x8 ./startup/startup_mk66f18.o
                0x00002bb8                CAN0_Error_IRQHandler
 .text.CAN0_Tx_Warning_IRQHandler
                0x00002bc0        0x8 ./startup/startup_mk66f18.o
                0x00002bc0                CAN0_Tx_Warning_IRQHandler
 .text.CAN0_Rx_Warning_IRQHandler
                0x00002bc8        0x8 ./startup/startup_mk66f18.o
                0x00002bc8                CAN0_Rx_Warning_IRQHandler
 .text.CAN0_Wake_Up_IRQHandler
                0x00002bd0        0x8 ./startup/startup_mk66f18.o
                0x00002bd0                CAN0_Wake_Up_IRQHandler
 .text.SDHC_IRQHandler
                0x00002bd8        0x8 ./startup/startup_mk66f18.o
                0x00002bd8                SDHC_IRQHandler
 .text.ENET_1588_Timer_IRQHandler
                0x00002be0        0x8 ./startup/startup_mk66f18.o
                0x00002be0                ENET_1588_Timer_IRQHandler
 .text.ENET_Transmit_IRQHandler
                0x00002be8        0x8 ./startup/startup_mk66f18.o
                0x00002be8                ENET_Transmit_IRQHandler
 .text.ENET_Receive_IRQHandler
                0x00002bf0        0x8 ./startup/startup_mk66f18.o
                0x00002bf0                ENET_Receive_IRQHandler
 .text.ENET_Error_IRQHandler
                0x00002bf8        0x8 ./startup/startup_mk66f18.o
                0x00002bf8                ENET_Error_IRQHandler
 .text.LPUART0_IRQHandler
                0x00002c00        0x8 ./startup/startup_mk66f18.o
                0x00002c00                LPUART0_IRQHandler
 .text.TSI0_IRQHandler
                0x00002c08        0x8 ./startup/startup_mk66f18.o
                0x00002c08                TSI0_IRQHandler
 .text.TPM1_IRQHandler
                0x00002c10        0x8 ./startup/startup_mk66f18.o
                0x00002c10                TPM1_IRQHandler
 .text.TPM2_IRQHandler
                0x00002c18        0x8 ./startup/startup_mk66f18.o
                0x00002c18                TPM2_IRQHandler
 .text.USBHSDCD_IRQHandler
                0x00002c20        0x8 ./startup/startup_mk66f18.o
                0x00002c20                USBHSDCD_IRQHandler
 .text.I2C3_IRQHandler
                0x00002c28        0x8 ./startup/startup_mk66f18.o
                0x00002c28                I2C3_IRQHandler
 .text.CMP3_IRQHandler
                0x00002c30        0x8 ./startup/startup_mk66f18.o
                0x00002c30                CMP3_IRQHandler
 .text.USBHS_IRQHandler
                0x00002c38        0x8 ./startup/startup_mk66f18.o
                0x00002c38                USBHS_IRQHandler
 .text.CAN1_ORed_Message_buffer_IRQHandler
                0x00002c40        0x8 ./startup/startup_mk66f18.o
                0x00002c40                CAN1_ORed_Message_buffer_IRQHandler
 .text.CAN1_Bus_Off_IRQHandler
                0x00002c48        0x8 ./startup/startup_mk66f18.o
                0x00002c48                CAN1_Bus_Off_IRQHandler
 .text.CAN1_Error_IRQHandler
                0x00002c50        0x8 ./startup/startup_mk66f18.o
                0x00002c50                CAN1_Error_IRQHandler
 .text.CAN1_Tx_Warning_IRQHandler
                0x00002c58        0x8 ./startup/startup_mk66f18.o
                0x00002c58                CAN1_Tx_Warning_IRQHandler
 .text.CAN1_Rx_Warning_IRQHandler
                0x00002c60        0x8 ./startup/startup_mk66f18.o
                0x00002c60                CAN1_Rx_Warning_IRQHandler
 .text.CAN1_Wake_Up_IRQHandler
                0x00002c68        0x8 ./startup/startup_mk66f18.o
                0x00002c68                CAN1_Wake_Up_IRQHandler
 .text.HardFault_Handler
                0x00002c70       0x2c ./source/semihost_hardfault.o
                0x00002c70                HardFault_Handler
 .text.CLOCK_EnableClock
                0x00002c9c       0x34 ./drivers/fsl_clock.o
 .text.CLOCK_DisableClock
                0x00002cd0       0x38 ./drivers/fsl_clock.o
 .text.OSC_SetExtRefClkConfig
                0x00002d08       0x40 ./drivers/fsl_clock.o
 .text.OSC_SetCapLoad
                0x00002d48       0x34 ./drivers/fsl_clock.o
 .text.CLOCK_GetPll0RefFreq
                0x00002d7c        0xe ./drivers/fsl_clock.o
 .text.SMC_SetPowerModeHsrun
                0x00002d8a       0x36 ./drivers/fsl_smc.o
                0x00002d8a                SMC_SetPowerModeHsrun
 .text.UART0_RX_TX_DriverIRQHandler
                0x00002dc0       0x12 ./drivers/fsl_uart.o
                0x00002dc0                UART0_RX_TX_DriverIRQHandler
 .text.UART1_RX_TX_DriverIRQHandler
                0x00002dd2       0x12 ./drivers/fsl_uart.o
                0x00002dd2                UART1_RX_TX_DriverIRQHandler
 .text.UART2_RX_TX_DriverIRQHandler
                0x00002de4       0x12 ./drivers/fsl_uart.o
                0x00002de4                UART2_RX_TX_DriverIRQHandler
 .text.UART3_RX_TX_DriverIRQHandler
                0x00002df6       0x12 ./drivers/fsl_uart.o
                0x00002df6                UART3_RX_TX_DriverIRQHandler
 .text.UART4_RX_TX_DriverIRQHandler
                0x00002e08       0x12 ./drivers/fsl_uart.o
                0x00002e08                UART4_RX_TX_DriverIRQHandler
 .text.SystemInitHook
                0x00002e1a        0xe ./device/system_MK66F18.o
                0x00002e1a                SystemInitHook
 .text.DbgConsole_Init
                0x00002e28       0x20 ./board/board.o
 .text.BOARD_InitDebugConsole
                0x00002e48       0x22 ./board/board.o
                0x00002e48                BOARD_InitDebugConsole
 .text.CLOCK_EnableClock
                0x00002e6a       0x34 ./board/clock_config.o
 .text.CLOCK_DisableClock
                0x00002e9e       0x38 ./board/clock_config.o
 .text.SMC_SetPowerModeProtection
                0x00002ed6       0x1e ./board/clock_config.o
 .text.SMC_GetPowerModeState
                0x00002ef4       0x1a ./board/clock_config.o
 .text.RTC_SetOscCapLoad
                0x00002f0e       0x32 ./board/clock_config.o
 .text.BOARD_InitBootClocks
                0x00002f40        0xc ./board/clock_config.o
                0x00002f40                BOARD_InitBootClocks
 .text.BOARD_InitPeripherals
                0x00002f4c        0xe ./board/peripherals.o
                0x00002f4c                BOARD_InitPeripherals
 .text.BOARD_InitBootPeripherals
                0x00002f5a        0xc ./board/peripherals.o
                0x00002f5a                BOARD_InitBootPeripherals
 .text.CLOCK_EnableClock
                0x00002f66       0x34 ./board/pin_mux.o
 .text.PORT_SetPinMux
                0x00002f9a       0x3a ./board/pin_mux.o
 .text.BOARD_InitBootPins
                0x00002fd4       0x10 ./board/pin_mux.o
                0x00002fd4                BOARD_InitBootPins
 .text.vListInsertEnd
                0x00002fe4       0x48 ./amazon-freertos/freertos_kernel/list.o
                0x00002fe4                vListInsertEnd
 .text.uxListRemove
                0x0000302c       0x54 ./amazon-freertos/freertos_kernel/list.o
                0x0000302c                uxListRemove
 .text.memset   0x00003080       0x10 c:/nxp/mcuxpressoide_11.4.1_6260/ide/plugins/com.nxp.mcuxpresso.tools.win32_11.4.0.202103011116/tools/bin/../lib/gcc/arm-none-eabi/10.2.1/../../../../arm-none-eabi/lib/thumb/v7e-m+fp/hard\libc_nano.a(lib_a-memset.o)
                0x00003080                memset
 .text.__sfputc_r
                0x00003090       0x2e c:/nxp/mcuxpressoide_11.4.1_6260/ide/plugins/com.nxp.mcuxpresso.tools.win32_11.4.0.202103011116/tools/bin/../lib/gcc/arm-none-eabi/10.2.1/../../../../arm-none-eabi/lib/thumb/v7e-m+fp/hard\libc_nano.a(lib_a-nano-vfprintf.o)
 .text.__sfputs_r
                0x000030be       0x24 c:/nxp/mcuxpressoide_11.4.1_6260/ide/plugins/com.nxp.mcuxpresso.tools.win32_11.4.0.202103011116/tools/bin/../lib/gcc/arm-none-eabi/10.2.1/../../../../arm-none-eabi/lib/thumb/v7e-m+fp/hard\libc_nano.a(lib_a-nano-vfprintf.o)
                0x000030be                __sfputs_r
 .text._printf_common
                0x000030e2       0xda c:/nxp/mcuxpressoide_11.4.1_6260/ide/plugins/com.nxp.mcuxpresso.tools.win32_11.4.0.202103011116/tools/bin/../lib/gcc/arm-none-eabi/10.2.1/../../../../arm-none-eabi/lib/thumb/v7e-m+fp/hard\libc_nano.a(lib_a-nano-vfprintf_i.o)
                0x000030e2                _printf_common
 .text.abort    0x000031bc        0xe c:/nxp/mcuxpressoide_11.4.1_6260/ide/plugins/com.nxp.mcuxpresso.tools.win32_11.4.0.202103011116/tools/bin/../lib/gcc/arm-none-eabi/10.2.1/../../../../arm-none-eabi/lib/thumb/v7e-m+fp/hard\libc_nano.a(lib_a-abort.o)
                0x000031bc                abort
 .text.__sfmoreglue
                0x000031ca       0x2c c:/nxp/mcuxpressoide_11.4.1_6260/ide/plugins/com.nxp.mcuxpresso.tools.win32_11.4.0.202103011116/tools/bin/../lib/gcc/arm-none-eabi/10.2.1/../../../../arm-none-eabi/lib/thumb/v7e-m+fp/hard\libc_nano.a(lib_a-findfp.o)
                0x000031ca                __sfmoreglue
 .text._fwalk_reent
                0x000031f6       0x3e c:/nxp/mcuxpressoide_11.4.1_6260/ide/plugins/com.nxp.mcuxpresso.tools.win32_11.4.0.202103011116/tools/bin/../lib/gcc/arm-none-eabi/10.2.1/../../../../arm-none-eabi/lib/thumb/v7e-m+fp/hard\libc_nano.a(lib_a-fwalk.o)
                0x000031f6                _fwalk_reent
 .text.__retarget_lock_init_recursive
                0x00003234        0x2 c:/nxp/mcuxpressoide_11.4.1_6260/ide/plugins/com.nxp.mcuxpresso.tools.win32_11.4.0.202103011116/tools/bin/../lib/gcc/arm-none-eabi/10.2.1/../../../../arm-none-eabi/lib/thumb/v7e-m+fp/hard\libc_nano.a(lib_a-lock.o)
                0x00003234                __retarget_lock_init_recursive
 .text.__retarget_lock_acquire_recursive
                0x00003236        0x2 c:/nxp/mcuxpressoide_11.4.1_6260/ide/plugins/com.nxp.mcuxpresso.tools.win32_11.4.0.202103011116/tools/bin/../lib/gcc/arm-none-eabi/10.2.1/../../../../arm-none-eabi/lib/thumb/v7e-m+fp/hard\libc_nano.a(lib_a-lock.o)
                0x00003236                __retarget_lock_acquire_recursive
 .text.__retarget_lock_release_recursive
                0x00003238        0x2 c:/nxp/mcuxpressoide_11.4.1_6260/ide/plugins/com.nxp.mcuxpresso.tools.win32_11.4.0.202103011116/tools/bin/../lib/gcc/arm-none-eabi/10.2.1/../../../../arm-none-eabi/lib/thumb/v7e-m+fp/hard\libc_nano.a(lib_a-lock.o)
                0x00003238                __retarget_lock_release_recursive
 .text.__swhatbuf_r
                0x0000323a       0x4a c:/nxp/mcuxpressoide_11.4.1_6260/ide/plugins/com.nxp.mcuxpresso.tools.win32_11.4.0.202103011116/tools/bin/../lib/gcc/arm-none-eabi/10.2.1/../../../../arm-none-eabi/lib/thumb/v7e-m+fp/hard\libc_nano.a(lib_a-makebuf.o)
                0x0000323a                __swhatbuf_r
 .text._raise_r
                0x00003284       0x50 c:/nxp/mcuxpressoide_11.4.1_6260/ide/plugins/com.nxp.mcuxpresso.tools.win32_11.4.0.202103011116/tools/bin/../lib/gcc/arm-none-eabi/10.2.1/../../../../arm-none-eabi/lib/thumb/v7e-m+fp/hard\libc_nano.a(lib_a-signal.o)
                0x00003284                _raise_r
 .text._getpid_r
                0x000032d4        0x4 c:/nxp/mcuxpressoide_11.4.1_6260/ide/plugins/com.nxp.mcuxpresso.tools.win32_11.4.0.202103011116/tools/bin/../lib/gcc/arm-none-eabi/10.2.1/../../../../arm-none-eabi/lib/thumb/v7e-m+fp/hard\libc_nano.a(lib_a-signalr.o)
                0x000032d4                _getpid_r
 .text.__sread  0x000032d8       0x22 c:/nxp/mcuxpressoide_11.4.1_6260/ide/plugins/com.nxp.mcuxpresso.tools.win32_11.4.0.202103011116/tools/bin/../lib/gcc/arm-none-eabi/10.2.1/../../../../arm-none-eabi/lib/thumb/v7e-m+fp/hard\libc_nano.a(lib_a-stdio.o)
                0x000032d8                __sread
 .text.__swrite
                0x000032fa       0x38 c:/nxp/mcuxpressoide_11.4.1_6260/ide/plugins/com.nxp.mcuxpresso.tools.win32_11.4.0.202103011116/tools/bin/../lib/gcc/arm-none-eabi/10.2.1/../../../../arm-none-eabi/lib/thumb/v7e-m+fp/hard\libc_nano.a(lib_a-stdio.o)
                0x000032fa                __swrite
 .text.__sseek  0x00003332       0x24 c:/nxp/mcuxpressoide_11.4.1_6260/ide/plugins/com.nxp.mcuxpresso.tools.win32_11.4.0.202103011116/tools/bin/../lib/gcc/arm-none-eabi/10.2.1/../../../../arm-none-eabi/lib/thumb/v7e-m+fp/hard\libc_nano.a(lib_a-stdio.o)
                0x00003332                __sseek
 .text.__sclose
                0x00003356        0x8 c:/nxp/mcuxpressoide_11.4.1_6260/ide/plugins/com.nxp.mcuxpresso.tools.win32_11.4.0.202103011116/tools/bin/../lib/gcc/arm-none-eabi/10.2.1/../../../../arm-none-eabi/lib/thumb/v7e-m+fp/hard\libc_nano.a(lib_a-stdio.o)
                0x00003356                __sclose
 .text._exit    0x0000335e        0x8 c:/nxp/mcuxpressoide_11.4.1_6260/ide/plugins/com.nxp.mcuxpresso.tools.win32_11.4.0.202103011116/tools/bin/../lib/gcc/arm-none-eabi/10.2.1/../../../../arm-none-eabi/lib/thumb/v7e-m+fp/hard\libcr_newlib_semihost.a(_exit.o)
                0x0000335e                _exit
 .text.error    0x00003366       0x1c c:/nxp/mcuxpressoide_11.4.1_6260/ide/plugins/com.nxp.mcuxpresso.tools.win32_11.4.0.202103011116/tools/bin/../lib/gcc/arm-none-eabi/10.2.1/../../../../arm-none-eabi/lib/thumb/v7e-m+fp/hard\libcr_newlib_semihost.a(syscalls.o)
 .text.checkerror
                0x00003382        0xa c:/nxp/mcuxpressoide_11.4.1_6260/ide/plugins/com.nxp.mcuxpresso.tools.win32_11.4.0.202103011116/tools/bin/../lib/gcc/arm-none-eabi/10.2.1/../../../../arm-none-eabi/lib/thumb/v7e-m+fp/hard\libcr_newlib_semihost.a(syscalls.o)
 .text._swiread
                0x0000338c       0x20 c:/nxp/mcuxpressoide_11.4.1_6260/ide/plugins/com.nxp.mcuxpresso.tools.win32_11.4.0.202103011116/tools/bin/../lib/gcc/arm-none-eabi/10.2.1/../../../../arm-none-eabi/lib/thumb/v7e-m+fp/hard\libcr_newlib_semihost.a(syscalls.o)
                0x0000338c                _swiread
 .text._read    0x000033ac       0x36 c:/nxp/mcuxpressoide_11.4.1_6260/ide/plugins/com.nxp.mcuxpresso.tools.win32_11.4.0.202103011116/tools/bin/../lib/gcc/arm-none-eabi/10.2.1/../../../../arm-none-eabi/lib/thumb/v7e-m+fp/hard\libcr_newlib_semihost.a(syscalls.o)
                0x000033ac                _read
 .text._swilseek
                0x000033e2       0x78 c:/nxp/mcuxpressoide_11.4.1_6260/ide/plugins/com.nxp.mcuxpresso.tools.win32_11.4.0.202103011116/tools/bin/../lib/gcc/arm-none-eabi/10.2.1/../../../../arm-none-eabi/lib/thumb/v7e-m+fp/hard\libcr_newlib_semihost.a(syscalls.o)
                0x000033e2                _swilseek
 .text._lseek   0x0000345a        0x4 c:/nxp/mcuxpressoide_11.4.1_6260/ide/plugins/com.nxp.mcuxpresso.tools.win32_11.4.0.202103011116/tools/bin/../lib/gcc/arm-none-eabi/10.2.1/../../../../arm-none-eabi/lib/thumb/v7e-m+fp/hard\libcr_newlib_semihost.a(syscalls.o)
                0x0000345a                _lseek
 .text._swiwrite
                0x0000345e       0x20 c:/nxp/mcuxpressoide_11.4.1_6260/ide/plugins/com.nxp.mcuxpresso.tools.win32_11.4.0.202103011116/tools/bin/../lib/gcc/arm-none-eabi/10.2.1/../../../../arm-none-eabi/lib/thumb/v7e-m+fp/hard\libcr_newlib_semihost.a(syscalls.o)
                0x0000345e                _swiwrite
 .text._write   0x0000347e       0x44 c:/nxp/mcuxpressoide_11.4.1_6260/ide/plugins/com.nxp.mcuxpresso.tools.win32_11.4.0.202103011116/tools/bin/../lib/gcc/arm-none-eabi/10.2.1/../../../../arm-none-eabi/lib/thumb/v7e-m+fp/hard\libcr_newlib_semihost.a(syscalls.o)
                0x0000347e                _write
 .text._swiclose
                0x000034c2       0x1a c:/nxp/mcuxpressoide_11.4.1_6260/ide/plugins/com.nxp.mcuxpresso.tools.win32_11.4.0.202103011116/tools/bin/../lib/gcc/arm-none-eabi/10.2.1/../../../../arm-none-eabi/lib/thumb/v7e-m+fp/hard\libcr_newlib_semihost.a(syscalls.o)
                0x000034c2                _swiclose
 .text._getpid  0x000034dc        0x4 c:/nxp/mcuxpressoide_11.4.1_6260/ide/plugins/com.nxp.mcuxpresso.tools.win32_11.4.0.202103011116/tools/bin/../lib/gcc/arm-none-eabi/10.2.1/../../../../arm-none-eabi/lib/thumb/v7e-m+fp/hard\libcr_newlib_semihost.a(syscalls.o)
                0x000034dc                _getpid
 .text._swistat
                0x000034e0       0x42 c:/nxp/mcuxpressoide_11.4.1_6260/ide/plugins/com.nxp.mcuxpresso.tools.win32_11.4.0.202103011116/tools/bin/../lib/gcc/arm-none-eabi/10.2.1/../../../../arm-none-eabi/lib/thumb/v7e-m+fp/hard\libcr_newlib_semihost.a(syscalls.o)
                0x000034e0                _swistat
 .text._fstat   0x00003522       0x1c c:/nxp/mcuxpressoide_11.4.1_6260/ide/plugins/com.nxp.mcuxpresso.tools.win32_11.4.0.202103011116/tools/bin/../lib/gcc/arm-none-eabi/10.2.1/../../../../arm-none-eabi/lib/thumb/v7e-m+fp/hard\libcr_newlib_semihost.a(syscalls.o)
                0x00003522                _fstat
 .text._isatty  0x0000353e       0x2a c:/nxp/mcuxpressoide_11.4.1_6260/ide/plugins/com.nxp.mcuxpresso.tools.win32_11.4.0.202103011116/tools/bin/../lib/gcc/arm-none-eabi/10.2.1/../../../../arm-none-eabi/lib/thumb/v7e-m+fp/hard\libcr_newlib_semihost.a(syscalls.o)
                0x0000353e                _isatty
 *freertos*/tasks.o(SORT_BY_ALIGNMENT(.rodata*))
 .rodata.vTaskStartScheduler.str1.4
                0x00003568        0x5 ./amazon-freertos/freertos_kernel/tasks.o
 *(SORT_BY_ALIGNMENT(.rodata) SORT_BY_ALIGNMENT(.rodata.*) SORT_BY_ALIGNMENT(.constdata) SORT_BY_ALIGNMENT(.constdata.*))
 *fill*         0x0000356d        0x3 ff
 .rodata.main.str1.4
                0x00003570        0xd ./source/MK66F18_Project.o
 *fill*         0x0000357d        0x3 ff
 .rodata.CLOCK_GetMcgExtClkFreq.str1.4
                0x00003580       0x37 ./drivers/fsl_clock.o
 *fill*         0x000035b7        0x1 ff
 .rodata.CLOCK_EnableUsbfs0Clock.str1.4
                0x000035b8       0x1b ./drivers/fsl_clock.o
 *fill*         0x000035d3        0x1 ff
 .rodata.CLOCK_GetPll0Freq.str1.4
                0x000035d4        0xb ./drivers/fsl_clock.o
 *fill*         0x000035df        0x1 ff
 .rodata.CLOCK_EnablePll0.str1.4
                0x000035e0        0x7 ./drivers/fsl_clock.o
 *fill*         0x000035e7        0x1 ff
 .rodata.__func__.13
                0x000035e8       0x17 ./drivers/fsl_clock.o
 *fill*         0x000035ff        0x1 ff
 .rodata.__func__.9
                0x00003600       0x18 ./drivers/fsl_clock.o
 .rodata.fllFactorTable.6
                0x00003618       0x10 ./drivers/fsl_clock.o
 .rodata.__func__.5
                0x00003628       0x12 ./drivers/fsl_clock.o
 *fill*         0x0000363a        0x2 ff
 .rodata.__func__.4
                0x0000363c       0x11 ./drivers/fsl_clock.o
 *fill*         0x0000364d        0x3 ff
 .rodata.__func__.2
                0x00003650       0x11 ./drivers/fsl_clock.o
 *fill*         0x00003661        0x3 ff
 .rodata.__func__.1
                0x00003664       0x14 ./drivers/fsl_clock.o
 .rodata.mcgConfig_BOARD_BootClockHSRUN
                0x00003678        0xc ./board/clock_config.o
                0x00003678                mcgConfig_BOARD_BootClockHSRUN
 .rodata.simConfig_BOARD_BootClockHSRUN
                0x00003684        0x8 ./board/clock_config.o
                0x00003684                simConfig_BOARD_BootClockHSRUN
 .rodata.oscConfig_BOARD_BootClockHSRUN
                0x0000368c        0x8 ./board/clock_config.o
                0x0000368c                oscConfig_BOARD_BootClockHSRUN
 .rodata.PORT_SetPinConfig.str1.4
                0x00003694       0x5f ./board/pin_mux.o
                                 0x67 (size before relaxing)
 *fill*         0x000036f3        0x1 ff
 .rodata.__func__.0
                0x000036f4       0x12 ./board/pin_mux.o
 *fill*         0x00003706        0x2 ff
 .rodata._global_impure_ptr
                0x00003708        0x4 c:/nxp/mcuxpressoide_11.4.1_6260/ide/plugins/com.nxp.mcuxpresso.tools.win32_11.4.0.202103011116/tools/bin/../lib/gcc/arm-none-eabi/10.2.1/../../../../arm-none-eabi/lib/thumb/v7e-m+fp/hard\libc_nano.a(lib_a-impure.o)
                0x00003708                _global_impure_ptr
 .rodata.__sf_fake_stderr
                0x0000370c       0x20 c:/nxp/mcuxpressoide_11.4.1_6260/ide/plugins/com.nxp.mcuxpresso.tools.win32_11.4.0.202103011116/tools/bin/../lib/gcc/arm-none-eabi/10.2.1/../../../../arm-none-eabi/lib/thumb/v7e-m+fp/hard\libc_nano.a(lib_a-findfp.o)
                0x0000370c                __sf_fake_stderr
 .rodata.__sf_fake_stdin
                0x0000372c       0x20 c:/nxp/mcuxpressoide_11.4.1_6260/ide/plugins/com.nxp.mcuxpresso.tools.win32_11.4.0.202103011116/tools/bin/../lib/gcc/arm-none-eabi/10.2.1/../../../../arm-none-eabi/lib/thumb/v7e-m+fp/hard\libc_nano.a(lib_a-findfp.o)
                0x0000372c                __sf_fake_stdin
 .rodata.__sf_fake_stdout
                0x0000374c       0x20 c:/nxp/mcuxpressoide_11.4.1_6260/ide/plugins/com.nxp.mcuxpresso.tools.win32_11.4.0.202103011116/tools/bin/../lib/gcc/arm-none-eabi/10.2.1/../../../../arm-none-eabi/lib/thumb/v7e-m+fp/hard\libc_nano.a(lib_a-findfp.o)
                0x0000374c                __sf_fake_stdout
 .rodata.__assert_func.str1.1
                0x0000376c       0x3c c:/nxp/mcuxpressoide_11.4.1_6260/ide/plugins/com.nxp.mcuxpresso.tools.win32_11.4.0.202103011116/tools/bin/../lib/gcc/arm-none-eabi/10.2.1/../../../../arm-none-eabi/lib/thumb/v7e-m+fp/hard\libc_nano.a(lib_a-assert.o)
                                 0x3d (size before relaxing)
 .rodata._vfprintf_r.str1.1
                0x000037a8       0x11 c:/nxp/mcuxpressoide_11.4.1_6260/ide/plugins/com.nxp.mcuxpresso.tools.win32_11.4.0.202103011116/tools/bin/../lib/gcc/arm-none-eabi/10.2.1/../../../../arm-none-eabi/lib/thumb/v7e-m+fp/hard\libc_nano.a(lib_a-nano-vfprintf.o)
 .rodata._printf_i.str1.1
                0x000037b9       0x22 c:/nxp/mcuxpressoide_11.4.1_6260/ide/plugins/com.nxp.mcuxpresso.tools.win32_11.4.0.202103011116/tools/bin/../lib/gcc/arm-none-eabi/10.2.1/../../../../arm-none-eabi/lib/thumb/v7e-m+fp/hard\libc_nano.a(lib_a-nano-vfprintf_i.o)
 .rodata.initialise_monitor_handles.part.0.str1.1
                0x000037db        0x4 c:/nxp/mcuxpressoide_11.4.1_6260/ide/plugins/com.nxp.mcuxpresso.tools.win32_11.4.0.202103011116/tools/bin/../lib/gcc/arm-none-eabi/10.2.1/../../../../arm-none-eabi/lib/thumb/v7e-m+fp/hard\libcr_newlib_semihost.a(syscalls.o)
                0x000037e0                . = ALIGN (0x8)
 *fill*         0x000037df        0x1 ff
                0x000037e0                . = ALIGN (0x8)
 *(.init)
 .init          0x000037e0        0x4 c:/nxp/mcuxpressoide_11.4.1_6260/ide/plugins/com.nxp.mcuxpresso.tools.win32_11.4.0.202103011116/tools/bin/../lib/gcc/arm-none-eabi/10.2.1/thumb/v7e-m+fp/hard\crti.o
                0x000037e0                _init
 .init          0x000037e4        0x8 c:/nxp/mcuxpressoide_11.4.1_6260/ide/plugins/com.nxp.mcuxpresso.tools.win32_11.4.0.202103011116/tools/bin/../lib/gcc/arm-none-eabi/10.2.1/thumb/v7e-m+fp/hard\crtn.o
                0x000037f0                . = ALIGN (0x8)
 *fill*         0x000037ec        0x4 ff
                0x000037f0                __preinit_array_start = .
 *(SORT_BY_ALIGNMENT(.preinit_array))
                0x000037f0                __preinit_array_end = .
                0x000037f0                . = ALIGN (0x8)
                0x000037f0                __init_array_start = .
 *(SORT_BY_NAME(SORT_BY_ALIGNMENT(.init_array.*)))
 *(SORT_BY_ALIGNMENT(.init_array))
 .init_array    0x000037f0        0x4 c:/nxp/mcuxpressoide_11.4.1_6260/ide/plugins/com.nxp.mcuxpresso.tools.win32_11.4.0.202103011116/tools/bin/../lib/gcc/arm-none-eabi/10.2.1/thumb/v7e-m+fp/hard\crtbegin.o
                0x000037f4                __init_array_end = .
 *(.fini)
 .fini          0x000037f4        0x4 c:/nxp/mcuxpressoide_11.4.1_6260/ide/plugins/com.nxp.mcuxpresso.tools.win32_11.4.0.202103011116/tools/bin/../lib/gcc/arm-none-eabi/10.2.1/thumb/v7e-m+fp/hard\crti.o
                0x000037f4                _fini
 .fini          0x000037f8        0x8 c:/nxp/mcuxpressoide_11.4.1_6260/ide/plugins/com.nxp.mcuxpresso.tools.win32_11.4.0.202103011116/tools/bin/../lib/gcc/arm-none-eabi/10.2.1/thumb/v7e-m+fp/hard\crtn.o
                0x00003800                . = ALIGN (0x8)
 *crtbegin.o(SORT_BY_ALIGNMENT(.ctors))
 *(SORT_BY_ALIGNMENT(EXCLUDE_FILE(*crtend.o) .ctors))
 *(SORT_BY_NAME(SORT_BY_ALIGNMENT(.ctors.*)))
 *crtend.o(SORT_BY_ALIGNMENT(.ctors))
                0x00003800                . = ALIGN (0x8)
 *crtbegin.o(SORT_BY_ALIGNMENT(.dtors))
 *(SORT_BY_ALIGNMENT(EXCLUDE_FILE(*crtend.o) .dtors))
 *(SORT_BY_NAME(SORT_BY_ALIGNMENT(.dtors.*)))
 *crtend.o(SORT_BY_ALIGNMENT(.dtors))
                0x00003800                . = ALIGN (0x8)

.glue_7         0x00003800        0x0
 .glue_7        0x00003800        0x0 linker stubs

.glue_7t        0x00003800        0x0
 .glue_7t       0x00003800        0x0 linker stubs

.vfp11_veneer   0x00003800        0x0
 .vfp11_veneer  0x00003800        0x0 linker stubs

.v4_bx          0x00003800        0x0
 .v4_bx         0x00003800        0x0 linker stubs

.iplt           0x00003800        0x0
 .iplt          0x00003800        0x0 ./startup/startup_mk66f18.o

.rel.dyn        0x00003800        0x0
 .rel.iplt      0x00003800        0x0 ./startup/startup_mk66f18.o

.eh_frame       0x00003800        0x0
 .eh_frame      0x00003800        0x0 c:/nxp/mcuxpressoide_11.4.1_6260/ide/plugins/com.nxp.mcuxpresso.tools.win32_11.4.0.202103011116/tools/bin/../lib/gcc/arm-none-eabi/10.2.1/thumb/v7e-m+fp/hard\crtbegin.o

.ARM.extab
 *(SORT_BY_ALIGNMENT(.ARM.extab*) SORT_BY_ALIGNMENT(.gnu.linkonce.armextab.*))

.ARM.exidx      0x00003800        0x0
                0x00003800                __exidx_start = .
 *(SORT_BY_ALIGNMENT(.ARM.exidx*) SORT_BY_ALIGNMENT(.gnu.linkonce.armexidx.*))
                0x00003800                __exidx_end = .
                0x00003800                _etext = .

.m_usb_data
 *(SORT_BY_ALIGNMENT(m_usb_bdt))

.data_RAM2      0x1fff0000        0x0 load address 0x00003800
 FILL mask 0xff
                [!provide]                PROVIDE (__start_data_RAM2 = .)
                [!provide]                PROVIDE (__start_data_SRAM_LOWER = .)
 *(SORT_BY_ALIGNMENT(.ramfunc.$RAM2))
 *(SORT_BY_ALIGNMENT(.ramfunc.$SRAM_LOWER))
 *(SORT_BY_ALIGNMENT(.data.$RAM2))
 *(SORT_BY_ALIGNMENT(.data.$SRAM_LOWER))
 *(SORT_BY_ALIGNMENT(.data.$RAM2.*))
 *(SORT_BY_ALIGNMENT(.data.$SRAM_LOWER.*))
                0x1fff0000                . = ALIGN (0x8)
                [!provide]                PROVIDE (__end_data_RAM2 = .)
                [!provide]                PROVIDE (__end_data_SRAM_LOWER = .)

.data_RAM3      0x14000000        0x0 load address 0x00003800
 FILL mask 0xff
                [!provide]                PROVIDE (__start_data_RAM3 = .)
                [!provide]                PROVIDE (__start_data_FLEX_RAM = .)
 *(SORT_BY_ALIGNMENT(.ramfunc.$RAM3))
 *(SORT_BY_ALIGNMENT(.ramfunc.$FLEX_RAM))
 *(SORT_BY_ALIGNMENT(.data.$RAM3))
 *(SORT_BY_ALIGNMENT(.data.$FLEX_RAM))
 *(SORT_BY_ALIGNMENT(.data.$RAM3.*))
 *(SORT_BY_ALIGNMENT(.data.$FLEX_RAM.*))
                0x14000000                . = ALIGN (0x8)
                [!provide]                PROVIDE (__end_data_RAM3 = .)
                [!provide]                PROVIDE (__end_data_FLEX_RAM = .)

.uninit_RESERVED
                0x20000000        0x0
                0x20000000                _start_uninit_RESERVED = .
 *(SORT_BY_ALIGNMENT(.bss.$RESERVED*))
                0x20000000                . = ALIGN (0x8)
                0x20000000                _end_uninit_RESERVED = .

.data           0x20000000       0x70 load address 0x00003800
 FILL mask 0xff
                0x20000000                _data = .
                [!provide]                PROVIDE (__start_data_RAM = .)
                [!provide]                PROVIDE (__start_data_SRAM_UPPER = .)
 *(SORT_BY_ALIGNMENT(vtable))
 *(SORT_BY_ALIGNMENT(.ramfunc*))
 *(SORT_BY_ALIGNMENT(CodeQuickAccess))
 *(SORT_BY_ALIGNMENT(DataQuickAccess))
 *(SORT_BY_ALIGNMENT(RamFunction))
 *(SORT_BY_ALIGNMENT(.data*))
 .data.s_slowIrcFreq
                0x20000000        0x4 ./drivers/fsl_clock.o
 .data.s_fastIrcFreq
                0x20000004        0x4 ./drivers/fsl_clock.o
 .data.SystemCoreClock
                0x20000008        0x4 ./device/system_MK66F18.o
                0x20000008                SystemCoreClock
 .data._impure_ptr
                0x2000000c        0x4 c:/nxp/mcuxpressoide_11.4.1_6260/ide/plugins/com.nxp.mcuxpresso.tools.win32_11.4.0.202103011116/tools/bin/../lib/gcc/arm-none-eabi/10.2.1/../../../../arm-none-eabi/lib/thumb/v7e-m+fp/hard\libc_nano.a(lib_a-impure.o)
                0x2000000c                _impure_ptr
 .data.impure_data
                0x20000010       0x60 c:/nxp/mcuxpressoide_11.4.1_6260/ide/plugins/com.nxp.mcuxpresso.tools.win32_11.4.0.202103011116/tools/bin/../lib/gcc/arm-none-eabi/10.2.1/../../../../arm-none-eabi/lib/thumb/v7e-m+fp/hard\libc_nano.a(lib_a-impure.o)
                0x20000070                . = ALIGN (0x8)
                0x20000070                _edata = .
                [!provide]                PROVIDE (__end_data_RAM = .)
                [!provide]                PROVIDE (__end_data_SRAM_UPPER = .)

.igot.plt       0x20000070        0x0 load address 0x00003870
 .igot.plt      0x20000070        0x0 ./startup/startup_mk66f18.o

.bss_RAM2       0x1fff0000        0x0
                [!provide]                PROVIDE (__start_bss_RAM2 = .)
                [!provide]                PROVIDE (__start_bss_SRAM_LOWER = .)
 *(SORT_BY_ALIGNMENT(.bss.$RAM2))
 *(SORT_BY_ALIGNMENT(.bss.$SRAM_LOWER))
 *(SORT_BY_ALIGNMENT(.bss.$RAM2.*))
 *(SORT_BY_ALIGNMENT(.bss.$SRAM_LOWER.*))
                0x1fff0000                . = ALIGN ((. != 0x0)?0x8:0x1)
                [!provide]                PROVIDE (__end_bss_RAM2 = .)
                [!provide]                PROVIDE (__end_bss_SRAM_LOWER = .)

.bss_RAM3       0x14000000        0x0
                [!provide]                PROVIDE (__start_bss_RAM3 = .)
                [!provide]                PROVIDE (__start_bss_FLEX_RAM = .)
 *(SORT_BY_ALIGNMENT(.bss.$RAM3))
 *(SORT_BY_ALIGNMENT(.bss.$FLEX_RAM))
 *(SORT_BY_ALIGNMENT(.bss.$RAM3.*))
 *(SORT_BY_ALIGNMENT(.bss.$FLEX_RAM.*))
                0x14000000                . = ALIGN ((. != 0x0)?0x8:0x1)
                [!provide]                PROVIDE (__end_bss_RAM3 = .)
                [!provide]                PROVIDE (__end_bss_FLEX_RAM = .)

.bss            0x20000070      0x138
                0x20000070                _bss = .
                [!provide]                PROVIDE (__start_bss_RAM = .)
                [!provide]                PROVIDE (__start_bss_SRAM_UPPER = .)
 *(SORT_BY_ALIGNMENT(.bss*))
 .bss._ZZ4mainE1i
                0x20000070        0x4 ./source/MK66F18_Project.o
 .bss.s_extPllFreq
                0x20000074        0x4 ./drivers/fsl_clock.o
 .bss.g_xtal0Freq
                0x20000078        0x4 ./drivers/fsl_clock.o
                0x20000078                g_xtal0Freq
 .bss.g_xtal32Freq
                0x2000007c        0x4 ./drivers/fsl_clock.o
                0x2000007c                g_xtal32Freq
 .bss.s_i2cHandle
                0x20000080       0x10 ./drivers/fsl_i2c.o
 .bss.s_i2cMasterIsr
                0x20000090        0x4 ./drivers/fsl_i2c.o
 .bss.s_i2cSlaveIsr
                0x20000094        0x4 ./drivers/fsl_i2c.o
 .bss.s_uartHandle
                0x20000098       0x14 ./drivers/fsl_uart.o
 .bss.s_uartIsr
                0x200000ac        0x4 ./drivers/fsl_uart.o
 .bss.pxCurrentTCB
                0x200000b0        0x4 ./amazon-freertos/freertos_kernel/tasks.o
                0x200000b0                pxCurrentTCB
 .bss.pxReadyTasksLists
                0x200000b4       0x64 ./amazon-freertos/freertos_kernel/tasks.o
 .bss.pxDelayedTaskList
                0x20000118        0x4 ./amazon-freertos/freertos_kernel/tasks.o
 .bss.pxOverflowDelayedTaskList
                0x2000011c        0x4 ./amazon-freertos/freertos_kernel/tasks.o
 .bss.xTickCount
                0x20000120        0x4 ./amazon-freertos/freertos_kernel/tasks.o
 .bss.uxTopReadyPriority
                0x20000124        0x4 ./amazon-freertos/freertos_kernel/tasks.o
 .bss.uxPendedTicks
                0x20000128        0x4 ./amazon-freertos/freertos_kernel/tasks.o
 .bss.xYieldPending
                0x2000012c        0x4 ./amazon-freertos/freertos_kernel/tasks.o
 .bss.xNumOfOverflows
                0x20000130        0x4 ./amazon-freertos/freertos_kernel/tasks.o
 .bss.xNextTaskUnblockTime
                0x20000134        0x4 ./amazon-freertos/freertos_kernel/tasks.o
 .bss.uxSchedulerSuspended
                0x20000138        0x4 ./amazon-freertos/freertos_kernel/tasks.o
 .bss.__malloc_free_list
                0x2000013c        0x4 c:/nxp/mcuxpressoide_11.4.1_6260/ide/plugins/com.nxp.mcuxpresso.tools.win32_11.4.0.202103011116/tools/bin/../lib/gcc/arm-none-eabi/10.2.1/../../../../arm-none-eabi/lib/thumb/v7e-m+fp/hard\libc_nano.a(lib_a-nano-mallocr.o)
                0x2000013c                __malloc_free_list
 .bss.__malloc_sbrk_start
                0x20000140        0x4 c:/nxp/mcuxpressoide_11.4.1_6260/ide/plugins/com.nxp.mcuxpresso.tools.win32_11.4.0.202103011116/tools/bin/../lib/gcc/arm-none-eabi/10.2.1/../../../../arm-none-eabi/lib/thumb/v7e-m+fp/hard\libc_nano.a(lib_a-nano-mallocr.o)
                0x20000140                __malloc_sbrk_start
 .bss.errno     0x20000144        0x4 c:/nxp/mcuxpressoide_11.4.1_6260/ide/plugins/com.nxp.mcuxpresso.tools.win32_11.4.0.202103011116/tools/bin/../lib/gcc/arm-none-eabi/10.2.1/../../../../arm-none-eabi/lib/thumb/v7e-m+fp/hard\libc_nano.a(lib_a-reent.o)
                0x20000144                errno
 .bss.__end_of_heap
                0x20000148        0x4 c:/nxp/mcuxpressoide_11.4.1_6260/ide/plugins/com.nxp.mcuxpresso.tools.win32_11.4.0.202103011116/tools/bin/../lib/gcc/arm-none-eabi/10.2.1/../../../../arm-none-eabi/lib/thumb/v7e-m+fp/hard\libcr_newlib_semihost.a(_cr_sbrk.o)
                0x20000148                __end_of_heap
 .bss.initialized.0
                0x2000014c        0x4 c:/nxp/mcuxpressoide_11.4.1_6260/ide/plugins/com.nxp.mcuxpresso.tools.win32_11.4.0.202103011116/tools/bin/../lib/gcc/arm-none-eabi/10.2.1/../../../../arm-none-eabi/lib/thumb/v7e-m+fp/hard\libcr_newlib_semihost.a(syscalls.o)
 .bss.monitor_stderr
                0x20000150        0x4 c:/nxp/mcuxpressoide_11.4.1_6260/ide/plugins/com.nxp.mcuxpresso.tools.win32_11.4.0.202103011116/tools/bin/../lib/gcc/arm-none-eabi/10.2.1/../../../../arm-none-eabi/lib/thumb/v7e-m+fp/hard\libcr_newlib_semihost.a(syscalls.o)
 .bss.monitor_stdin
                0x20000154        0x4 c:/nxp/mcuxpressoide_11.4.1_6260/ide/plugins/com.nxp.mcuxpresso.tools.win32_11.4.0.202103011116/tools/bin/../lib/gcc/arm-none-eabi/10.2.1/../../../../arm-none-eabi/lib/thumb/v7e-m+fp/hard\libcr_newlib_semihost.a(syscalls.o)
 .bss.monitor_stdout
                0x20000158        0x4 c:/nxp/mcuxpressoide_11.4.1_6260/ide/plugins/com.nxp.mcuxpresso.tools.win32_11.4.0.202103011116/tools/bin/../lib/gcc/arm-none-eabi/10.2.1/../../../../arm-none-eabi/lib/thumb/v7e-m+fp/hard\libcr_newlib_semihost.a(syscalls.o)
 .bss.openfiles
                0x2000015c       0x28 c:/nxp/mcuxpressoide_11.4.1_6260/ide/plugins/com.nxp.mcuxpresso.tools.win32_11.4.0.202103011116/tools/bin/../lib/gcc/arm-none-eabi/10.2.1/../../../../arm-none-eabi/lib/thumb/v7e-m+fp/hard\libcr_newlib_semihost.a(syscalls.o)
 .bss           0x20000184       0x1c c:/nxp/mcuxpressoide_11.4.1_6260/ide/plugins/com.nxp.mcuxpresso.tools.win32_11.4.0.202103011116/tools/bin/../lib/gcc/arm-none-eabi/10.2.1/thumb/v7e-m+fp/hard\crtbegin.o
 .bss.__lock___malloc_recursive_mutex
                0x200001a0        0x1 c:/nxp/mcuxpressoide_11.4.1_6260/ide/plugins/com.nxp.mcuxpresso.tools.win32_11.4.0.202103011116/tools/bin/../lib/gcc/arm-none-eabi/10.2.1/../../../../arm-none-eabi/lib/thumb/v7e-m+fp/hard\libc_nano.a(lib_a-lock.o)
                0x200001a0                __lock___malloc_recursive_mutex
 .bss.__lock___sfp_recursive_mutex
                0x200001a1        0x1 c:/nxp/mcuxpressoide_11.4.1_6260/ide/plugins/com.nxp.mcuxpresso.tools.win32_11.4.0.202103011116/tools/bin/../lib/gcc/arm-none-eabi/10.2.1/../../../../arm-none-eabi/lib/thumb/v7e-m+fp/hard\libc_nano.a(lib_a-lock.o)
                0x200001a1                __lock___sfp_recursive_mutex
 .bss.__lock___sinit_recursive_mutex
                0x200001a2        0x1 c:/nxp/mcuxpressoide_11.4.1_6260/ide/plugins/com.nxp.mcuxpresso.tools.win32_11.4.0.202103011116/tools/bin/../lib/gcc/arm-none-eabi/10.2.1/../../../../arm-none-eabi/lib/thumb/v7e-m+fp/hard\libc_nano.a(lib_a-lock.o)
                0x200001a2                __lock___sinit_recursive_mutex
 *(SORT_BY_ALIGNMENT(COMMON))
                0x200001a8                . = ALIGN (0x8)
 *fill*         0x200001a3        0x5 
                0x200001a8                _ebss = .
                [!provide]                PROVIDE (__end_bss_RAM = .)
                [!provide]                PROVIDE (__end_bss_SRAM_UPPER = .)
                [!provide]                PROVIDE (end = .)

.noinit_RAM2    0x1fff0000        0x0
                [!provide]                PROVIDE (__start_noinit_RAM2 = .)
                [!provide]                PROVIDE (__start_noinit_SRAM_LOWER = .)
 *(SORT_BY_ALIGNMENT(.noinit.$RAM2))
 *(SORT_BY_ALIGNMENT(.noinit.$SRAM_LOWER))
 *(SORT_BY_ALIGNMENT(.noinit.$RAM2.*))
 *(SORT_BY_ALIGNMENT(.noinit.$SRAM_LOWER.*))
                0x1fff0000                . = ALIGN (0x8)
                [!provide]                PROVIDE (__end_noinit_RAM2 = .)
                [!provide]                PROVIDE (__end_noinit_SRAM_LOWER = .)

.noinit_RAM3    0x14000000        0x0
                [!provide]                PROVIDE (__start_noinit_RAM3 = .)
                [!provide]                PROVIDE (__start_noinit_FLEX_RAM = .)
 *(SORT_BY_ALIGNMENT(.noinit.$RAM3))
 *(SORT_BY_ALIGNMENT(.noinit.$FLEX_RAM))
 *(SORT_BY_ALIGNMENT(.noinit.$RAM3.*))
 *(SORT_BY_ALIGNMENT(.noinit.$FLEX_RAM.*))
                0x14000000                . = ALIGN (0x8)
                [!provide]                PROVIDE (__end_noinit_RAM3 = .)
                [!provide]                PROVIDE (__end_noinit_FLEX_RAM = .)

.noinit         0x200001a8        0x0
                0x200001a8                _noinit = .
                [!provide]                PROVIDE (__start_noinit_RAM = .)
                [!provide]                PROVIDE (__start_noinit_SRAM_UPPER = .)
 *(SORT_BY_ALIGNMENT(.noinit*))
                0x200001a8                . = ALIGN (0x8)
                0x200001a8                _end_noinit = .
                [!provide]                PROVIDE (__end_noinit_RAM = .)
                [!provide]                PROVIDE (__end_noinit_SRAM_UPPER = .)
                0x00001000                _HeapSize = 0x1000

.heap           0x200001a8     0x1000
                0x200001a8                _pvHeapStart = .
                0x200011a8                . = (. + _HeapSize)
 *fill*         0x200001a8     0x1000 
                0x200011a8                . = ALIGN (0x8)
                0x200011a8                _pvHeapLimit = .
                0x00001000                _StackSize = 0x1000

.heap2stackfill
                0x200011a8     0x1000
                0x200021a8                . = (. + _StackSize)
 *fill*         0x200011a8     0x1000 

.stack          0x2002f000        0x0
                0x2002f000                _vStackBase = .
                0x2002f000                . = ALIGN (0x8)
                0x20030000                _vStackTop = (. + _StackSize)
                0x00000000                _image_start = LOADADDR (.text)
                0x00003870                _image_end = (LOADADDR (.data) + SIZEOF (.data))
                0x00003870                _image_size = (_image_end - _image_start)
OUTPUT(MK66F18_Project.axf elf32-littlearm)
LOAD linker stubs

.debug_info     0x00000000     0xe144
 .debug_info    0x00000000      0xa47 ./startup/startup_mk66f18.o
 .debug_info    0x00000a47      0x8fd ./source/MK66F18_Project.o
 .debug_info    0x00001344       0x3c ./source/semihost_hardfault.o
 .debug_info    0x00001380     0x2a9e ./drivers/fsl_clock.o
 .debug_info    0x00003e1e     0x2155 ./drivers/fsl_i2c.o
 .debug_info    0x00005f73      0xb2b ./drivers/fsl_smc.o
 .debug_info    0x00006a9e     0x1f4f ./drivers/fsl_uart.o
 .debug_info    0x000089ed      0xa4e ./device/system_MK66F18.o
 .debug_info    0x0000943b      0x197 ./board/board.o
 .debug_info    0x000095d2     0x167f ./board/clock_config.o
 .debug_info    0x0000ac51       0x4e ./board/peripherals.o
 .debug_info    0x0000ac9f      0xdae ./board/pin_mux.o
 .debug_info    0x0000ba4d      0x4d9 ./amazon-freertos/freertos_kernel/portable/GCC/ARM_CM4F/port.o
 .debug_info    0x0000bf26      0x2c5 ./amazon-freertos/freertos_kernel/list.o
 .debug_info    0x0000c1eb     0x1f59 ./amazon-freertos/freertos_kernel/tasks.o

.debug_abbrev   0x00000000     0x1e54
 .debug_abbrev  0x00000000      0x17b ./startup/startup_mk66f18.o
 .debug_abbrev  0x0000017b      0x1da ./source/MK66F18_Project.o
 .debug_abbrev  0x00000355       0x31 ./source/semihost_hardfault.o
 .debug_abbrev  0x00000386      0x36f ./drivers/fsl_clock.o
 .debug_abbrev  0x000006f5      0x381 ./drivers/fsl_i2c.o
 .debug_abbrev  0x00000a76      0x312 ./drivers/fsl_smc.o
 .debug_abbrev  0x00000d88      0x333 ./drivers/fsl_uart.o
 .debug_abbrev  0x000010bb      0x148 ./device/system_MK66F18.o
 .debug_abbrev  0x00001203       0xc5 ./board/board.o
 .debug_abbrev  0x000012c8      0x2c0 ./board/clock_config.o
 .debug_abbrev  0x00001588       0x4b ./board/peripherals.o
 .debug_abbrev  0x000015d3      0x285 ./board/pin_mux.o
 .debug_abbrev  0x00001858      0x231 ./amazon-freertos/freertos_kernel/portable/GCC/ARM_CM4F/port.o
 .debug_abbrev  0x00001a89       0xf2 ./amazon-freertos/freertos_kernel/list.o
 .debug_abbrev  0x00001b7b      0x2d9 ./amazon-freertos/freertos_kernel/tasks.o

.debug_aranges  0x00000000      0xe70
 .debug_aranges
                0x00000000      0x3a0 ./startup/startup_mk66f18.o
 .debug_aranges
                0x000003a0       0x20 ./source/MK66F18_Project.o
 .debug_aranges
                0x000003c0       0x20 ./source/semihost_hardfault.o
 .debug_aranges
                0x000003e0      0x258 ./drivers/fsl_clock.o
 .debug_aranges
                0x00000638      0x188 ./drivers/fsl_i2c.o
 .debug_aranges
                0x000007c0       0x98 ./drivers/fsl_smc.o
 .debug_aranges
                0x00000858      0x170 ./drivers/fsl_uart.o
 .debug_aranges
                0x000009c8       0x30 ./device/system_MK66F18.o
 .debug_aranges
                0x000009f8       0x28 ./board/board.o
 .debug_aranges
                0x00000a20       0xd8 ./board/clock_config.o
 .debug_aranges
                0x00000af8       0x28 ./board/peripherals.o
 .debug_aranges
                0x00000b20       0x98 ./board/pin_mux.o
 .debug_aranges
                0x00000bb8       0x80 ./amazon-freertos/freertos_kernel/portable/GCC/ARM_CM4F/port.o
 .debug_aranges
                0x00000c38       0x40 ./amazon-freertos/freertos_kernel/list.o
 .debug_aranges
                0x00000c78      0x1f8 ./amazon-freertos/freertos_kernel/tasks.o

.debug_ranges   0x00000000      0xd80
 .debug_ranges  0x00000000      0x390 ./startup/startup_mk66f18.o
 .debug_ranges  0x00000390       0x10 ./source/MK66F18_Project.o
 .debug_ranges  0x000003a0       0x10 ./source/semihost_hardfault.o
 .debug_ranges  0x000003b0      0x248 ./drivers/fsl_clock.o
 .debug_ranges  0x000005f8      0x178 ./drivers/fsl_i2c.o
 .debug_ranges  0x00000770       0x88 ./drivers/fsl_smc.o
 .debug_ranges  0x000007f8      0x160 ./drivers/fsl_uart.o
 .debug_ranges  0x00000958       0x20 ./device/system_MK66F18.o
 .debug_ranges  0x00000978       0x18 ./board/board.o
 .debug_ranges  0x00000990       0xc8 ./board/clock_config.o
 .debug_ranges  0x00000a58       0x18 ./board/peripherals.o
 .debug_ranges  0x00000a70       0x88 ./board/pin_mux.o
 .debug_ranges  0x00000af8       0x70 ./amazon-freertos/freertos_kernel/portable/GCC/ARM_CM4F/port.o
 .debug_ranges  0x00000b68       0x30 ./amazon-freertos/freertos_kernel/list.o
 .debug_ranges  0x00000b98      0x1e8 ./amazon-freertos/freertos_kernel/tasks.o

.debug_macro    0x00000000     0x4d5f
 .debug_macro   0x00000000       0x2a ./startup/startup_mk66f18.o
 .debug_macro   0x0000002a      0xbf2 ./startup/startup_mk66f18.o
 .debug_macro   0x00000c1c      0x3d2 ./source/MK66F18_Project.o
 .debug_macro   0x00000fee       0x94 ./source/MK66F18_Project.o
 .debug_macro   0x00001082       0x34 ./source/MK66F18_Project.o
 .debug_macro   0x000010b6       0x16 ./source/MK66F18_Project.o
 .debug_macro   0x000010cc       0x97 ./source/MK66F18_Project.o
 .debug_macro   0x00001163      0x356 ./source/MK66F18_Project.o
 .debug_macro   0x000014b9      0x104 ./source/MK66F18_Project.o
 .debug_macro   0x000015bd       0x10 ./source/MK66F18_Project.o
 .debug_macro   0x000015cd       0x43 ./source/MK66F18_Project.o
 .debug_macro   0x00001610       0x16 ./source/MK66F18_Project.o
 .debug_macro   0x00001626       0x1c ./source/MK66F18_Project.o
 .debug_macro   0x00001642       0x52 ./source/MK66F18_Project.o
 .debug_macro   0x00001694       0x22 ./source/MK66F18_Project.o
 .debug_macro   0x000016b6       0x10 ./source/MK66F18_Project.o
 .debug_macro   0x000016c6       0x40 ./source/MK66F18_Project.o
 .debug_macro   0x00001706       0xd5 ./source/MK66F18_Project.o
 .debug_macro   0x000017db       0x1c ./source/MK66F18_Project.o
 .debug_macro   0x000017f7       0x3d ./source/MK66F18_Project.o
 .debug_macro   0x00001834      0x137 ./source/MK66F18_Project.o
 .debug_macro   0x0000196b       0x10 ./source/MK66F18_Project.o
 .debug_macro   0x0000197b       0x16 ./source/MK66F18_Project.o
 .debug_macro   0x00001991       0x35 ./source/MK66F18_Project.o
 .debug_macro   0x000019c6      0x18a ./source/MK66F18_Project.o
 .debug_macro   0x00001b50       0x10 ./source/MK66F18_Project.o
 .debug_macro   0x00001b60       0xac ./source/MK66F18_Project.o
 .debug_macro   0x00001c0c       0xf7 ./source/MK66F18_Project.o
 .debug_macro   0x00001d03      0x3d1 ./source/MK66F18_Project.o
 .debug_macro   0x000020d4       0x10 ./source/MK66F18_Project.o
 .debug_macro   0x000020e4       0x16 ./source/MK66F18_Project.o
 .debug_macro   0x000020fa       0x29 ./source/MK66F18_Project.o
 .debug_macro   0x00002123       0x1c ./source/MK66F18_Project.o
 .debug_macro   0x0000213f       0xde ./source/MK66F18_Project.o
 .debug_macro   0x0000221d      0xeeb ./source/MK66F18_Project.o
 .debug_macro   0x00003108       0x1c ./source/MK66F18_Project.o
 .debug_macro   0x00003124       0x10 ./source/MK66F18_Project.o
 .debug_macro   0x00003134       0x16 ./source/MK66F18_Project.o
 .debug_macro   0x0000314a      0x28e ./source/MK66F18_Project.o
 .debug_macro   0x000033d8      0x268 ./source/MK66F18_Project.o
 .debug_macro   0x00003640      0x18a ./source/MK66F18_Project.o
 .debug_macro   0x000037ca       0x22 ./source/MK66F18_Project.o
 .debug_macro   0x000037ec       0x2e ./source/MK66F18_Project.o
 .debug_macro   0x0000381a       0x11 ./source/semihost_hardfault.o
 .debug_macro   0x0000382b      0x293 ./drivers/fsl_clock.o
 .debug_macro   0x00003abe       0x10 ./drivers/fsl_clock.o
 .debug_macro   0x00003ace      0x1d0 ./drivers/fsl_i2c.o
 .debug_macro   0x00003c9e       0x1c ./drivers/fsl_i2c.o
 .debug_macro   0x00003cba      0x1d1 ./drivers/fsl_smc.o
 .debug_macro   0x00003e8b      0x1d7 ./drivers/fsl_uart.o
 .debug_macro   0x00004062       0x80 ./device/system_MK66F18.o
 .debug_macro   0x000040e2      0x2df ./board/board.o
 .debug_macro   0x000043c1       0x16 ./board/board.o
 .debug_macro   0x000043d7      0x277 ./board/clock_config.o
 .debug_macro   0x0000464e       0x10 ./board/clock_config.o
 .debug_macro   0x0000465e       0x1b ./board/peripherals.o
 .debug_macro   0x00004679      0x1da ./board/pin_mux.o
 .debug_macro   0x00004853      0x157 ./amazon-freertos/freertos_kernel/portable/GCC/ARM_CM4F/port.o
 .debug_macro   0x000049aa      0x166 ./amazon-freertos/freertos_kernel/list.o
 .debug_macro   0x00004b10      0x23f ./amazon-freertos/freertos_kernel/tasks.o
 .debug_macro   0x00004d4f       0x10 ./amazon-freertos/freertos_kernel/tasks.o

.debug_line     0x00000000     0xaf06
 .debug_line    0x00000000      0xa68 ./startup/startup_mk66f18.o
 .debug_line    0x00000a68      0xd36 ./source/MK66F18_Project.o
 .debug_line    0x0000179e       0x59 ./source/semihost_hardfault.o
 .debug_line    0x000017f7     0x1a64 ./drivers/fsl_clock.o
 .debug_line    0x0000325b     0x164f ./drivers/fsl_i2c.o
 .debug_line    0x000048aa      0x879 ./drivers/fsl_smc.o
 .debug_line    0x00005123     0x1530 ./drivers/fsl_uart.o
 .debug_line    0x00006653      0x3a8 ./device/system_MK66F18.o
 .debug_line    0x000069fb      0x96a ./board/board.o
 .debug_line    0x00007365      0x9f8 ./board/clock_config.o
 .debug_line    0x00007d5d       0x71 ./board/peripherals.o
 .debug_line    0x00007dce      0x938 ./board/pin_mux.o
 .debug_line    0x00008706      0x619 ./amazon-freertos/freertos_kernel/portable/GCC/ARM_CM4F/port.o
 .debug_line    0x00008d1f      0x6ac ./amazon-freertos/freertos_kernel/list.o
 .debug_line    0x000093cb     0x1b3b ./amazon-freertos/freertos_kernel/tasks.o

.debug_str      0x00000000    0xc93b8
 .debug_str     0x00000000     0x3d87 ./startup/startup_mk66f18.o
                               0x3e64 (size before relaxing)