../startup/startup_mk66f18.cpp:445:6:void data_init(unsigned int, unsigned int, unsigned int)	4	static
../startup/startup_mk66f18.cpp:454:6:void bss_init(unsigned int, unsigned int)	0	static
../startup/startup_mk66f18.cpp:479:6:void ResetISR()	0	static
../startup/startup_mk66f18.cpp:586:14:void NMI_Handler()	0	static
../startup/startup_mk66f18.cpp:590:14:void HardFault_Handler()	0	static
../startup/startup_mk66f18.cpp:594:14:void MemManage_Handler()	0	static
../startup/startup_mk66f18.cpp:598:14:void BusFault_Handler()	0	static
../startup/startup_mk66f18.cpp:602:14:void UsageFault_Handler()	0	static
../startup/startup_mk66f18.cpp:606:14:void SVC_Handler()	0	static
../startup/startup_mk66f18.cpp:610:14:void DebugMon_Handler()	0	static
../startup/startup_mk66f18.cpp:614:14:void PendSV_Handler()	0	static
../startup/startup_mk66f18.cpp:618:14:void SysTick_Handler()	0	static
../startup/startup_mk66f18.cpp:626:14:void IntDefaultHandler()	0	static
../startup/startup_mk66f18.cpp:636:11:void DMA0_DMA16_IRQHandler()	8	static
../startup/startup_mk66f18.cpp:640:11:void DMA1_DMA17_IRQHandler()	8	static
../startup/startup_mk66f18.cpp:644:11:void DMA2_DMA18_IRQHandler()	8	static
../startup/startup_mk66f18.cpp:648:11:void DMA3_DMA19_IRQHandler()	8	static
../startup/startup_mk66f18.cpp:652:11:void DMA4_DMA20_IRQHandler()	8	static
../startup/startup_mk66f18.cpp:656:11:void DMA5_DMA21_IRQHandler()	8	static
../startup/startup_mk66f18.cpp:660:11:void DMA6_DMA22_IRQHandler()	8	static
../startup/startup_mk66f18.cpp:664:11:void DMA7_DMA23_IRQHandler()	8	static
../startup/startup_mk66f18.cpp:668:11:void DMA8_DMA24_IRQHandler()	8	static
../startup/startup_mk66f18.cpp:672:11:void DMA9_DMA25_IRQHandler()	8	static
../startup/startup_mk66f18.cpp:676:11:void DMA10_DMA26_IRQHandler()	8	static
../startup/startup_mk66f18.cpp:680:11:void DMA11_DMA27_IRQHandler()	8	static
../startup/startup_mk66f18.cpp:684:11:void DMA12_DMA28_IRQHandler()	8	static
../startup/startup_mk66f18.cpp:688:11:void DMA13_DMA29_IRQHandler()	8	static
../startup/startup_mk66f18.cpp:692:11:void DMA14_DMA30_IRQHandler()	8	static
../startup/startup_mk66f18.cpp:696:11:void DMA15_DMA31_IRQHandler()	8	static
../startup/startup_mk66f18.cpp:700:11:void DMA_Error_IRQHandler()	8	static
../startup/startup_mk66f18.cpp:704:11:void MCM_IRQHandler()	8	static
../startup/startup_mk66f18.cpp:708:11:void FTFE_IRQHandler()	8	static
../startup/startup_mk66f18.cpp:712:11:void Read_Collision_IRQHandler()	8	static
../startup/startup_mk66f18.cpp:716:11:void LVD_LVW_IRQHandler()	8	static
../startup/startup_mk66f18.cpp:720:11:void LLWU_IRQHandler()	8	static
../startup/startup_mk66f18.cpp:724:11:void WDOG_EWM_IRQHandler()	8	static
../startup/startup_mk66f18.cpp:728:11:void RNG_IRQHandler()	8	static
../startup/startup_mk66f18.cpp:732:11:void I2C0_IRQHandler()	8	static
../startup/startup_mk66f18.cpp:736:11:void I2C1_IRQHandler()	8	static
../startup/startup_mk66f18.cpp:740:11:void SPI0_IRQHandler()	8	static
../startup/startup_mk66f18.cpp:744:11:void SPI1_IRQHandler()	8	static
../startup/startup_mk66f18.cpp:748:11:void I2S0_Tx_IRQHandler()	8	static
../startup/startup_mk66f18.cpp:752:11:void I2S0_Rx_IRQHandler()	8	static
../startup/startup_mk66f18.cpp:756:11:void Reserved46_IRQHandler()	8	static
../startup/startup_mk66f18.cpp:760:11:void UART0_RX_TX_IRQHandler()	8	static
../startup/startup_mk66f18.cpp:764:11:void UART0_ERR_IRQHandler()	8	static
../startup/startup_mk66f18.cpp:768:11:void UART1_RX_TX_IRQHandler()	8	static
../startup/startup_mk66f18.cpp:772:11:void UART1_ERR_IRQHandler()	8	static
../startup/startup_mk66f18.cpp:776:11:void UART2_RX_TX_IRQHandler()	8	static
../startup/startup_mk66f18.cpp:780:11:void UART2_ERR_IRQHandler()	8	static
../startup/startup_mk66f18.cpp:784:11:void UART3_RX_TX_IRQHandler()	8	static
../startup/startup_mk66f18.cpp:788:11:void UART3_ERR_IRQHandler()	8	static
../startup/startup_mk66f18.cpp:792:11:void ADC0_IRQHandler()	8	static
../startup/startup_mk66f18.cpp:796:11:void CMP0_IRQHandler()	8	static
../startup/startup_mk66f18.cpp:800:11:void CMP1_IRQHandler()	8	static
../startup/startup_mk66f18.cpp:804:11:void FTM0_IRQHandler()	8	static
../startup/startup_mk66f18.cpp:808:11:void FTM1_IRQHandler()	8	static
../startup/startup_mk66f18.cpp:812:11:void FTM2_IRQHandler()	8	static
../startup/startup_mk66f18.cpp:816:11:void CMT_IRQHandler()	8	static
../startup/startup_mk66f18.cpp:820:11:void RTC_IRQHandler()	8	static
../startup/startup_mk66f18.cpp:824:11:void RTC_Seconds_IRQHandler()	8	static
../startup/startup_mk66f18.cpp:828:11:void PIT0_IRQHandler()	8	static
../startup/startup_mk66f18.cpp:832:11:void PIT1_IRQHandler()	8	static
../startup/startup_mk66f18.cpp:836:11:void PIT2_IRQHandler()	8	static
../startup/startup_mk66f18.cpp:840:11:void PIT3_IRQHandler()	8	static
../startup/startup_mk66f18.cpp:844:11:void PDB0_IRQHandler()	8	static
../startup/startup_mk66f18.cpp:848:11:void USB0_IRQHandler()	8	static
../startup/startup_mk66f18.cpp:852:11:void USBDCD_IRQHandler()	8	static
../startup/startup_mk66f18.cpp:856:11:void Reserved71_IRQHandler()	8	static
../startup/startup_mk66f18.cpp:860:11:void DAC0_IRQHandler()	8	static
../startup/startup_mk66f18.cpp:864:11:void MCG_IRQHandler()	8	static
../startup/startup_mk66f18.cpp:868:11:void LPTMR0_IRQHandler()	8	static
../startup/startup_mk66f18.cpp:872:11:void PORTA_IRQHandler()	8	static
../startup/startup_mk66f18.cpp:876:11:void PORTB_IRQHandler()	8	static
../startup/startup_mk66f18.cpp:880:11:void PORTC_IRQHandler()	8	static
../startup/startup_mk66f18.cpp:884:11:void PORTD_IRQHandler()	8	static
../startup/startup_mk66f18.cpp:888:11:void PORTE_IRQHandler()	8	static
../startup/startup_mk66f18.cpp:892:11:void SWI_IRQHandler()	8	static
../startup/startup_mk66f18.cpp:896:11:void SPI2_IRQHandler()	8	static
../startup/startup_mk66f18.cpp:900:11:void UART4_RX_TX_IRQHandler()	8	static
../startup/startup_mk66f18.cpp:904:11:void UART4_ERR_IRQHandler()	8	static
../startup/startup_mk66f18.cpp:908:11:void Reserved84_IRQHandler()	8	static
../startup/startup_mk66f18.cpp:912:11:void Reserved85_IRQHandler()	8	static
../startup/startup_mk66f18.cpp:916:11:void CMP2_IRQHandler()	8	static
../startup/startup_mk66f18.cpp:920:11:void FTM3_IRQHandler()	8	static
../startup/startup_mk66f18.cpp:924:11:void DAC1_IRQHandler()	8	static
../startup/startup_mk66f18.cpp:928:11:void ADC1_IRQHandler()	8	static
../startup/startup_mk66f18.cpp:932:11:void I2C2_IRQHandler()	8	static
../startup/startup_mk66f18.cpp:936:11:void CAN0_ORed_Message_buffer_IRQHandler()	8	static
../startup/startup_mk66f18.cpp:940:11:void CAN0_Bus_Off_IRQHandler()	8	static
../startup/startup_mk66f18.cpp:944:11:void CAN0_Error_IRQHandler()	8	static
../startup/startup_mk66f18.cpp:948:11:void CAN0_Tx_Warning_IRQHandler()	8	static
../startup/startup_mk66f18.cpp:952:11:void CAN0_Rx_Warning_IRQHandler()	8	static
../startup/startup_mk66f18.cpp:956:11:void CAN0_Wake_Up_IRQHandler()	8	static
../startup/startup_mk66f18.cpp:960:11:void SDHC_IRQHandler()	8	static
../startup/startup_mk66f18.cpp:964:11:void ENET_1588_Timer_IRQHandler()	8	static
../startup/startup_mk66f18.cpp:968:11:void ENET_Transmit_IRQHandler()	8	static
../startup/startup_mk66f18.cpp:972:11:void ENET_Receive_IRQHandler()	8	static
../startup/startup_mk66f18.cpp:976:11:void ENET_Error_IRQHandler()	8	static
../startup/startup_mk66f18.cpp:980:11:void LPUART0_IRQHandler()	8	static
../startup/startup_mk66f18.cpp:984:11:void TSI0_IRQHandler()	8	static
../startup/startup_mk66f18.cpp:988:11:void TPM1_IRQHandler()	8	static
../startup/startup_mk66f18.cpp:992:11:void TPM2_IRQHandler()	8	static
../startup/startup_mk66f18.cpp:996:11:void USBHSDCD_IRQHandler()	8	static
../startup/startup_mk66f18.cpp:1000:11:void I2C3_IRQHandler()	8	static
../startup/startup_mk66f18.cpp:1004:11:void CMP3_IRQHandler()	8	static
../startup/startup_mk66f18.cpp:1008:11:void USBHS_IRQHandler()	8	static
../startup/startup_mk66f18.cpp:1012:11:void CAN1_ORed_Message_buffer_IRQHandler()	8	static
../startup/startup_mk66f18.cpp:1016:11:void CAN1_Bus_Off_IRQHandler()	8	static
../startup/startup_mk66f18.cpp:1020:11:void CAN1_Error_IRQHandler()	8	static
../startup/startup_mk66f18.cpp:1024:11:void CAN1_Tx_Warning_IRQHandler()	8	static
../startup/startup_mk66f18.cpp:1028:11:void CAN1_Rx_Warning_IRQHandler()	8	static
../startup/startup_mk66f18.cpp:1032:11:void CAN1_Wake_Up_IRQHandler()	8	static
