C:\Users\skvortsov\Documents\MCUXpressoIDE_11.5.1_7266\workspace\OS\CMSIS/core_cm4.h:1679:22:__NVIC_EnableIRQ	16	static
../drivers/fsl_clock.h:725:20:CLOCK_EnableClock	24	static
../drivers/fsl_clock.h:736:20:CLOCK_DisableClock	24	static
../drivers/fsl_common_arm.h:499:24:EnableIRQ	24	static
../drivers/fsl_sdhc.h:665:20:SDHC_EnableInterruptSignal	16	static
../drivers/fsl_sdhc.h:676:20:SDHC_DisableInterruptSignal	16	static
../drivers/fsl_sdhc.h:694:24:SDHC_GetEnabledInterruptStatusFlags	24	static
../drivers/fsl_sdhc.h:707:24:SDHC_GetInterruptStatusFlags	16	static
../drivers/fsl_sdhc.h:718:20:SDHC_ClearInterruptStatusFlags	16	static
../drivers/fsl_sdhc.h:753:24:SDHC_GetPresentStatusFlags	16	static
../drivers/fsl_sdhc.h:889:20:SDHC_WriteData	16	static
../drivers/fsl_sdhc.h:902:24:SDHC_ReadData	16	static
../drivers/fsl_sdhc.c:219:17:SDHC_GetInstance	24	static
../drivers/fsl_sdhc.c:233:13:SDHC_StartTransfer	48	static
../drivers/fsl_sdhc.c:329:17:SDHC_ReceiveCommandResponse	32	static
../drivers/fsl_sdhc.c:365:17:SDHC_ReadDataPort	48	static
../drivers/fsl_sdhc.c:413:17:SDHC_ReadByDataPortBlocking	32	static
../drivers/fsl_sdhc.c:460:17:SDHC_WriteDataPort	40	static
../drivers/fsl_sdhc.c:508:17:SDHC_WriteByDataPortBlocking	32	static
../drivers/fsl_sdhc.c:568:17:SDHC_SendCommandBlocking	24	static
../drivers/fsl_sdhc.c:593:17:SDHC_TransferByDataPortBlocking	24	static
../drivers/fsl_sdhc.c:617:17:SDHC_TransferByAdma2Blocking	24	static
../drivers/fsl_sdhc.c:645:17:SDHC_TransferDataBlocking	32	static
../drivers/fsl_sdhc.c:681:13:SDHC_TransferHandleCardDetect	24	static
../drivers/fsl_sdhc.c:699:13:SDHC_TransferHandleCommand	32	static
../drivers/fsl_sdhc.c:731:13:SDHC_TransferHandleData	40	static
../drivers/fsl_sdhc.c:772:13:SDHC_TransferHandleSdioInterrupt	16	static
../drivers/fsl_sdhc.c:780:13:SDHC_TransferHandleSdioBlockGap	16	static
../drivers/fsl_sdhc.c:808:6:SDHC_Init	24	static
../drivers/fsl_sdhc.c:862:6:SDHC_Deinit	16	static
../drivers/fsl_sdhc.c:879:6:SDHC_Reset	24	static
../drivers/fsl_sdhc.c:901:6:SDHC_GetCapability	32	static
../drivers/fsl_sdhc.c:941:10:SDHC_SetSdClock	48	static
../drivers/fsl_sdhc.c:1044:6:SDHC_SetCardActive	16	static
../drivers/fsl_sdhc.c:1081:6:SDHC_SetTransferConfig	16	static
../drivers/fsl_sdhc.c:1104:6:SDHC_EnableSdioControl	32	static
../drivers/fsl_sdhc.c:1170:6:SDHC_SetMmcBootConfig	24	static
../drivers/fsl_sdhc.c:1207:10:SDHC_SetAdmaTableConfig	48	static
../drivers/fsl_sdhc.c:1382:10:SDHC_TransferBlocking	48	static
../drivers/fsl_sdhc.c:1459:6:SDHC_TransferCreateHandle	24	static
../drivers/fsl_sdhc.c:1509:10:SDHC_TransferNonBlocking	48	static
../drivers/fsl_sdhc.c:1581:6:SDHC_TransferHandleIRQ	24	static
../drivers/fsl_sdhc.c:1615:6:SDHC_DriverIRQHandler	8	static
