../drivers/fsl_clock.h:725:20:CLOCK_EnableClock	24	static
../drivers/fsl_clock.h:736:20:CLOCK_DisableClock	24	static
../drivers/fsl_tsi_v4.h:347:24:TSI_GetStatusFlags	16	static
../drivers/fsl_tsi_v4.h:393:20:TSI_SetElectrodeOSCPrescaler	16	static
../drivers/fsl_tsi_v4.h:405:20:TSI_SetNumberOfScans	16	static
../drivers/fsl_tsi_v4.h:419:20:TSI_EnableModule	16	static
../drivers/fsl_tsi_v4.h:482:20:TSI_StartSoftwareTrigger	16	static
../drivers/fsl_tsi_v4.h:494:20:TSI_SetMeasuredChannelNumber	16	static
../drivers/fsl_tsi_v4.h:565:24:TSI_GetCounter	16	static
../drivers/fsl_tsi_v4.h:577:20:TSI_SetLowThreshold	16	static
../drivers/fsl_tsi_v4.h:591:20:TSI_SetHighThreshold	16	static
../drivers/fsl_tsi_v4.h:605:20:TSI_SetAnalogMode	16	static
../drivers/fsl_tsi_v4.h:628:20:TSI_SetReferenceChargeCurrent	16	static
../drivers/fsl_tsi_v4.h:640:20:TSI_SetElectrodeChargeCurrent	16	static
../drivers/fsl_tsi_v4.h:652:20:TSI_SetOscVoltageRails	16	static
../drivers/fsl_tsi_v4.h:664:20:TSI_SetElectrodeSeriesResistor	16	static
../drivers/fsl_tsi_v4.h:676:20:TSI_SetFilterBits	16	static
../drivers/fsl_tsi_v4.c:25:6:TSI_Init	24	static
../drivers/fsl_tsi_v4.c:88:6:TSI_Deinit	16	static
../drivers/fsl_tsi_v4.c:116:6:TSI_GetNormalModeDefaultConfig	16	static
../drivers/fsl_tsi_v4.c:149:6:TSI_GetLowPowerModeDefaultConfig	16	static
../drivers/fsl_tsi_v4.c:179:6:TSI_Calibrate	32	static
../drivers/fsl_tsi_v4.c:216:6:TSI_EnableInterrupts	24	static
../drivers/fsl_tsi_v4.c:245:6:TSI_DisableInterrupts	24	static
../drivers/fsl_tsi_v4.c:274:6:TSI_ClearStatusFlags	24	static
