../drivers/fsl_dspi.h:553:20:DSPI_ClearStatusFlags	16	static
../drivers/fsl_dspi.h:618:20:DSPI_EnableDMA	16	static
../drivers/fsl_dspi.h:634:20:DSPI_DisableDMA	16	static
../drivers/fsl_dspi.h:647:24:DSPI_MasterGetTxRegisterAddress	16	static
../drivers/fsl_dspi.h:660:24:DSPI_SlaveGetTxRegisterAddress	16	static
../drivers/fsl_dspi.h:673:24:DSPI_GetRxRegisterAddress	16	static
../drivers/fsl_dspi.h:726:20:DSPI_StartTransfer	16	static
../drivers/fsl_dspi.h:737:20:DSPI_StopTransfer	16	static
../drivers/fsl_dspi.h:766:20:DSPI_FlushFifo	16	static
../drivers/fsl_dspi.h:946:24:DSPI_MasterGetFormattedCommand	16	static
../drivers/fsl_edma.h:506:20:EDMA_EnableAutoStopRequest	24	static
../drivers/fsl_dspi_edma.c:91:6:DSPI_MasterTransferCreateHandleEDMA	32	static
../drivers/fsl_dspi_edma.c:137:10:DSPI_MasterTransferEDMA	160	static
../drivers/fsl_dspi_edma.c:951:10:DSPI_MasterHalfDuplexTransferEDMA	48	static
../drivers/fsl_dspi_edma.c:1006:13:EDMA_DspiMasterCallback	40	static
../drivers/fsl_dspi_edma.c:1037:6:DSPI_MasterTransferAbortEDMA	16	static
../drivers/fsl_dspi_edma.c:1062:10:DSPI_MasterTransferGetCountEDMA	40	static
../drivers/fsl_dspi_edma.c:1107:6:DSPI_SlaveTransferCreateHandleEDMA	32	static
../drivers/fsl_dspi_edma.c:1150:10:DSPI_SlaveTransferEDMA	112	static
../drivers/fsl_dspi_edma.c:1451:13:EDMA_DspiSlaveCallback	40	static
../drivers/fsl_dspi_edma.c:1482:6:DSPI_SlaveTransferAbortEDMA	16	static
../drivers/fsl_dspi_edma.c:1506:10:DSPI_SlaveTransferGetCountEDMA	40	static
