C:\Users\skvortsov\Documents\MCUXpressoIDE_11.5.1_7266\workspace\OS\CMSIS/core_cm4.h:1679:22:__NVIC_EnableIRQ	16	static
C:\Users\skvortsov\Documents\MCUXpressoIDE_11.5.1_7266\workspace\OS\CMSIS/core_cm4.h:1717:22:__NVIC_DisableIRQ	16	static
../drivers/fsl_clock.h:725:20:CLOCK_EnableClock	24	static
../drivers/fsl_clock.h:736:20:CLOCK_DisableClock	24	static
../drivers/fsl_common_arm.h:499:24:EnableIRQ	24	static
../drivers/fsl_common_arm.h:543:24:DisableIRQ	24	static
../drivers/fsl_cmt.h:226:20:CMT_SetCarrirGenerateCountOne	24	static
../drivers/fsl_cmt.h:252:20:CMT_SetCarrirGenerateCountTwo	24	static
../drivers/fsl_cmt.h:329:20:CMT_EnableInterrupts	16	static
../drivers/fsl_cmt.h:347:20:CMT_DisableInterrupts	16	static
../drivers/fsl_cmt.c:63:17:CMT_GetInstance	24	static
../drivers/fsl_cmt.c:89:6:CMT_GetDefaultConfig	16	static
../drivers/fsl_cmt.c:113:6:CMT_Init	32	static
../drivers/fsl_cmt.c:152:6:CMT_Deinit	16	static
../drivers/fsl_cmt.c:174:6:CMT_SetMode	32	static
../drivers/fsl_cmt.c:213:12:CMT_GetMode	24	static
../drivers/fsl_cmt.c:252:10:CMT_GetCMTFrequency	24	static
../drivers/fsl_cmt.c:302:6:CMT_SetModulateMarkSpace	24	static
../drivers/fsl_cmt.c:321:6:CMT_SetIroState	24	static
