Archive member included to satisfy reference by file (symbol)

c:/nxp/mcuxpressoide_11.5.1_7266/ide/plugins/com.nxp.mcuxpresso.tools.win32_11.5.1.202201181444/tools/bin/../lib/gcc/arm-none-eabi/10.3.1/../../../../arm-none-eabi/lib/thumb/v7e-m+fp/hard\libcr_semihost_nf.a(_cr__main.o)
                              ./startup/startup_mk66f18.o (__main)
c:/nxp/mcuxpressoide_11.5.1_7266/ide/plugins/com.nxp.mcuxpresso.tools.win32_11.5.1.202201181444/tools/bin/../lib/gcc/arm-none-eabi/10.3.1/../../../../arm-none-eabi/lib/thumb/v7e-m+fp/hard\libcr_semihost_nf.a(_cr_assert.o)
                              ./drivers/fsl_adc16.o (__assertion_failed)
c:/nxp/mcuxpressoide_11.5.1_7266/ide/plugins/com.nxp.mcuxpresso.tools.win32_11.5.1.202201181444/tools/bin/../lib/gcc/arm-none-eabi/10.3.1/../../../../arm-none-eabi/lib/thumb/v7e-m+fp/hard\libcr_semihost_nf.a(__ciob.o)
                              c:/nxp/mcuxpressoide_11.5.1_7266/ide/plugins/com.nxp.mcuxpresso.tools.win32_11.5.1.202201181444/tools/bin/../lib/gcc/arm-none-eabi/10.3.1/../../../../arm-none-eabi/lib/thumb/v7e-m+fp/hard\libcr_semihost_nf.a(_cr_assert.o) (__Ciob)
c:/nxp/mcuxpressoide_11.5.1_7266/ide/plugins/com.nxp.mcuxpresso.tools.win32_11.5.1.202201181444/tools/bin/../lib/gcc/arm-none-eabi/10.3.1/../../../../arm-none-eabi/lib/thumb/v7e-m+fp/hard\libcr_semihost_nf.a(__sys_appexit.o)
                              c:/nxp/mcuxpressoide_11.5.1_7266/ide/plugins/com.nxp.mcuxpresso.tools.win32_11.5.1.202201181444/tools/bin/../lib/gcc/arm-none-eabi/10.3.1/../../../../arm-none-eabi/lib/thumb/v7e-m+fp/hard\libcr_semihost_nf.a(_cr_assert.o) (__sys_appexit)
c:/nxp/mcuxpressoide_11.5.1_7266/ide/plugins/com.nxp.mcuxpresso.tools.win32_11.5.1.202201181444/tools/bin/../lib/gcc/arm-none-eabi/10.3.1/../../../../arm-none-eabi/lib/thumb/v7e-m+fp/hard\libcr_c.a(memcpy.o)
                              ./utilities/fsl_str.o (memcpy)
c:/nxp/mcuxpressoide_11.5.1_7266/ide/plugins/com.nxp.mcuxpresso.tools.win32_11.5.1.202201181444/tools/bin/../lib/gcc/arm-none-eabi/10.3.1/../../../../arm-none-eabi/lib/thumb/v7e-m+fp/hard\libcr_c.a(memset.o)
                              ./drivers/fsl_adc16.o (memset)
c:/nxp/mcuxpressoide_11.5.1_7266/ide/plugins/com.nxp.mcuxpresso.tools.win32_11.5.1.202201181444/tools/bin/../lib/gcc/arm-none-eabi/10.3.1/../../../../arm-none-eabi/lib/thumb/v7e-m+fp/hard\libcr_c.a(_deferredlazyseek.o)
                              c:/nxp/mcuxpressoide_11.5.1_7266/ide/plugins/com.nxp.mcuxpresso.tools.win32_11.5.1.202201181444/tools/bin/../lib/gcc/arm-none-eabi/10.3.1/../../../../arm-none-eabi/lib/thumb/v7e-m+fp/hard\libcr_semihost_nf.a(_cr_assert.o) (__flsbuf)
c:/nxp/mcuxpressoide_11.5.1_7266/ide/plugins/com.nxp.mcuxpresso.tools.win32_11.5.1.202201181444/tools/bin/../lib/gcc/arm-none-eabi/10.3.1/../../../../arm-none-eabi/lib/thumb/v7e-m+fp/hard\libcr_c.a(_fflush.o)
                              c:/nxp/mcuxpressoide_11.5.1_7266/ide/plugins/com.nxp.mcuxpresso.tools.win32_11.5.1.202201181444/tools/bin/../lib/gcc/arm-none-eabi/10.3.1/../../../../arm-none-eabi/lib/thumb/v7e-m+fp/hard\libcr_c.a(_deferredlazyseek.o) (_fflush)
c:/nxp/mcuxpressoide_11.5.1_7266/ide/plugins/com.nxp.mcuxpresso.tools.win32_11.5.1.202201181444/tools/bin/../lib/gcc/arm-none-eabi/10.3.1/../../../../arm-none-eabi/lib/thumb/v7e-m+fp/hard\libcr_c.a(_writebuf.o)
                              c:/nxp/mcuxpressoide_11.5.1_7266/ide/plugins/com.nxp.mcuxpresso.tools.win32_11.5.1.202201181444/tools/bin/../lib/gcc/arm-none-eabi/10.3.1/../../../../arm-none-eabi/lib/thumb/v7e-m+fp/hard\libcr_c.a(_deferredlazyseek.o) (_Cwritebuf)
c:/nxp/mcuxpressoide_11.5.1_7266/ide/plugins/com.nxp.mcuxpresso.tools.win32_11.5.1.202201181444/tools/bin/../lib/gcc/arm-none-eabi/10.3.1/../../../../arm-none-eabi/lib/thumb/v7e-m+fp/hard\libcr_c.a(alloc.o)
                              ./drivers/fsl_common.o (malloc)
c:/nxp/mcuxpressoide_11.5.1_7266/ide/plugins/com.nxp.mcuxpresso.tools.win32_11.5.1.202201181444/tools/bin/../lib/gcc/arm-none-eabi/10.3.1/../../../../arm-none-eabi/lib/thumb/v7e-m+fp/hard\libcr_c.a(errno.o)
                              ./utilities/fsl_str.o (errno)
c:/nxp/mcuxpressoide_11.5.1_7266/ide/plugins/com.nxp.mcuxpresso.tools.win32_11.5.1.202201181444/tools/bin/../lib/gcc/arm-none-eabi/10.3.1/../../../../arm-none-eabi/lib/thumb/v7e-m+fp/hard\libcr_c.a(fputs.o)
                              c:/nxp/mcuxpressoide_11.5.1_7266/ide/plugins/com.nxp.mcuxpresso.tools.win32_11.5.1.202201181444/tools/bin/../lib/gcc/arm-none-eabi/10.3.1/../../../../arm-none-eabi/lib/thumb/v7e-m+fp/hard\libcr_semihost_nf.a(_cr_assert.o) (fputs)
c:/nxp/mcuxpressoide_11.5.1_7266/ide/plugins/com.nxp.mcuxpresso.tools.win32_11.5.1.202201181444/tools/bin/../lib/gcc/arm-none-eabi/10.3.1/../../../../arm-none-eabi/lib/thumb/v7e-m+fp/hard\libcr_c.a(fseek.o)
[...]
Memory Configuration

Name             Origin             Length             Attributes
boot_m_interrupts 0x00000000         0x00000400         xr
boot_m_flash_config 0x00000400         0x00000010         xr
boot_m_header    0x00000410         0x00000100         xr
boot_m_text      0x00000510         0x00005af0         xr
m_reserv_1       0x00006000         0x00000800         xr
m_reserv_2       0x00006800         0x00000800         xr
os_m_header      0x00007000         0x00000200         xr
os_m_interrupts  0x00007200         0x00000400         xr
os_m_flash_config 0x00007600         0x00000010         xr
os_m_text        0x00007610         0x000179f0         xr
ALG_HEADER       0x0001f000         0x00000100         xr
ALG_TEXT         0x0001f100         0x00020f00         xr
SRAM_UPPER       0x20000000         0x00030000         xrw
SRAM_LOWER       0x1fff0000         0x00010000         xrw
FLEX_RAM         0x14000000         0x00001000         xrw
*default*        0x00000000         0xffffffff

Linker script and memory map

LOAD ./utilities/fsl_debug_console.o
LOAD ./utilities/fsl_str.o
LOAD ./startup/startup_mk66f18.o
LOAD ./source/boot.o
LOAD ./source/semihost_hardfault.o
LOAD ./drivers/fsl_adc16.o
LOAD ./drivers/fsl_cache.o
LOAD ./drivers/fsl_clock.o
LOAD ./drivers/fsl_cmp.o
LOAD ./drivers/fsl_cmt.o
LOAD ./drivers/fsl_common.o
LOAD ./drivers/fsl_common_arm.o
LOAD ./drivers/fsl_crc.o
LOAD ./drivers/fsl_dac.o
LOAD ./drivers/fsl_dmamux.o
LOAD ./drivers/fsl_dspi.o
LOAD ./drivers/fsl_dspi_edma.o
LOAD ./drivers/fsl_edma.o
LOAD ./drivers/fsl_enet.o
LOAD ./drivers/fsl_ewm.o
LOAD ./drivers/fsl_flexbus.o
LOAD ./drivers/fsl_flexcan.o
LOAD ./drivers/fsl_ftfx_cache.o
LOAD ./drivers/fsl_ftfx_controller.o
LOAD ./drivers/fsl_ftfx_flash.o
LOAD ./drivers/fsl_ftfx_flexnvm.o
LOAD ./drivers/fsl_ftm.o
LOAD ./drivers/fsl_gpio.o
LOAD ./drivers/fsl_i2c.o
LOAD ./drivers/fsl_i2c_edma.o
LOAD ./drivers/fsl_llwu.o
LOAD ./drivers/fsl_lmem_cache.o
LOAD ./drivers/fsl_lptmr.o
LOAD ./drivers/fsl_lpuart.o
LOAD ./drivers/fsl_lpuart_edma.o
LOAD ./drivers/fsl_pdb.o
LOAD ./drivers/fsl_pit.o
LOAD ./drivers/fsl_pmc.o
LOAD ./drivers/fsl_rcm.o
LOAD ./drivers/fsl_rnga.o
LOAD ./drivers/fsl_rtc.o
LOAD ./drivers/fsl_sai.o
LOAD ./drivers/fsl_sai_edma.o
LOAD ./drivers/fsl_sdhc.o
LOAD ./drivers/fsl_sdramc.o
LOAD ./drivers/fsl_sim.o
LOAD ./drivers/fsl_smc.o
LOAD ./drivers/fsl_sysmpu.o
LOAD ./drivers/fsl_tpm.o
LOAD ./drivers/fsl_tsi_v4.o
LOAD ./drivers/fsl_uart.o
LOAD ./drivers/fsl_uart_edma.o
LOAD ./drivers/fsl_vref.o
LOAD ./drivers/fsl_wdog.o
LOAD ./device/system_MK66F18.o
LOAD ./component/uart/fsl_adapter_uart.o
LOAD ./component/serial_manager/fsl_component_serial_manager.o
LOAD ./component/serial_manager/fsl_component_serial_port_uart.o
LOAD ./component/lists/fsl_component_generic_list.o
LOAD ./board/board.o
LOAD ./board/clock_config.o
LOAD ./board/peripherals.o
LOAD ./board/pin_mux.o
START GROUP
LOAD c:/nxp/mcuxpressoide_11.5.1_7266/ide/plugins/com.nxp.mcuxpresso.tools.win32_11.5.1.202201181444/tools/bin/../lib/gcc/arm-none-eabi/10.3.1/../../../../arm-none-eabi/lib/thumb/v7e-m+fp/hard\libcr_semihost_nf.a
LOAD c:/nxp/mcuxpressoide_11.5.1_7266/ide/plugins/com.nxp.mcuxpresso.tools.win32_11.5.1.202201181444/tools/bin/../lib/gcc/arm-none-eabi/10.3.1/../../../../arm-none-eabi/lib/thumb/v7e-m+fp/hard\libcr_c.a
LOAD c:/nxp/mcuxpressoide_11.5.1_7266/ide/plugins/com.nxp.mcuxpresso.tools.win32_11.5.1.202201181444/tools/bin/../lib/gcc/arm-none-eabi/10.3.1/thumb/v7e-m+fp/hard\libcr_eabihelpers.a
LOAD c:/nxp/mcuxpressoide_11.5.1_7266/ide/plugins/com.nxp.mcuxpresso.tools.win32_11.5.1.202201181444/tools/bin/../lib/gcc/arm-none-eabi/10.3.1/thumb/v7e-m+fp/hard\libgcc.a
END GROUP
                0x00000000                __base_PROGRAM_FLASH = 0x0
                0x00000000                __base_Flash = 0x0
                0x00200000                __top_PROGRAM_FLASH = 0x200000
                0x00200000                __top_Flash = 0x200000
                0x20000000                __base_SRAM_UPPER = 0x20000000
                0x20000000                __base_RAM = 0x20000000
                0x20030000                __top_SRAM_UPPER = 0x20030000
                0x20030000                __top_RAM = 0x20030000
                0x1fff0000                __base_SRAM_LOWER = 0x1fff0000
                0x1fff0000                __base_RAM2 = 0x1fff0000
                0x20000000                __top_SRAM_LOWER = 0x20000000
                0x20000000                __top_RAM2 = 0x20000000
                0x14000000                __base_FLEX_RAM = 0x14000000
                0x14000000                __base_RAM3 = 0x14000000
                0x14001000                __top_FLEX_RAM = 0x14001000
                0x14001000                __top_RAM3 = 0x14001000

.interrupts     0x00000000      0x29c
 FILL mask 0xff
                0x00000000                __vectors_start__ = ABSOLUTE (.)
 *(SORT_BY_ALIGNMENT(.isr_vector))
 .isr_vector    0x00000000      0x1d0 ./startup/startup_mk66f18.o
                0x00000000                g_pfnVectors
                0x00000000                __Vectors
                0x000001d0                . = ALIGN (0x4)
                0x000001d0                __section_table_start = .
                0x000001d0                __data_section_table = .
                0x000001d0        0x4 LONG 0x4208 LOADADDR (.data)
                0x000001d4        0x4 LONG 0x20000000 ADDR (.data)
                0x000001d8        0x4 LONG 0x10 SIZEOF (.data)
                0x000001dc        0x4 LONG 0x4208 LOADADDR (.data_RAM2)
                0x000001e0        0x4 LONG 0x1fff0000 ADDR (.data_RAM2)
                0x000001e4        0x4 LONG 0x0 SIZEOF (.data_RAM2)
                0x000001e8        0x4 LONG 0x4208 LOADADDR (.data_RAM3)
                0x000001ec        0x4 LONG 0x14000000 ADDR (.data_RAM3)
                0x000001f0        0x4 LONG 0x0 SIZEOF (.data_RAM3)
                0x000001f4                __data_section_table_end = .
                0x000001f4                __bss_section_table = .
                0x000001f4        0x4 LONG 0x20000010 ADDR (.bss)
                0x000001f8        0x4 LONG 0x1d8 SIZEOF (.bss)
                0x000001fc        0x4 LONG 0x1fff0000 ADDR (.bss_RAM2)
                0x00000200        0x4 LONG 0x0 SIZEOF (.bss_RAM2)
                0x00000204        0x4 LONG 0x14000000 ADDR (.bss_RAM3)
                0x00000208        0x4 LONG 0x0 SIZEOF (.bss_RAM3)
                0x0000020c                __bss_section_table_end = .
                0x0000020c                __section_table_end = .
 *(SORT_BY_ALIGNMENT(.after_vectors*))
 .after_vectors.reset
                0x0000020c       0x4c ./startup/startup_mk66f18.o
                0x0000020c                ResetISR
 .after_vectors.init_data
                0x00000258       0x1e ./startup/startup_mk66f18.o
                0x00000258                data_init
 .after_vectors.init_bss
                0x00000276       0x12 ./startup/startup_mk66f18.o
                0x00000276                bss_init
 .after_vectors
                0x00000288       0x14 ./startup/startup_mk66f18.o
                0x00000288                NMI_Handler
                0x0000028c                MemManage_Handler
                0x0000028e                BusFault_Handler
                0x00000290                UsageFault_Handler
                0x00000292                SVC_Handler
                0x00000294                DebugMon_Handler
                0x00000296                PendSV_Handler
                0x00000298                SysTick_Handler
                0x0000029a                FTM2_DriverIRQHandler
                0x0000029a                PIT2_DriverIRQHandler
                0x0000029a                TPM2_DriverIRQHandler
                0x0000029a                TSI0_DriverIRQHandler
                0x0000029a                FTM1_DriverIRQHandler
                0x0000029a                CMP3_DriverIRQHandler
                0x0000029a                LLWU_DriverIRQHandler
                0x0000029a                MCM_DriverIRQHandler
                0x0000029a                MCG_DriverIRQHandler
                0x0000029a                DAC1_DriverIRQHandler
                0x0000029a                RTC_Seconds_DriverIRQHandler
                0x0000029a                CMP1_DriverIRQHandler
                0x0000029a                USBHSDCD_DriverIRQHandler
                0x0000029a                FTM0_DriverIRQHandler
                0x0000029a                IntDefaultHandler
                0x0000029a                USB0_DriverIRQHandler
                0x0000029a                PORTC_DriverIRQHandler
                0x0000029a                DAC0_DriverIRQHandler
                0x0000029a                CMP2_DriverIRQHandler
                0x0000029a                UART2_ERR_DriverIRQHandler
                0x0000029a                DMA_Error_DriverIRQHandler
                0x0000029a                Reserved84_DriverIRQHandler
                0x0000029a                PIT0_DriverIRQHandler
                0x0000029a                RNG_DriverIRQHandler
                0x0000029a                USBDCD_DriverIRQHandler
                0x0000029a                UART3_ERR_DriverIRQHandler
                0x0000029a                UART0_ERR_DriverIRQHandler
                0x0000029a                CMT_DriverIRQHandler
                0x0000029a                Reserved71_DriverIRQHandler
                0x0000029a                ADC1_DriverIRQHandler
                0x0000029a                PORTA_DriverIRQHandler
                0x0000029a                PIT3_DriverIRQHandler
                0x0000029a                PIT1_DriverIRQHandler
                0x0000029a                TPM1_DriverIRQHandler
                0x0000029a                WDOG_EWM_DriverIRQHandler
                0x0000029a                PDB0_DriverIRQHandler
                0x0000029a                RTC_DriverIRQHandler
                0x0000029a                Read_Collision_DriverIRQHandler
                0x0000029a                SWI_DriverIRQHandler
                0x0000029a                UART4_ERR_DriverIRQHandler
                0x0000029a                LPTMR0_DriverIRQHandler
                0x0000029a                PORTB_DriverIRQHandler
                0x0000029a                Reserved85_DriverIRQHandler
                0x0000029a                ADC0_DriverIRQHandler
                0x0000029a                USBHS_DriverIRQHandler
                0x0000029a                CMP0_DriverIRQHandler
                0x0000029a                FTM3_DriverIRQHandler
                0x0000029a                LVD_LVW_DriverIRQHandler
                0x0000029a                UART1_ERR_DriverIRQHandler
                0x0000029a                PORTD_DriverIRQHandler
                0x0000029a                Reserved46_DriverIRQHandler
                0x0000029a                PORTE_DriverIRQHandler
                0x0000029a                FTFE_DriverIRQHandler

.flash_config   0x00000400       0x10
                [!provide]                PROVIDE (__FLASH_CONFIG_START__ = .)
 *(SORT_BY_ALIGNMENT(.FlashConfig))
 .FlashConfig   0x00000400       0x10 ./startup/startup_mk66f18.o
                0x00000400                Flash_Config
                [!provide]                PROVIDE (__FLASH_CONFIG_END__ = .)

.text           0x00000510     0x3cf8
 *(SORT_BY_ALIGNMENT(.text*))
 .text.main     0x00000510       0x3c ./source/boot.o
                0x00000510                main
 .text.CLOCK_SetEr32kClock
                0x0000054c       0x30 ./drivers/fsl_clock.o
 .text.CLOCK_SetPllFllSelClock
                0x0000057c       0x54 ./drivers/fsl_clock.o
 .text.CLOCK_GetMcgExtClkFreq
                0x000005d0       0x7c ./drivers/fsl_clock.o
 .text.CLOCK_GetFllExtRefClkFreq
                0x0000064c       0xb0 ./drivers/fsl_clock.o
 .text.CLOCK_GetInternalRefClkSelectFreq
                0x000006fc       0x4c ./drivers/fsl_clock.o
 .text.CLOCK_GetFllRefClkFreq
                0x00000748       0x34 ./drivers/fsl_clock.o
 .text.CLOCK_GetOscRangeFromFreq
                0x0000077c       0x3c ./drivers/fsl_clock.o
 .text.CLOCK_GetCoreSysClkFreq
                0x000007b8       0x28 ./drivers/fsl_clock.o
                0x000007b8                CLOCK_GetCoreSysClkFreq
 .text.CLOCK_SetSimConfig
                0x000007e0       0x40 ./drivers/fsl_clock.o
                0x000007e0                CLOCK_SetSimConfig
 .text.CLOCK_EnableUsbfs0Clock
                0x00000820      0x11c ./drivers/fsl_clock.o
                0x00000820                CLOCK_EnableUsbfs0Clock
 .text.CLOCK_GetOutClkFreq
                0x0000093c       0x90 ./drivers/fsl_clock.o
                0x0000093c                CLOCK_GetOutClkFreq
 .text.CLOCK_GetFllFreq
                0x000009cc       0x84 ./drivers/fsl_clock.o
                0x000009cc                CLOCK_GetFllFreq
 .text.CLOCK_GetPll0Freq
                0x00000a50       0x7c ./drivers/fsl_clock.o
                0x00000a50                CLOCK_GetPll0Freq
 .text.CLOCK_GetExtPllFreq
                0x00000acc       0x18 ./drivers/fsl_clock.o
                0x00000acc                CLOCK_GetExtPllFreq
 .text.CLOCK_SetExtPllFreq
                0x00000ae4       0x20 ./drivers/fsl_clock.o
                0x00000ae4                CLOCK_SetExtPllFreq
 .text.CLOCK_SetExternalRefClkConfig
                0x00000b04       0x6c ./drivers/fsl_clock.o
                0x00000b04                CLOCK_SetExternalRefClkConfig
 .text.CLOCK_SetInternalRefClkConfig
                0x00000b70      0x104 ./drivers/fsl_clock.o
                0x00000b70                CLOCK_SetInternalRefClkConfig
 .text.CLOCK_EnablePll0
                0x00000c74       0x88 ./drivers/fsl_clock.o
                0x00000c74                CLOCK_EnablePll0
 .text.CLOCK_InitOsc0
                0x00000cfc       0x8c ./drivers/fsl_clock.o
                0x00000cfc                CLOCK_InitOsc0
 .text.CLOCK_SetPbeMode
                0x00000d88       0xe8 ./drivers/fsl_clock.o
                0x00000d88                CLOCK_SetPbeMode
 .text.CLOCK_BootToPeeMode
                0x00000e70       0x68 ./drivers/fsl_clock.o
                0x00000e70                CLOCK_BootToPeeMode
 .text.DSPI_CommonIRQHandler
                0x00000ed8       0x44 ./drivers/fsl_dspi.o
 .text.SPI0_DriverIRQHandler
                0x00000f1c       0x30 ./drivers/fsl_dspi.o
                0x00000f1c                SPI0_DriverIRQHandler
 .text.SPI1_DriverIRQHandler
                0x00000f4c       0x30 ./drivers/fsl_dspi.o
                0x00000f4c                SPI1_DriverIRQHandler
 .text.SPI2_DriverIRQHandler
                0x00000f7c       0x30 ./drivers/fsl_dspi.o
                0x00000f7c                SPI2_DriverIRQHandler
 .text.EDMA_GetChannelStatusFlags
                0x00000fac       0x74 ./drivers/fsl_edma.o
                0x00000fac                EDMA_GetChannelStatusFlags
 .text.EDMA_HandleIRQ
                0x00001020      0x1b0 ./drivers/fsl_edma.o
                0x00001020                EDMA_HandleIRQ
 .text.DMA0_DMA16_DriverIRQHandler
                0x000011d0       0x50 ./drivers/fsl_edma.o
                0x000011d0                DMA0_DMA16_DriverIRQHandler
 .text.DMA1_DMA17_DriverIRQHandler
                0x00001220       0x50 ./drivers/fsl_edma.o
                0x00001220                DMA1_DMA17_DriverIRQHandler
 .text.DMA2_DMA18_DriverIRQHandler
                0x00001270       0x50 ./drivers/fsl_edma.o
                0x00001270                DMA2_DMA18_DriverIRQHandler
 .text.DMA3_DMA19_DriverIRQHandler
                0x000012c0       0x50 ./drivers/fsl_edma.o
                0x000012c0                DMA3_DMA19_DriverIRQHandler
 .text.DMA4_DMA20_DriverIRQHandler
                0x00001310       0x50 ./drivers/fsl_edma.o
                0x00001310                DMA4_DMA20_DriverIRQHandler
 .text.DMA5_DMA21_DriverIRQHandler
                0x00001360       0x50 ./drivers/fsl_edma.o
                0x00001360                DMA5_DMA21_DriverIRQHandler
 .text.DMA6_DMA22_DriverIRQHandler
                0x000013b0       0x50 ./drivers/fsl_edma.o
                0x000013b0                DMA6_DMA22_DriverIRQHandler
 .text.DMA7_DMA23_DriverIRQHandler
                0x00001400       0x50 ./drivers/fsl_edma.o
                0x00001400                DMA7_DMA23_DriverIRQHandler
 .text.DMA8_DMA24_DriverIRQHandler
                0x00001450       0x50 ./drivers/fsl_edma.o
                0x00001450                DMA8_DMA24_DriverIRQHandler
 .text.DMA9_DMA25_DriverIRQHandler
                0x000014a0       0x50 ./drivers/fsl_edma.o
                0x000014a0                DMA9_DMA25_DriverIRQHandler
 .text.DMA10_DMA26_DriverIRQHandler
                0x000014f0       0x50 ./drivers/fsl_edma.o
                0x000014f0                DMA10_DMA26_DriverIRQHandler
 .text.DMA11_DMA27_DriverIRQHandler
                0x00001540       0x50 ./drivers/fsl_edma.o
                0x00001540                DMA11_DMA27_DriverIRQHandler
 .text.DMA12_DMA28_DriverIRQHandler
                0x00001590       0x50 ./drivers/fsl_edma.o
                0x00001590                DMA12_DMA28_DriverIRQHandler
 .text.DMA13_DMA29_DriverIRQHandler
                0x000015e0       0x50 ./drivers/fsl_edma.o
                0x000015e0                DMA13_DMA29_DriverIRQHandler
 .text.DMA14_DMA30_DriverIRQHandler
                0x00001630       0x50 ./drivers/fsl_edma.o
                0x00001630                DMA14_DMA30_DriverIRQHandler
 .text.DMA15_DMA31_DriverIRQHandler
                0x00001680       0x50 ./drivers/fsl_edma.o
                0x00001680                DMA15_DMA31_DriverIRQHandler
 .text.ENET_GetInstance
                0x000016d0       0x44 ./drivers/fsl_enet.o
                0x000016d0                ENET_GetInstance
 .text.ENET_Ptp1588IRQHandler
                0x00001714       0x44 ./drivers/fsl_enet.o
                0x00001714                ENET_Ptp1588IRQHandler
 .text.ENET_TxIRQHandler
                0x00001758       0x48 ./drivers/fsl_enet.o
                0x00001758                ENET_TxIRQHandler
 .text.ENET_RxIRQHandler
                0x000017a0       0x44 ./drivers/fsl_enet.o
                0x000017a0                ENET_RxIRQHandler
 .text.ENET_ErrIRQHandler
                0x000017e4       0x44 ./drivers/fsl_enet.o
                0x000017e4                ENET_ErrIRQHandler
 .text.ENET_Transmit_DriverIRQHandler
                0x00001828       0x18 ./drivers/fsl_enet.o
                0x00001828                ENET_Transmit_DriverIRQHandler
 .text.ENET_Receive_DriverIRQHandler
                0x00001840       0x18 ./drivers/fsl_enet.o
                0x00001840                ENET_Receive_DriverIRQHandler
 .text.ENET_Error_DriverIRQHandler
                0x00001858       0x18 ./drivers/fsl_enet.o
                0x00001858                ENET_Error_DriverIRQHandler
 .text.ENET_1588_Timer_DriverIRQHandler
                0x00001870       0x18 ./drivers/fsl_enet.o
                0x00001870                ENET_1588_Timer_DriverIRQHandler
 .text.CAN0_DriverIRQHandler
                0x00001888       0x3c ./drivers/fsl_flexcan.o
                0x00001888                CAN0_DriverIRQHandler
 .text.CAN1_DriverIRQHandler
                0x000018c4       0x3c ./drivers/fsl_flexcan.o
                0x000018c4                CAN1_DriverIRQHandler
 .text.I2C_TransferCommonIRQHandler
                0x00001900       0x58 ./drivers/fsl_i2c.o
 .text.I2C0_DriverIRQHandler
                0x00001958       0x1c ./drivers/fsl_i2c.o
                0x00001958                I2C0_DriverIRQHandler
 .text.I2C1_DriverIRQHandler
                0x00001974       0x1c ./drivers/fsl_i2c.o
                0x00001974                I2C1_DriverIRQHandler
 .text.I2C2_DriverIRQHandler
                0x00001990       0x1c ./drivers/fsl_i2c.o
                0x00001990                I2C2_DriverIRQHandler
 .text.I2C3_DriverIRQHandler
                0x000019ac       0x1c ./drivers/fsl_i2c.o
                0x000019ac                I2C3_DriverIRQHandler
 .text.LPUART0_DriverIRQHandler
                0x000019c8       0x28 ./drivers/fsl_lpuart.o
                0x000019c8                LPUART0_DriverIRQHandler
 .text.I2S0_Tx_DriverIRQHandler
                0x000019f0       0x3c ./drivers/fsl_sai.o
                0x000019f0                I2S0_Tx_DriverIRQHandler
 .text.I2S0_Rx_DriverIRQHandler
                0x00001a2c       0x3c ./drivers/fsl_sai.o
                0x00001a2c                I2S0_Rx_DriverIRQHandler
 .text.SDHC_DriverIRQHandler
                0x00001a68       0x3c ./drivers/fsl_sdhc.o
                0x00001a68                SDHC_DriverIRQHandler
 .text.UART0_DriverIRQHandler
                0x00001aa4       0x28 ./drivers/fsl_uart.o
                0x00001aa4                UART0_DriverIRQHandler
 .text.UART1_DriverIRQHandler
                0x00001acc       0x28 ./drivers/fsl_uart.o
                0x00001acc                UART1_DriverIRQHandler
 .text.UART2_DriverIRQHandler
                0x00001af4       0x28 ./drivers/fsl_uart.o
                0x00001af4                UART2_DriverIRQHandler
 .text.UART3_DriverIRQHandler
                0x00001b1c       0x28 ./drivers/fsl_uart.o
                0x00001b1c                UART3_DriverIRQHandler
 .text.UART4_DriverIRQHandler
                0x00001b44       0x28 ./drivers/fsl_uart.o
                0x00001b44                UART4_DriverIRQHandler
 .text.SystemInit
                0x00001b6c       0x3c ./device/system_MK66F18.o
                0x00001b6c                SystemInit
 .text.CLOCK_SetSdhc0Clock
                0x00001ba8       0x38 ./board/clock_config.o
 .text.CLOCK_SetEnetTime0Clock
                0x00001be0       0x38 ./board/clock_config.o
 .text.CLOCK_SetRmii0Clock
                0x00001c18       0x38 ./board/clock_config.o
 .text.CLOCK_SetLpuartClock
                0x00001c50       0x38 ./board/clock_config.o
 .text.CLOCK_SetTpmClock
                0x00001c88       0x38 ./board/clock_config.o
 .text.CLOCK_SetTraceClock
                0x00001cc0       0x54 ./board/clock_config.o
 .text.CLOCK_SetClkOutClock
                0x00001d14       0x34 ./board/clock_config.o
 .text.CLOCK_SetRtcClkOutClock
                0x00001d48       0x38 ./board/clock_config.o
 .text.CLOCK_SetSimSafeDivs
                0x00001d80       0x24 ./board/clock_config.o
 .text.CLOCK_SetXtal0Freq
                0x00001da4       0x20 ./board/clock_config.o
 .text.CLOCK_SetXtal32Freq
                0x00001dc4       0x20 ./board/clock_config.o
 .text.CLOCK_CONFIG_SetRtcClock
                0x00001de4       0x84 ./board/clock_config.o
 .text.CLOCK_CONFIG_EnableUsbhs0PhyPllClock
                0x00001e68       0xf4 ./board/clock_config.o
 .text.CLOCK_CONFIG_EnableUsbhs0PfdClock
                0x00001f5c       0xb4 ./board/clock_config.o
 .text.CLOCK_CONFIG_SetUsbSlowClock
                0x00002010       0x38 ./board/clock_config.o
 .text.CLOCK_CONFIG_SetFllExtRefDiv
                0x00002048       0x3c ./board/clock_config.o
 .text.BOARD_BootClockHSRUN
                0x00002084       0xe0 ./board/clock_config.o
                0x00002084                BOARD_BootClockHSRUN
 .text.PORT_SetPinConfig
                0x00002164       0x38 ./board/pin_mux.o
 .text.BOARD_InitPins
                0x0000219c       0x30 ./board/pin_mux.o
                0x0000219c                BOARD_InitPins
 .text.BOARD_InitDEBUG_UARTPins
                0x000021cc       0x68 ./board/pin_mux.o
                0x000021cc                BOARD_InitDEBUG_UARTPins
 .text.__assertion_failed
                0x00002234       0x4c c:/nxp/mcuxpressoide_11.5.1_7266/ide/plugins/com.nxp.mcuxpresso.tools.win32_11.5.1.202201181444/tools/bin/../lib/gcc/arm-none-eabi/10.3.1/../../../../arm-none-eabi/lib/thumb/v7e-m+fp/hard\libcr_semihost_nf.a(_cr_assert.o)
                0x00002234                __assertion_failed
 .text.__sys_appexit
                0x00002280        0xc c:/nxp/mcuxpressoide_11.5.1_7266/ide/plugins/com.nxp.mcuxpresso.tools.win32_11.5.1.202201181444/tools/bin/../lib/gcc/arm-none-eabi/10.3.1/../../../../arm-none-eabi/lib/thumb/v7e-m+fp/hard\libcr_semihost_nf.a(__sys_appexit.o)
                0x00002280                __sys_appexit
                0x00002280                __exit
 .text._Cwritebuf
                0x0000228c       0x6c c:/nxp/mcuxpressoide_11.5.1_7266/ide/plugins/com.nxp.mcuxpresso.tools.win32_11.5.1.202201181444/tools/bin/../lib/gcc/arm-none-eabi/10.3.1/../../../../arm-none-eabi/lib/thumb/v7e-m+fp/hard\libcr_c.a(_writebuf.o)
                0x0000228c                _Cwritebuf
 .text.malloc   0x000022f8       0xc8 c:/nxp/mcuxpressoide_11.5.1_7266/ide/plugins/com.nxp.mcuxpresso.tools.win32_11.5.1.202201181444/tools/bin/../lib/gcc/arm-none-eabi/10.3.1/../../../../arm-none-eabi/lib/thumb/v7e-m+fp/hard\libcr_c.a(alloc.o)
                0x000022f8                malloc
 .text._Csys_alloc
                0x000023c0       0x20 c:/nxp/mcuxpressoide_11.5.1_7266/ide/plugins/com.nxp.mcuxpresso.tools.win32_11.5.1.202201181444/tools/bin/../lib/gcc/arm-none-eabi/10.3.1/../../../../arm-none-eabi/lib/thumb/v7e-m+fp/hard\libcr_c.a(alloc.o)
                0x000023c0                _Csys_alloc
 .text.fseek    0x000023e0       0xfc c:/nxp/mcuxpressoide_11.5.1_7266/ide/plugins/com.nxp.mcuxpresso.tools.win32_11.5.1.202201181444/tools/bin/../lib/gcc/arm-none-eabi/10.3.1/../../../../arm-none-eabi/lib/thumb/v7e-m+fp/hard\libcr_c.a(fseek.o)
                0x000023e0                fseek
 .text.ftell    0x000024dc       0x44 c:/nxp/mcuxpressoide_11.5.1_7266/ide/plugins/com.nxp.mcuxpresso.tools.win32_11.5.1.202201181444/tools/bin/../lib/gcc/arm-none-eabi/10.3.1/../../../../arm-none-eabi/lib/thumb/v7e-m+fp/hard\libcr_c.a(ftell.o)
                0x000024dc                ftell
 .text._initio  0x00002520       0x78 c:/nxp/mcuxpressoide_11.5.1_7266/ide/plugins/com.nxp.mcuxpresso.tools.win32_11.5.1.202201181444/tools/bin/../lib/gcc/arm-none-eabi/10.3.1/../../../../arm-none-eabi/lib/thumb/v7e-m+fp/hard\libcr_c.a(initio.o)
                0x00002520                _initio
 .text.__vfprintf
                0x00002598      0xbf8 c:/nxp/mcuxpressoide_11.5.1_7266/ide/plugins/com.nxp.mcuxpresso.tools.win32_11.5.1.202201181444/tools/bin/../lib/gcc/arm-none-eabi/10.3.1/../../../../arm-none-eabi/lib/thumb/v7e-m+fp/hard\libcr_c.a(printf.o)
                0x00002598                __vfprintf
 .text._vsnprintf
                0x00003190       0x68 c:/nxp/mcuxpressoide_11.5.1_7266/ide/plugins/com.nxp.mcuxpresso.tools.win32_11.5.1.202201181444/tools/bin/../lib/gcc/arm-none-eabi/10.3.1/../../../../arm-none-eabi/lib/thumb/v7e-m+fp/hard\libcr_c.a(printf.o)
                0x00003190                _vsnprintf
 .text._printf  0x000031f8       0x54 c:/nxp/mcuxpressoide_11.5.1_7266/ide/plugins/com.nxp.mcuxpresso.tools.win32_11.5.1.202201181444/tools/bin/../lib/gcc/arm-none-eabi/10.3.1/../../../../arm-none-eabi/lib/thumb/v7e-m+fp/hard\libcr_c.a(printf.o)
                0x000031f8                _printf
 .text._sbrk    0x0000324c       0x3c c:/nxp/mcuxpressoide_11.5.1_7266/ide/plugins/com.nxp.mcuxpresso.tools.win32_11.5.1.202201181444/tools/bin/../lib/gcc/arm-none-eabi/10.3.1/../../../../arm-none-eabi/lib/thumb/v7e-m+fp/hard\libcr_c.a(_cr_sbrk.o)
                0x0000324c                _sbrk
 .text.fflush   0x00003288       0x3c c:/nxp/mcuxpressoide_11.5.1_7266/ide/plugins/com.nxp.mcuxpresso.tools.win32_11.5.1.202201181444/tools/bin/../lib/gcc/arm-none-eabi/10.3.1/../../../../arm-none-eabi/lib/thumb/v7e-m+fp/hard\libcr_c.a(fflush.o)
                0x00003288                fflush
 .text.__check_heap_overflow
                0x000032c4       0x18 c:/nxp/mcuxpressoide_11.5.1_7266/ide/plugins/com.nxp.mcuxpresso.tools.win32_11.5.1.202201181444/tools/bin/../lib/gcc/arm-none-eabi/10.3.1/../../../../arm-none-eabi/lib/thumb/v7e-m+fp/hard\libcr_c.a(_cr_check_heap.o)
                0x000032c4                __check_heap_overflow
 .text.DMA0_DMA16_IRQHandler
                0x000032dc        0x8 ./startup/startup_mk66f18.o
                0x000032dc                DMA0_DMA16_IRQHandler
 .text.DMA1_DMA17_IRQHandler
                0x000032e4        0x8 ./startup/startup_mk66f18.o
                0x000032e4                DMA1_DMA17_IRQHandler
 .text.DMA2_DMA18_IRQHandler
                0x000032ec        0x8 ./startup/startup_mk66f18.o
                0x000032ec                DMA2_DMA18_IRQHandler
 .text.DMA3_DMA19_IRQHandler
                0x000032f4        0x8 ./startup/startup_mk66f18.o
                0x000032f4                DMA3_DMA19_IRQHandler
 .text.DMA4_DMA20_IRQHandler
                0x000032fc        0x8 ./startup/startup_mk66f18.o
                0x000032fc                DMA4_DMA20_IRQHandler
 .text.DMA5_DMA21_IRQHandler
                0x00003304        0x8 ./startup/startup_mk66f18.o
                0x00003304                DMA5_DMA21_IRQHandler
 .text.DMA6_DMA22_IRQHandler
                0x0000330c        0x8 ./startup/startup_mk66f18.o
                0x0000330c                DMA6_DMA22_IRQHandler
 .text.DMA7_DMA23_IRQHandler
                0x00003314        0x8 ./startup/startup_mk66f18.o
                0x00003314                DMA7_DMA23_IRQHandler
 .text.DMA8_DMA24_IRQHandler
                0x0000331c        0x8 ./startup/startup_mk66f18.o
                0x0000331c                DMA8_DMA24_IRQHandler
 .text.DMA9_DMA25_IRQHandler
                0x00003324        0x8 ./startup/startup_mk66f18.o
                0x00003324                DMA9_DMA25_IRQHandler
 .text.DMA10_DMA26_IRQHandler
                0x0000332c        0x8 ./startup/startup_mk66f18.o
                0x0000332c                DMA10_DMA26_IRQHandler
 .text.DMA11_DMA27_IRQHandler
                0x00003334        0x8 ./startup/startup_mk66f18.o
                0x00003334                DMA11_DMA27_IRQHandler
 .text.DMA12_DMA28_IRQHandler
                0x0000333c        0x8 ./startup/startup_mk66f18.o
                0x0000333c                DMA12_DMA28_IRQHandler
 .text.DMA13_DMA29_IRQHandler
                0x00003344        0x8 ./startup/startup_mk66f18.o
                0x00003344                DMA13_DMA29_IRQHandler
 .text.DMA14_DMA30_IRQHandler
                0x0000334c        0x8 ./startup/startup_mk66f18.o
                0x0000334c                DMA14_DMA30_IRQHandler
 .text.DMA15_DMA31_IRQHandler
                0x00003354        0x8 ./startup/startup_mk66f18.o
                0x00003354                DMA15_DMA31_IRQHandler
 .text.DMA_Error_IRQHandler
                0x0000335c        0x8 ./startup/startup_mk66f18.o
                0x0000335c                DMA_Error_IRQHandler
 .text.MCM_IRQHandler
                0x00003364        0x8 ./startup/startup_mk66f18.o
                0x00003364                MCM_IRQHandler
 .text.FTFE_IRQHandler
                0x0000336c        0x8 ./startup/startup_mk66f18.o
                0x0000336c                FTFE_IRQHandler
 .text.Read_Collision_IRQHandler
                0x00003374        0x8 ./startup/startup_mk66f18.o
                0x00003374                Read_Collision_IRQHandler
 .text.LVD_LVW_IRQHandler
                0x0000337c        0x8 ./startup/startup_mk66f18.o
                0x0000337c                LVD_LVW_IRQHandler
 .text.LLWU_IRQHandler
                0x00003384        0x8 ./startup/startup_mk66f18.o
                0x00003384                LLWU_IRQHandler
 .text.WDOG_EWM_IRQHandler
                0x0000338c        0x8 ./startup/startup_mk66f18.o
                0x0000338c                WDOG_EWM_IRQHandler
 .text.RNG_IRQHandler
                0x00003394        0x8 ./startup/startup_mk66f18.o
                0x00003394                RNG_IRQHandler
 .text.I2C0_IRQHandler
                0x0000339c        0x8 ./startup/startup_mk66f18.o
                0x0000339c                I2C0_IRQHandler
 .text.I2C1_IRQHandler
                0x000033a4        0x8 ./startup/startup_mk66f18.o
                0x000033a4                I2C1_IRQHandler
 .text.SPI0_IRQHandler
                0x000033ac        0x8 ./startup/startup_mk66f18.o
                0x000033ac                SPI0_IRQHandler
 .text.SPI1_IRQHandler
                0x000033b4        0x8 ./startup/startup_mk66f18.o
                0x000033b4                SPI1_IRQHandler
 .text.I2S0_Tx_IRQHandler
                0x000033bc        0x8 ./startup/startup_mk66f18.o
                0x000033bc                I2S0_Tx_IRQHandler
 .text.I2S0_Rx_IRQHandler
                0x000033c4        0x8 ./startup/startup_mk66f18.o
                0x000033c4                I2S0_Rx_IRQHandler
 .text.Reserved46_IRQHandler
                0x000033cc        0x8 ./startup/startup_mk66f18.o
                0x000033cc                Reserved46_IRQHandler
 .text.UART0_RX_TX_IRQHandler
                0x000033d4        0x8 ./startup/startup_mk66f18.o
                0x000033d4                UART0_RX_TX_IRQHandler
 .text.UART0_ERR_IRQHandler
                0x000033dc        0x8 ./startup/startup_mk66f18.o
                0x000033dc                UART0_ERR_IRQHandler
 .text.UART1_RX_TX_IRQHandler
                0x000033e4        0x8 ./startup/startup_mk66f18.o
                0x000033e4                UART1_RX_TX_IRQHandler
 .text.UART1_ERR_IRQHandler
                0x000033ec        0x8 ./startup/startup_mk66f18.o
                0x000033ec                UART1_ERR_IRQHandler
 .text.UART2_RX_TX_IRQHandler
                0x000033f4        0x8 ./startup/startup_mk66f18.o
                0x000033f4                UART2_RX_TX_IRQHandler
 .text.UART2_ERR_IRQHandler
                0x000033fc        0x8 ./startup/startup_mk66f18.o
                0x000033fc                UART2_ERR_IRQHandler
 .text.UART3_RX_TX_IRQHandler
                0x00003404        0x8 ./startup/startup_mk66f18.o
                0x00003404                UART3_RX_TX_IRQHandler
 .text.UART3_ERR_IRQHandler
                0x0000340c        0x8 ./startup/startup_mk66f18.o
                0x0000340c                UART3_ERR_IRQHandler
 .text.ADC0_IRQHandler
                0x00003414        0x8 ./startup/startup_mk66f18.o
                0x00003414                ADC0_IRQHandler
 .text.CMP0_IRQHandler
                0x0000341c        0x8 ./startup/startup_mk66f18.o
                0x0000341c                CMP0_IRQHandler
 .text.CMP1_IRQHandler
                0x00003424        0x8 ./startup/startup_mk66f18.o
                0x00003424                CMP1_IRQHandler
 .text.FTM0_IRQHandler
                0x0000342c        0x8 ./startup/startup_mk66f18.o
                0x0000342c                FTM0_IRQHandler
 .text.FTM1_IRQHandler
                0x00003434        0x8 ./startup/startup_mk66f18.o
                0x00003434                FTM1_IRQHandler
 .text.FTM2_IRQHandler
                0x0000343c        0x8 ./startup/startup_mk66f18.o
                0x0000343c                FTM2_IRQHandler
 .text.CMT_IRQHandler
                0x00003444        0x8 ./startup/startup_mk66f18.o
                0x00003444                CMT_IRQHandler
 .text.RTC_IRQHandler
                0x0000344c        0x8 ./startup/startup_mk66f18.o
                0x0000344c                RTC_IRQHandler
 .text.RTC_Seconds_IRQHandler
                0x00003454        0x8 ./startup/startup_mk66f18.o
                0x00003454                RTC_Seconds_IRQHandler
 .text.PIT0_IRQHandler
                0x0000345c        0x8 ./startup/startup_mk66f18.o
                0x0000345c                PIT0_IRQHandler
 .text.PIT1_IRQHandler
                0x00003464        0x8 ./startup/startup_mk66f18.o
                0x00003464                PIT1_IRQHandler
 .text.PIT2_IRQHandler
                0x0000346c        0x8 ./startup/startup_mk66f18.o
                0x0000346c                PIT2_IRQHandler
 .text.PIT3_IRQHandler
                0x00003474        0x8 ./startup/startup_mk66f18.o
                0x00003474                PIT3_IRQHandler
 .text.PDB0_IRQHandler
                0x0000347c        0x8 ./startup/startup_mk66f18.o
                0x0000347c                PDB0_IRQHandler
 .text.USB0_IRQHandler
                0x00003484        0x8 ./startup/startup_mk66f18.o
                0x00003484                USB0_IRQHandler
 .text.USBDCD_IRQHandler
                0x0000348c        0x8 ./startup/startup_mk66f18.o
                0x0000348c                USBDCD_IRQHandler
 .text.Reserved71_IRQHandler
                0x00003494        0x8 ./startup/startup_mk66f18.o
                0x00003494                Reserved71_IRQHandler
 .text.DAC0_IRQHandler
                0x0000349c        0x8 ./startup/startup_mk66f18.o
                0x0000349c                DAC0_IRQHandler
 .text.MCG_IRQHandler
                0x000034a4        0x8 ./startup/startup_mk66f18.o
                0x000034a4                MCG_IRQHandler
 .text.LPTMR0_IRQHandler
                0x000034ac        0x8 ./startup/startup_mk66f18.o
                0x000034ac                LPTMR0_IRQHandler
 .text.PORTA_IRQHandler
                0x000034b4        0x8 ./startup/startup_mk66f18.o
                0x000034b4                PORTA_IRQHandler
 .text.PORTB_IRQHandler
                0x000034bc        0x8 ./startup/startup_mk66f18.o
                0x000034bc                PORTB_IRQHandler
 .text.PORTC_IRQHandler
                0x000034c4        0x8 ./startup/startup_mk66f18.o
                0x000034c4                PORTC_IRQHandler
 .text.PORTD_IRQHandler
                0x000034cc        0x8 ./startup/startup_mk66f18.o
                0x000034cc                PORTD_IRQHandler
 .text.PORTE_IRQHandler
                0x000034d4        0x8 ./startup/startup_mk66f18.o
                0x000034d4                PORTE_IRQHandler
 .text.SWI_IRQHandler
                0x000034dc        0x8 ./startup/startup_mk66f18.o
                0x000034dc                SWI_IRQHandler
 .text.SPI2_IRQHandler
                0x000034e4        0x8 ./startup/startup_mk66f18.o
                0x000034e4                SPI2_IRQHandler
 .text.UART4_RX_TX_IRQHandler
                0x000034ec        0x8 ./startup/startup_mk66f18.o
                0x000034ec                UART4_RX_TX_IRQHandler
 .text.UART4_ERR_IRQHandler
                0x000034f4        0x8 ./startup/startup_mk66f18.o
                0x000034f4                UART4_ERR_IRQHandler
 .text.Reserved84_IRQHandler
                0x000034fc        0x8 ./startup/startup_mk66f18.o
                0x000034fc                Reserved84_IRQHandler
 .text.Reserved85_IRQHandler
                0x00003504        0x8 ./startup/startup_mk66f18.o
                0x00003504                Reserved85_IRQHandler
 .text.CMP2_IRQHandler
                0x0000350c        0x8 ./startup/startup_mk66f18.o
                0x0000350c                CMP2_IRQHandler
 .text.FTM3_IRQHandler
                0x00003514        0x8 ./startup/startup_mk66f18.o
                0x00003514                FTM3_IRQHandler
 .text.DAC1_IRQHandler
                0x0000351c        0x8 ./startup/startup_mk66f18.o
                0x0000351c                DAC1_IRQHandler
 .text.ADC1_IRQHandler
                0x00003524        0x8 ./startup/startup_mk66f18.o
                0x00003524                ADC1_IRQHandler
 .text.I2C2_IRQHandler
                0x0000352c        0x8 ./startup/startup_mk66f18.o
                0x0000352c                I2C2_IRQHandler
 .text.CAN0_ORed_Message_buffer_IRQHandler
                0x00003534        0x8 ./startup/startup_mk66f18.o
                0x00003534                CAN0_ORed_Message_buffer_IRQHandler
 .text.CAN0_Bus_Off_IRQHandler
                0x0000353c        0x8 ./startup/startup_mk66f18.o
                0x0000353c                CAN0_Bus_Off_IRQHandler
 .text.CAN0_Error_IRQHandler
                0x00003544        0x8 ./startup/startup_mk66f18.o
                0x00003544                CAN0_Error_IRQHandler
 .text.CAN0_Tx_Warning_IRQHandler
                0x0000354c        0x8 ./startup/startup_mk66f18.o
                0x0000354c                CAN0_Tx_Warning_IRQHandler
 .text.CAN0_Rx_Warning_IRQHandler
                0x00003554        0x8 ./startup/startup_mk66f18.o
                0x00003554                CAN0_Rx_Warning_IRQHandler
 .text.CAN0_Wake_Up_IRQHandler
                0x0000355c        0x8 ./startup/startup_mk66f18.o
                0x0000355c                CAN0_Wake_Up_IRQHandler
 .text.SDHC_IRQHandler
                0x00003564        0x8 ./startup/startup_mk66f18.o
                0x00003564                SDHC_IRQHandler
 .text.ENET_1588_Timer_IRQHandler
                0x0000356c        0x8 ./startup/startup_mk66f18.o
                0x0000356c                ENET_1588_Timer_IRQHandler
 .text.ENET_Transmit_IRQHandler
                0x00003574        0x8 ./startup/startup_mk66f18.o
                0x00003574                ENET_Transmit_IRQHandler
 .text.ENET_Receive_IRQHandler
                0x0000357c        0x8 ./startup/startup_mk66f18.o
                0x0000357c                ENET_Receive_IRQHandler
 .text.ENET_Error_IRQHandler
                0x00003584        0x8 ./startup/startup_mk66f18.o
                0x00003584                ENET_Error_IRQHandler
 .text.LPUART0_IRQHandler
                0x0000358c        0x8 ./startup/startup_mk66f18.o
                0x0000358c                LPUART0_IRQHandler
 .text.TSI0_IRQHandler
                0x00003594        0x8 ./startup/startup_mk66f18.o
                0x00003594                TSI0_IRQHandler
 .text.TPM1_IRQHandler
                0x0000359c        0x8 ./startup/startup_mk66f18.o
                0x0000359c                TPM1_IRQHandler
 .text.TPM2_IRQHandler
                0x000035a4        0x8 ./startup/startup_mk66f18.o
                0x000035a4                TPM2_IRQHandler
 .text.USBHSDCD_IRQHandler
                0x000035ac        0x8 ./startup/startup_mk66f18.o
                0x000035ac                USBHSDCD_IRQHandler
 .text.I2C3_IRQHandler
                0x000035b4        0x8 ./startup/startup_mk66f18.o
                0x000035b4                I2C3_IRQHandler
 .text.CMP3_IRQHandler
                0x000035bc        0x8 ./startup/startup_mk66f18.o
                0x000035bc                CMP3_IRQHandler
 .text.USBHS_IRQHandler
                0x000035c4        0x8 ./startup/startup_mk66f18.o
                0x000035c4                USBHS_IRQHandler
 .text.CAN1_ORed_Message_buffer_IRQHandler
                0x000035cc        0x8 ./startup/startup_mk66f18.o
                0x000035cc                CAN1_ORed_Message_buffer_IRQHandler
 .text.CAN1_Bus_Off_IRQHandler
                0x000035d4        0x8 ./startup/startup_mk66f18.o
                0x000035d4                CAN1_Bus_Off_IRQHandler
 .text.CAN1_Error_IRQHandler
                0x000035dc        0x8 ./startup/startup_mk66f18.o
                0x000035dc                CAN1_Error_IRQHandler
 .text.CAN1_Tx_Warning_IRQHandler
                0x000035e4        0x8 ./startup/startup_mk66f18.o
                0x000035e4                CAN1_Tx_Warning_IRQHandler
 .text.CAN1_Rx_Warning_IRQHandler
                0x000035ec        0x8 ./startup/startup_mk66f18.o
                0x000035ec                CAN1_Rx_Warning_IRQHandler
 .text.CAN1_Wake_Up_IRQHandler
                0x000035f4        0x8 ./startup/startup_mk66f18.o
                0x000035f4                CAN1_Wake_Up_IRQHandler
 .text.start_os
                0x000035fc       0x2a ./source/boot.o
                0x000035fc                start_os
 .text.HardFault_Handler
                0x00003626       0x2c ./source/semihost_hardfault.o
                0x00003626                HardFault_Handler
 .text.CLOCK_EnableClock
                0x00003652       0x34 ./drivers/fsl_clock.o
 .text.CLOCK_DisableClock
                0x00003686       0x38 ./drivers/fsl_clock.o
 .text.OSC_SetExtRefClkConfig
                0x000036be       0x40 ./drivers/fsl_clock.o
 .text.OSC_SetCapLoad
                0x000036fe       0x34 ./drivers/fsl_clock.o
 .text.CLOCK_GetPll0RefFreq
                0x00003732        0xe ./drivers/fsl_clock.o
 .text.DSPI_IsMaster
                0x00003740       0x26 ./drivers/fsl_dspi.o
 .text.SMC_SetPowerModeHsrun
                0x00003766       0x32 ./drivers/fsl_smc.o
                0x00003766                SMC_SetPowerModeHsrun
 .text.UART0_RX_TX_DriverIRQHandler
                0x00003798       0x12 ./drivers/fsl_uart.o
                0x00003798                UART0_RX_TX_DriverIRQHandler
 .text.UART1_RX_TX_DriverIRQHandler
                0x000037aa       0x12 ./drivers/fsl_uart.o
                0x000037aa                UART1_RX_TX_DriverIRQHandler
 .text.UART2_RX_TX_DriverIRQHandler
                0x000037bc       0x12 ./drivers/fsl_uart.o
                0x000037bc                UART2_RX_TX_DriverIRQHandler
 .text.UART3_RX_TX_DriverIRQHandler
                0x000037ce       0x12 ./drivers/fsl_uart.o
                0x000037ce                UART3_RX_TX_DriverIRQHandler
 .text.UART4_RX_TX_DriverIRQHandler
                0x000037e0       0x12 ./drivers/fsl_uart.o
                0x000037e0                UART4_RX_TX_DriverIRQHandler
 .text.SystemInitHook
                0x000037f2        0xe ./device/system_MK66F18.o
                0x000037f2                SystemInitHook
 .text.DbgConsole_Init
                0x00003800       0x20 ./board/board.o
 .text.BOARD_InitDebugConsole
                0x00003820       0x22 ./board/board.o
                0x00003820                BOARD_InitDebugConsole
 .text.CLOCK_EnableClock
                0x00003842       0x34 ./board/clock_config.o
 .text.CLOCK_DisableClock
                0x00003876       0x38 ./board/clock_config.o
 .text.SMC_SetPowerModeProtection
                0x000038ae       0x1e ./board/clock_config.o
 .text.SMC_GetPowerModeState
                0x000038cc       0x1a ./board/clock_config.o
 .text.RTC_SetOscCapLoad
                0x000038e6       0x32 ./board/clock_config.o
 .text.BOARD_InitBootClocks
                0x00003918        0xc ./board/clock_config.o
                0x00003918                BOARD_InitBootClocks
 .text.BOARD_InitPeripherals
                0x00003924        0xe ./board/peripherals.o
                0x00003924                BOARD_InitPeripherals
 .text.BOARD_InitBootPeripherals
                0x00003932        0xc ./board/peripherals.o
                0x00003932                BOARD_InitBootPeripherals
 .text.CLOCK_EnableClock
                0x0000393e       0x34 ./board/pin_mux.o
 .text.PORT_SetPinMux
                0x00003972       0x3a ./board/pin_mux.o
 .text.BOARD_InitBootPins
                0x000039ac       0x10 ./board/pin_mux.o
                0x000039ac                BOARD_InitBootPins
 .text.__main   0x000039bc        0xe c:/nxp/mcuxpressoide_11.5.1_7266/ide/plugins/com.nxp.mcuxpresso.tools.win32_11.5.1.202201181444/tools/bin/../lib/gcc/arm-none-eabi/10.3.1/../../../../arm-none-eabi/lib/thumb/v7e-m+fp/hard\libcr_semihost_nf.a(_cr__main.o)
                0x000039bc                __CR_SEMIHOST
                0x000039bc                __main
 .text.memset   0x000039ca        0x4 c:/nxp/mcuxpressoide_11.5.1_7266/ide/plugins/com.nxp.mcuxpresso.tools.win32_11.5.1.202201181444/tools/bin/../lib/gcc/arm-none-eabi/10.3.1/../../../../arm-none-eabi/lib/thumb/v7e-m+fp/hard\libcr_c.a(memset.o)
                0x000039ca                memset
 .text._deferredlazyseek
                0x000039ce       0x40 c:/nxp/mcuxpressoide_11.5.1_7266/ide/plugins/com.nxp.mcuxpresso.tools.win32_11.5.1.202201181444/tools/bin/../lib/gcc/arm-none-eabi/10.3.1/../../../../arm-none-eabi/lib/thumb/v7e-m+fp/hard\libcr_c.a(_deferredlazyseek.o)
                0x000039ce                _deferredlazyseek
 .text.__flsbuf
                0x00003a0e      0x140 c:/nxp/mcuxpressoide_11.5.1_7266/ide/plugins/com.nxp.mcuxpresso.tools.win32_11.5.1.202201181444/tools/bin/../lib/gcc/arm-none-eabi/10.3.1/../../../../arm-none-eabi/lib/thumb/v7e-m+fp/hard\libcr_c.a(_deferredlazyseek.o)
                0x00003a0e                __flsbuf
 .text._fflush  0x00003b4e       0x52 c:/nxp/mcuxpressoide_11.5.1_7266/ide/plugins/com.nxp.mcuxpresso.tools.win32_11.5.1.202201181444/tools/bin/../lib/gcc/arm-none-eabi/10.3.1/../../../../arm-none-eabi/lib/thumb/v7e-m+fp/hard\libcr_c.a(_fflush.o)
                0x00003b4e                _fflush
 .text.free     0x00003ba0       0x30 c:/nxp/mcuxpressoide_11.5.1_7266/ide/plugins/com.nxp.mcuxpresso.tools.win32_11.5.1.202201181444/tools/bin/../lib/gcc/arm-none-eabi/10.3.1/../../../../arm-none-eabi/lib/thumb/v7e-m+fp/hard\libcr_c.a(alloc.o)
                0x00003ba0                free
 .text.fputs    0x00003bd0       0x2c c:/nxp/mcuxpressoide_11.5.1_7266/ide/plugins/com.nxp.mcuxpresso.tools.win32_11.5.1.202201181444/tools/bin/../lib/gcc/arm-none-eabi/10.3.1/../../../../arm-none-eabi/lib/thumb/v7e-m+fp/hard\libcr_c.a(fputs.o)
                0x00003bd0                fputs
 .text.no_fp_display
                0x00003bfc        0x4 c:/nxp/mcuxpressoide_11.5.1_7266/ide/plugins/com.nxp.mcuxpresso.tools.win32_11.5.1.202201181444/tools/bin/../lib/gcc/arm-none-eabi/10.3.1/../../../../arm-none-eabi/lib/thumb/v7e-m+fp/hard\libcr_c.a(printf.o)
 .text.setvbuf  0x00003c00       0x3e c:/nxp/mcuxpressoide_11.5.1_7266/ide/plugins/com.nxp.mcuxpresso.tools.win32_11.5.1.202201181444/tools/bin/../lib/gcc/arm-none-eabi/10.3.1/../../../../arm-none-eabi/lib/thumb/v7e-m+fp/hard\libcr_c.a(setvbuf.o)
                0x00003c00                setvbuf
 .text.strlen   0x00003c3e       0x48 c:/nxp/mcuxpressoide_11.5.1_7266/ide/plugins/com.nxp.mcuxpresso.tools.win32_11.5.1.202201181444/tools/bin/../lib/gcc/arm-none-eabi/10.3.1/../../../../arm-none-eabi/lib/thumb/v7e-m+fp/hard\libcr_c.a(strlen.o)
                0x00003c3e                strlen
 .text._fdopen  0x00003c86       0x68 c:/nxp/mcuxpressoide_11.5.1_7266/ide/plugins/com.nxp.mcuxpresso.tools.win32_11.5.1.202201181444/tools/bin/../lib/gcc/arm-none-eabi/10.3.1/../../../../arm-none-eabi/lib/thumb/v7e-m+fp/hard\libcr_c.a(_fdopen.o)
                0x00003c86                _fdopen
 .text.fclose   0x00003cee       0x58 c:/nxp/mcuxpressoide_11.5.1_7266/ide/plugins/com.nxp.mcuxpresso.tools.win32_11.5.1.202201181444/tools/bin/../lib/gcc/arm-none-eabi/10.3.1/../../../../arm-none-eabi/lib/thumb/v7e-m+fp/hard\libcr_c.a(fclose.o)
                0x00003cee                fclose
 .text.remove   0x00003d46       0x14 c:/nxp/mcuxpressoide_11.5.1_7266/ide/plugins/com.nxp.mcuxpresso.tools.win32_11.5.1.202201181444/tools/bin/../lib/gcc/arm-none-eabi/10.3.1/../../../../arm-none-eabi/lib/thumb/v7e-m+fp/hard\libcr_c.a(remove.o)
                0x00003d46                remove
 .text._do_fflush
                0x00003d5a       0x40 c:/nxp/mcuxpressoide_11.5.1_7266/ide/plugins/com.nxp.mcuxpresso.tools.win32_11.5.1.202201181444/tools/bin/../lib/gcc/arm-none-eabi/10.3.1/../../../../arm-none-eabi/lib/thumb/v7e-m+fp/hard\libcr_c.a(_do_fflush.o)
                0x00003d5a                _do_fflush
 .text.__aeabi_memset_lowlevel
                0x00003d9a       0x32 c:/nxp/mcuxpressoide_11.5.1_7266/ide/plugins/com.nxp.mcuxpresso.tools.win32_11.5.1.202201181444/tools/bin/../lib/gcc/arm-none-eabi/10.3.1/thumb/v7e-m+fp/hard\libcr_eabihelpers.a(memcpy.o)
                0x00003d9a                __aeabi_lowlevel_memset
 .text.__sys_close
                0x00003dcc        0xc c:/nxp/mcuxpressoide_11.5.1_7266/ide/plugins/com.nxp.mcuxpresso.tools.win32_11.5.1.202201181444/tools/bin/../lib/gcc/arm-none-eabi/10.3.1/../../../../arm-none-eabi/lib/thumb/v7e-m+fp/hard\libcr_semihost_nf.a(__sys_close.o)
                0x00003dcc                __sys_close
 .text.__sys_flen
                0x00003dd8        0xc c:/nxp/mcuxpressoide_11.5.1_7266/ide/plugins/com.nxp.mcuxpresso.tools.win32_11.5.1.202201181444/tools/bin/../lib/gcc/arm-none-eabi/10.3.1/../../../../arm-none-eabi/lib/thumb/v7e-m+fp/hard\libcr_semihost_nf.a(__sys_flen.o)
                0x00003dd8                __sys_flen
 .text.__sys_istty
                0x00003de4        0xc c:/nxp/mcuxpressoide_11.5.1_7266/ide/plugins/com.nxp.mcuxpresso.tools.win32_11.5.1.202201181444/tools/bin/../lib/gcc/arm-none-eabi/10.3.1/../../../../arm-none-eabi/lib/thumb/v7e-m+fp/hard\libcr_semihost_nf.a(__sys_istty.o)
                0x00003de4                __sys_istty
 .text.__sys_remove
                0x00003df0        0xc c:/nxp/mcuxpressoide_11.5.1_7266/ide/plugins/com.nxp.mcuxpresso.tools.win32_11.5.1.202201181444/tools/bin/../lib/gcc/arm-none-eabi/10.3.1/../../../../arm-none-eabi/lib/thumb/v7e-m+fp/hard\libcr_semihost_nf.a(__sys_remove.o)
                0x00003df0                __sys_remove
 .text.__sys_seek
                0x00003dfc        0xc c:/nxp/mcuxpressoide_11.5.1_7266/ide/plugins/com.nxp.mcuxpresso.tools.win32_11.5.1.202201181444/tools/bin/../lib/gcc/arm-none-eabi/10.3.1/../../../../arm-none-eabi/lib/thumb/v7e-m+fp/hard\libcr_semihost_nf.a(__sys_seek.o)
                0x00003dfc                __sys_seek
 .text.__sys_tmpnam
                0x00003e08        0xc c:/nxp/mcuxpressoide_11.5.1_7266/ide/plugins/com.nxp.mcuxpresso.tools.win32_11.5.1.202201181444/tools/bin/../lib/gcc/arm-none-eabi/10.3.1/../../../../arm-none-eabi/lib/thumb/v7e-m+fp/hard\libcr_semihost_nf.a(__sys_tmpnam.o)
                0x00003e08                __sys_tmpnam
 .text.__sys_write
                0x00003e14        0xc c:/nxp/mcuxpressoide_11.5.1_7266/ide/plugins/com.nxp.mcuxpresso.tools.win32_11.5.1.202201181444/tools/bin/../lib/gcc/arm-none-eabi/10.3.1/../../../../arm-none-eabi/lib/thumb/v7e-m+fp/hard\libcr_semihost_nf.a(__sys_write.o)
                0x00003e14                __sys_write
 *(SORT_BY_ALIGNMENT(.rodata) SORT_BY_ALIGNMENT(.rodata.*) SORT_BY_ALIGNMENT(.constdata) SORT_BY_ALIGNMENT(.constdata.*))
 .rodata.main.str1.4
                0x00003e20       0x11 ./source/boot.o
 *fill*         0x00003e31        0x3 
 .rodata.CLOCK_GetMcgExtClkFreq.str1.4
                0x00003e34       0x49 ./drivers/fsl_clock.o
 *fill*         0x00003e7d        0x3 
 .rodata.CLOCK_EnableUsbfs0Clock.str1.4
                0x00003e80       0x2d ./drivers/fsl_clock.o
 *fill*         0x00003ead        0x3 
 .rodata.CLOCK_GetPll0Freq.str1.4
                0x00003eb0       0x1d ./drivers/fsl_clock.o
 *fill*         0x00003ecd        0x3 
 .rodata.CLOCK_EnablePll0.str1.4
                0x00003ed0       0x1a ./drivers/fsl_clock.o
 *fill*         0x00003eea        0x2 
 .rodata.CLOCK_SetPbeMode.str1.4
                0x00003eec       0x1a ./drivers/fsl_clock.o
 *fill*         0x00003f06        0x2 
 .rodata.CLOCK_BootToPeeMode.str1.4
                0x00003f08       0x1a ./drivers/fsl_clock.o
 *fill*         0x00003f22        0x2 
 .rodata.fllFactorTable.1
                0x00003f24       0x10 ./drivers/fsl_clock.o
 .rodata.SPI0_DriverIRQHandler.str1.4
                0x00003f34       0x2a ./drivers/fsl_dspi.o
 *fill*         0x00003f5e        0x2 
 .rodata.SPI1_DriverIRQHandler.str1.4
                0x00003f60       0x2a ./drivers/fsl_dspi.o
 *fill*         0x00003f8a        0x2 
 .rodata.SPI2_DriverIRQHandler.str1.4
                0x00003f8c       0x2a ./drivers/fsl_dspi.o
 *fill*         0x00003fb6        0x2 
 .rodata.EDMA_GetChannelStatusFlags.str1.4
                0x00003fb8       0x45 ./drivers/fsl_edma.o
 *fill*         0x00003ffd        0x3 
 .rodata.EDMA_HandleIRQ.str1.4
                0x00004000       0x21 ./drivers/fsl_edma.o
 *fill*         0x00004021        0x3 
 .rodata.ENET_GetInstance.str1.4
                0x00004024       0x34 ./drivers/fsl_enet.o
 .rodata.CAN0_DriverIRQHandler.str1.4
                0x00004058       0x30 ./drivers/fsl_flexcan.o
 .rodata.CAN1_DriverIRQHandler.str1.4
                0x00004088       0x30 ./drivers/fsl_flexcan.o
 .rodata.I2S0_Tx_DriverIRQHandler.str1.4
                0x000040b8       0x2b ./drivers/fsl_sai.o
 *fill*         0x000040e3        0x1 
 .rodata.I2S0_Rx_DriverIRQHandler.str1.4
                0x000040e4       0x2b ./drivers/fsl_sai.o
 *fill*         0x0000410f        0x1 
 .rodata.SDHC_DriverIRQHandler.str1.4
                0x00004110       0x2a ./drivers/fsl_sdhc.o
 *fill*         0x0000413a        0x2 
 .rodata.mcgConfig_BOARD_BootClockHSRUN
                0x0000413c        0xc ./board/clock_config.o
                0x0000413c                mcgConfig_BOARD_BootClockHSRUN
 .rodata.simConfig_BOARD_BootClockHSRUN
                0x00004148        0x8 ./board/clock_config.o
                0x00004148                simConfig_BOARD_BootClockHSRUN
 .rodata.oscConfig_BOARD_BootClockHSRUN
                0x00004150        0x8 ./board/clock_config.o
                0x00004150                oscConfig_BOARD_BootClockHSRUN
 .rodata.PORT_SetPinConfig.str1.4
                0x00004158       0x3f ./board/pin_mux.o
 *fill*         0x00004197        0x1 
 .rodata.__num_Ciob_streams
                0x00004198        0x4 c:/nxp/mcuxpressoide_11.5.1_7266/ide/plugins/com.nxp.mcuxpresso.tools.win32_11.5.1.202201181444/tools/bin/../lib/gcc/arm-none-eabi/10.3.1/../../../../arm-none-eabi/lib/thumb/v7e-m+fp/hard\libcr_semihost_nf.a(__ciob.o)
                0x00004198                __num_Ciob_streams
 .rodata.__assertion_failed.str1.1
                0x0000419c       0x15 c:/nxp/mcuxpressoide_11.5.1_7266/ide/plugins/com.nxp.mcuxpresso.tools.win32_11.5.1.202201181444/tools/bin/../lib/gcc/arm-none-eabi/10.3.1/../../../../arm-none-eabi/lib/thumb/v7e-m+fp/hard\libcr_semihost_nf.a(_cr_assert.o)
 .rodata._Csys_alloc.str1.1
                0x000041b1       0x18 c:/nxp/mcuxpressoide_11.5.1_7266/ide/plugins/com.nxp.mcuxpresso.tools.win32_11.5.1.202201181444/tools/bin/../lib/gcc/arm-none-eabi/10.3.1/../../../../arm-none-eabi/lib/thumb/v7e-m+fp/hard\libcr_c.a(alloc.o)
 .rodata._initio.str1.1
                0x000041c9        0x4 c:/nxp/mcuxpressoide_11.5.1_7266/ide/plugins/com.nxp.mcuxpresso.tools.win32_11.5.1.202201181444/tools/bin/../lib/gcc/arm-none-eabi/10.3.1/../../../../arm-none-eabi/lib/thumb/v7e-m+fp/hard\libcr_c.a(initio.o)
 .rodata.__vfprintf.str1.1
                0x000041cd       0x35 c:/nxp/mcuxpressoide_11.5.1_7266/ide/plugins/com.nxp.mcuxpresso.tools.win32_11.5.1.202201181444/tools/bin/../lib/gcc/arm-none-eabi/10.3.1/../../../../arm-none-eabi/lib/thumb/v7e-m+fp/hard\libcr_c.a(printf.o)
                                 0x38 (size before relaxing)
                0x00004208                . = ALIGN (0x8)
 *fill*         0x00004202        0x6 
                0x00004208                _etext = .

.glue_7         0x00004208        0x0
 .glue_7        0x00004208        0x0 linker stubs

.glue_7t        0x00004208        0x0
 .glue_7t       0x00004208        0x0 linker stubs

.vfp11_veneer   0x00004208        0x0
 .vfp11_veneer  0x00004208        0x0 linker stubs

.v4_bx          0x00004208        0x0
 .v4_bx         0x00004208        0x0 linker stubs

.iplt           0x00004208        0x0
 .iplt          0x00004208        0x0 ./startup/startup_mk66f18.o

.rel.dyn        0x00004208        0x0
 .rel.iplt      0x00004208        0x0 ./startup/startup_mk66f18.o

.m_usb_data
 *(SORT_BY_ALIGNMENT(m_usb_bdt))

.data_RAM2      0x1fff0000        0x0 load address 0x00004208
 FILL mask 0xff
                [!provide]                PROVIDE (__start_data_RAM2 = .)
                [!provide]                PROVIDE (__start_data_SRAM_LOWER = .)
 *(SORT_BY_ALIGNMENT(.ramfunc.$RAM2))
 *(SORT_BY_ALIGNMENT(.ramfunc.$SRAM_LOWER))
 *(SORT_BY_ALIGNMENT(.data.$RAM2))
 *(SORT_BY_ALIGNMENT(.data.$SRAM_LOWER))
 *(SORT_BY_ALIGNMENT(.data.$RAM2.*))
 *(SORT_BY_ALIGNMENT(.data.$SRAM_LOWER.*))
                0x1fff0000                . = ALIGN (0x8)
                [!provide]                PROVIDE (__end_data_RAM2 = .)
                [!provide]                PROVIDE (__end_data_SRAM_LOWER = .)

.data_RAM3      0x14000000        0x0 load address 0x00004208
 FILL mask 0xff
                [!provide]                PROVIDE (__start_data_RAM3 = .)
                [!provide]                PROVIDE (__start_data_FLEX_RAM = .)
 *(SORT_BY_ALIGNMENT(.ramfunc.$RAM3))
 *(SORT_BY_ALIGNMENT(.ramfunc.$FLEX_RAM))
 *(SORT_BY_ALIGNMENT(.data.$RAM3))
 *(SORT_BY_ALIGNMENT(.data.$FLEX_RAM))
 *(SORT_BY_ALIGNMENT(.data.$RAM3.*))
 *(SORT_BY_ALIGNMENT(.data.$FLEX_RAM.*))
                0x14000000                . = ALIGN (0x8)
                [!provide]                PROVIDE (__end_data_RAM3 = .)
                [!provide]                PROVIDE (__end_data_FLEX_RAM = .)

.uninit_RESERVED
                0x20000000        0x0
                0x20000000                _start_uninit_RESERVED = .
 *(SORT_BY_ALIGNMENT(.bss.$RESERVED*))
                0x20000000                . = ALIGN (0x8)
                0x20000000                _end_uninit_RESERVED = .

.data           0x20000000       0x10 load address 0x00004208
 FILL mask 0xff
                0x20000000                _data = .
                [!provide]                PROVIDE (__start_data_RAM = .)
                [!provide]                PROVIDE (__start_data_SRAM_UPPER = .)
 *(SORT_BY_ALIGNMENT(vtable))
 *(SORT_BY_ALIGNMENT(.ramfunc*))
 *(SORT_BY_ALIGNMENT(CodeQuickAccess))
 *(SORT_BY_ALIGNMENT(DataQuickAccess))
 *(SORT_BY_ALIGNMENT(RamFunction))
 *(SORT_BY_ALIGNMENT(.data*))
 .data.s_slowIrcFreq
                0x20000000        0x4 ./drivers/fsl_clock.o
 .data.s_fastIrcFreq
                0x20000004        0x4 ./drivers/fsl_clock.o
 .data.SystemCoreClock
                0x20000008        0x4 ./device/system_MK66F18.o
                0x20000008                SystemCoreClock
                0x20000010                . = ALIGN (0x8)
 *fill*         0x2000000c        0x4 ff
                0x20000010                _edata = .
                [!provide]                PROVIDE (__end_data_RAM = .)
                [!provide]                PROVIDE (__end_data_SRAM_UPPER = .)

.igot.plt       0x20000010        0x0 load address 0x00004218
 .igot.plt      0x20000010        0x0 ./startup/startup_mk66f18.o

.bss_RAM2       0x1fff0000        0x0
                [!provide]                PROVIDE (__start_bss_RAM2 = .)
                [!provide]                PROVIDE (__start_bss_SRAM_LOWER = .)
 *(SORT_BY_ALIGNMENT(.bss.$RAM2))
 *(SORT_BY_ALIGNMENT(.bss.$SRAM_LOWER))
 *(SORT_BY_ALIGNMENT(.bss.$RAM2.*))
 *(SORT_BY_ALIGNMENT(.bss.$SRAM_LOWER.*))
                0x1fff0000                . = ALIGN ((. != 0x0)?0x8:0x1)
                [!provide]                PROVIDE (__end_bss_RAM2 = .)
                [!provide]                PROVIDE (__end_bss_SRAM_LOWER = .)

.bss_RAM3       0x14000000        0x0
                [!provide]                PROVIDE (__start_bss_RAM3 = .)
                [!provide]                PROVIDE (__start_bss_FLEX_RAM = .)
 *(SORT_BY_ALIGNMENT(.bss.$RAM3))
 *(SORT_BY_ALIGNMENT(.bss.$FLEX_RAM))
 *(SORT_BY_ALIGNMENT(.bss.$RAM3.*))
 *(SORT_BY_ALIGNMENT(.bss.$FLEX_RAM.*))
                0x14000000                . = ALIGN ((. != 0x0)?0x8:0x1)
                [!provide]                PROVIDE (__end_bss_RAM3 = .)
                [!provide]                PROVIDE (__end_bss_FLEX_RAM = .)

.bss            0x20000010      0x1d8
                0x20000010                _bss = .
                [!provide]                PROVIDE (__start_bss_RAM = .)
                [!provide]                PROVIDE (__start_bss_SRAM_UPPER = .)
 *(SORT_BY_ALIGNMENT(.bss*))
 .bss.i.0       0x20000010        0x4 ./source/boot.o
 .bss.s_extPllFreq
                0x20000014        0x4 ./drivers/fsl_clock.o
 .bss.g_xtal0Freq
                0x20000018        0x4 ./drivers/fsl_clock.o
                0x20000018                g_xtal0Freq
 .bss.g_xtal32Freq
                0x2000001c        0x4 ./drivers/fsl_clock.o
                0x2000001c                g_xtal32Freq
 .bss.g_dspiHandle
                0x20000020        0xc ./drivers/fsl_dspi.o
 .bss.s_dspiMasterIsr
                0x2000002c        0x4 ./drivers/fsl_dspi.o
 .bss.s_dspiSlaveIsr
                0x20000030        0x4 ./drivers/fsl_dspi.o
 .bss.s_EDMAHandle
                0x20000034       0x80 ./drivers/fsl_edma.o
 .bss.s_ENETHandle
                0x200000b4        0x4 ./drivers/fsl_enet.o
 .bss.s_enetTxIsr
                0x200000b8        0x4 ./drivers/fsl_enet.o
 .bss.s_enetRxIsr
                0x200000bc        0x4 ./drivers/fsl_enet.o
 .bss.s_enetErrIsr
                0x200000c0        0x4 ./drivers/fsl_enet.o
 .bss.s_enet1588TimerIsr
                0x200000c4        0x4 ./drivers/fsl_enet.o
 .bss.s_flexcanHandle
                0x200000c8        0x8 ./drivers/fsl_flexcan.o
 .bss.s_flexcanIsr
                0x200000d0        0x4 ./drivers/fsl_flexcan.o
 .bss.s_i2cHandle
                0x200000d4       0x10 ./drivers/fsl_i2c.o
 .bss.s_i2cMasterIsr
                0x200000e4        0x4 ./drivers/fsl_i2c.o
 .bss.s_i2cSlaveIsr
                0x200000e8        0x4 ./drivers/fsl_i2c.o
 .bss.s_lpuartHandle
                0x200000ec        0x4 ./drivers/fsl_lpuart.o
                0x200000ec                s_lpuartHandle
 .bss.s_lpuartIsr
                0x200000f0        0x4 ./drivers/fsl_lpuart.o
                0x200000f0                s_lpuartIsr
 .bss.s_saiHandle
                0x200000f4        0x8 ./drivers/fsl_sai.o
 .bss.s_saiTxIsr
                0x200000fc        0x4 ./drivers/fsl_sai.o
 .bss.s_saiRxIsr
                0x20000100        0x4 ./drivers/fsl_sai.o
 .bss.s_sdhcHandle
                0x20000104        0x4 ./drivers/fsl_sdhc.o
 .bss.s_sdhcIsr
                0x20000108        0x4 ./drivers/fsl_sdhc.o
 .bss.s_uartHandle
                0x2000010c       0x14 ./drivers/fsl_uart.o
                0x2000010c                s_uartHandle
 .bss.s_uartIsr
                0x20000120        0x4 ./drivers/fsl_uart.o
                0x20000120                s_uartIsr
 .bss.__Ciob    0x20000124       0xb4 c:/nxp/mcuxpressoide_11.5.1_7266/ide/plugins/com.nxp.mcuxpresso.tools.win32_11.5.1.202201181444/tools/bin/../lib/gcc/arm-none-eabi/10.3.1/../../../../arm-none-eabi/lib/thumb/v7e-m+fp/hard\libcr_semihost_nf.a(__ciob.o)
                0x20000124                __Ciob
 .bss.errno     0x200001d8        0x4 c:/nxp/mcuxpressoide_11.5.1_7266/ide/plugins/com.nxp.mcuxpresso.tools.win32_11.5.1.202201181444/tools/bin/../lib/gcc/arm-none-eabi/10.3.1/../../../../arm-none-eabi/lib/thumb/v7e-m+fp/hard\libcr_c.a(errno.o)
                0x200001d8                errno
 .bss.__end_of_heap
                0x200001dc        0x4 c:/nxp/mcuxpressoide_11.5.1_7266/ide/plugins/com.nxp.mcuxpresso.tools.win32_11.5.1.202201181444/tools/bin/../lib/gcc/arm-none-eabi/10.3.1/../../../../arm-none-eabi/lib/thumb/v7e-m+fp/hard\libcr_c.a(__init_alloc.o)
                0x200001dc                __end_of_heap
 .bss.__heaps   0x200001e0        0x4 c:/nxp/mcuxpressoide_11.5.1_7266/ide/plugins/com.nxp.mcuxpresso.tools.win32_11.5.1.202201181444/tools/bin/../lib/gcc/arm-none-eabi/10.3.1/../../../../arm-none-eabi/lib/thumb/v7e-m+fp/hard\libcr_c.a(__init_alloc.o)
                0x200001e0                __heaps
 *(SORT_BY_ALIGNMENT(COMMON))
                0x200001e8                . = ALIGN (0x8)
 *fill*         0x200001e4        0x4 
                0x200001e8                _ebss = .
                [!provide]                PROVIDE (__end_bss_RAM = .)
                [!provide]                PROVIDE (__end_bss_SRAM_UPPER = .)
                [!provide]                PROVIDE (end = .)

.noinit_RAM2    0x1fff0000        0x0
                [!provide]                PROVIDE (__start_noinit_RAM2 = .)
                [!provide]                PROVIDE (__start_noinit_SRAM_LOWER = .)
 *(SORT_BY_ALIGNMENT(.noinit.$RAM2))
 *(SORT_BY_ALIGNMENT(.noinit.$SRAM_LOWER))
 *(SORT_BY_ALIGNMENT(.noinit.$RAM2.*))
 *(SORT_BY_ALIGNMENT(.noinit.$SRAM_LOWER.*))
                0x1fff0000                . = ALIGN (0x8)
                [!provide]                PROVIDE (__end_noinit_RAM2 = .)
                [!provide]                PROVIDE (__end_noinit_SRAM_LOWER = .)

.noinit_RAM3    0x14000000        0x0
                [!provide]                PROVIDE (__start_noinit_RAM3 = .)
                [!provide]                PROVIDE (__start_noinit_FLEX_RAM = .)
 *(SORT_BY_ALIGNMENT(.noinit.$RAM3))
 *(SORT_BY_ALIGNMENT(.noinit.$FLEX_RAM))
 *(SORT_BY_ALIGNMENT(.noinit.$RAM3.*))
 *(SORT_BY_ALIGNMENT(.noinit.$FLEX_RAM.*))
                0x14000000                . = ALIGN (0x8)
                [!provide]                PROVIDE (__end_noinit_RAM3 = .)
                [!provide]                PROVIDE (__end_noinit_FLEX_RAM = .)

.noinit         0x200001e8        0x0
                0x200001e8                _noinit = .
                [!provide]                PROVIDE (__start_noinit_RAM = .)
                [!provide]                PROVIDE (__start_noinit_SRAM_UPPER = .)
 *(SORT_BY_ALIGNMENT(.noinit*))
                0x200001e8                . = ALIGN (0x8)
                0x200001e8                _end_noinit = .
                [!provide]                PROVIDE (__end_noinit_RAM = .)
                [!provide]                PROVIDE (__end_noinit_SRAM_UPPER = .)

.ARM.extab
 *(SORT_BY_ALIGNMENT(.ARM.extab*) SORT_BY_ALIGNMENT(.gnu.linkonce.armextab.*))

.ARM.exidx      0x00004218        0x0
                0x00004218                __exidx_start = .
 *(SORT_BY_ALIGNMENT(.ARM.exidx*) SORT_BY_ALIGNMENT(.gnu.linkonce.armexidx.*))
                0x00004218                __exidx_end = .
                0x00001000                _HeapSize = 0x1000

.heap           0x200001e8     0x1000
                0x200001e8                _pvHeapStart = .
                0x200011e8                . = (. + _HeapSize)
 *fill*         0x200001e8     0x1000 
                0x200011e8                . = ALIGN (0x8)
                0x200011e8                _pvHeapLimit = .
                0x00001000                _StackSize = 0x1000

.heap2stackfill
                0x200011e8     0x1000
                0x200021e8                . = (. + _StackSize)
 *fill*         0x200011e8     0x1000 

.stack          0x2002f000        0x0
                0x2002f000                _vStackBase = .
                0x2002f000                . = ALIGN (0x8)
                0x20030000                _vStackTop = (. + _StackSize)
                0x00000510                _image_start = LOADADDR (.text)
                0x00004218                _image_end = (LOADADDR (.data) + SIZEOF (.data))
                0x00003d08                _image_size = (_image_end - _image_start)
                0x00007200                __boot_os_start = ORIGIN (os_m_interrupts)
OUTPUT(boot.axf elf32-littlearm)
LOAD linker stubs

.debug_info     0x00000000    0x1d083
 .debug_info    0x00000000      0xa44 ./startup/startup_mk66f18.o
 .debug_info    0x00000a44      0x133 ./source/boot.o
 .debug_info    0x00000b77       0x3c ./source/semihost_hardfault.o
 .debug_info    0x00000bb3     0x2950 ./drivers/fsl_clock.o
 .debug_info    0x00003503     0x2685 ./drivers/fsl_dspi.o
 .debug_info    0x00005b88     0x2579 ./drivers/fsl_edma.o
 .debug_info    0x00008101     0x3b5e ./drivers/fsl_enet.o
 .debug_info    0x0000bc5f     0x25ba ./drivers/fsl_flexcan.o
 .debug_info    0x0000e219     0x1f53 ./drivers/fsl_i2c.o
 .debug_info    0x0001016c     0x1e47 ./drivers/fsl_lpuart.o
 .debug_info    0x00011fb3     0x314f ./drivers/fsl_sai.o
 .debug_info    0x00015102     0x22c4 ./drivers/fsl_sdhc.o
 .debug_info    0x000173c6      0xb86 ./drivers/fsl_smc.o
 .debug_info    0x00017f4c     0x209e ./drivers/fsl_uart.o
 .debug_info    0x00019fea      0xa4e ./device/system_MK66F18.o
 .debug_info    0x0001aa38      0x1bc ./board/board.o
 .debug_info    0x0001abf4     0x16c5 ./board/clock_config.o
 .debug_info    0x0001c2b9       0x4e ./board/peripherals.o
 .debug_info    0x0001c307      0xd7c ./board/pin_mux.o

.debug_abbrev   0x00000000     0x304f
 .debug_abbrev  0x00000000      0x185 ./startup/startup_mk66f18.o
 .debug_abbrev  0x00000185      0x10d ./source/boot.o
 .debug_abbrev  0x00000292       0x31 ./source/semihost_hardfault.o
 .debug_abbrev  0x000002c3      0x362 ./drivers/fsl_clock.o
 .debug_abbrev  0x00000625      0x381 ./drivers/fsl_dspi.o
 .debug_abbrev  0x000009a6      0x3cb ./drivers/fsl_edma.o
 .debug_abbrev  0x00000d71      0x3ed ./drivers/fsl_enet.o
 .debug_abbrev  0x0000115e      0x2f1 ./drivers/fsl_flexcan.o
 .debug_abbrev  0x0000144f      0x363 ./drivers/fsl_i2c.o
 .debug_abbrev  0x000017b2      0x410 ./drivers/fsl_lpuart.o
 .debug_abbrev  0x00001bc2      0x2d7 ./drivers/fsl_sai.o
 .debug_abbrev  0x00001e99      0x2f9 ./drivers/fsl_sdhc.o
 .debug_abbrev  0x00002192      0x312 ./drivers/fsl_smc.o
 .debug_abbrev  0x000024a4      0x42e ./drivers/fsl_uart.o
 .debug_abbrev  0x000028d2      0x148 ./device/system_MK66F18.o
 .debug_abbrev  0x00002a1a       0xd4 ./board/board.o
 .debug_abbrev  0x00002aee      0x2c0 ./board/clock_config.o
 .debug_abbrev  0x00002dae       0x4b ./board/peripherals.o
 .debug_abbrev  0x00002df9      0x256 ./board/pin_mux.o

.debug_aranges  0x00000000     0x1918
 .debug_aranges
                0x00000000      0x3a0 ./startup/startup_mk66f18.o
 .debug_aranges
                0x000003a0       0x28 ./source/boot.o
 .debug_aranges
                0x000003c8       0x20 ./source/semihost_hardfault.o
 .debug_aranges
                0x000003e8      0x258 ./drivers/fsl_clock.o
 .debug_aranges
                0x00000640      0x1d8 ./drivers/fsl_dspi.o
 .debug_aranges
                0x00000818      0x1f8 ./drivers/fsl_edma.o
 .debug_aranges
                0x00000a10      0x238 ./drivers/fsl_enet.o
 .debug_aranges
                0x00000c48      0x1b8 ./drivers/fsl_flexcan.o
 .debug_aranges
                0x00000e00      0x188 ./drivers/fsl_i2c.o
 .debug_aranges
                0x00000f88      0x138 ./drivers/fsl_lpuart.o
 .debug_aranges
                0x000010c0      0x2b8 ./drivers/fsl_sai.o
 .debug_aranges
                0x00001378      0x170 ./drivers/fsl_sdhc.o
 .debug_aranges
                0x000014e8       0x98 ./drivers/fsl_smc.o
 .debug_aranges
                0x00001580      0x1a8 ./drivers/fsl_uart.o
 .debug_aranges
                0x00001728       0x30 ./device/system_MK66F18.o
 .debug_aranges
                0x00001758       0x28 ./board/board.o
 .debug_aranges
                0x00001780       0xd8 ./board/clock_config.o
 .debug_aranges
                0x00001858       0x28 ./board/peripherals.o
 .debug_aranges
                0x00001880       0x98 ./board/pin_mux.o

.debug_ranges   0x00000000     0x1800
 .debug_ranges  0x00000000      0x390 ./startup/startup_mk66f18.o
 .debug_ranges  0x00000390       0x18 ./source/boot.o
 .debug_ranges  0x000003a8       0x10 ./source/semihost_hardfault.o
 .debug_ranges  0x000003b8      0x248 ./drivers/fsl_clock.o
 .debug_ranges  0x00000600      0x1c8 ./drivers/fsl_dspi.o
 .debug_ranges  0x000007c8      0x1e8 ./drivers/fsl_edma.o
 .debug_ranges  0x000009b0      0x228 ./drivers/fsl_enet.o
 .debug_ranges  0x00000bd8      0x1c0 ./drivers/fsl_flexcan.o
 .debug_ranges  0x00000d98      0x178 ./drivers/fsl_i2c.o
 .debug_ranges  0x00000f10      0x128 ./drivers/fsl_lpuart.o
 .debug_ranges  0x00001038      0x2a8 ./drivers/fsl_sai.o
 .debug_ranges  0x000012e0      0x160 ./drivers/fsl_sdhc.o
 .debug_ranges  0x00001440       0x88 ./drivers/fsl_smc.o
 .debug_ranges  0x000014c8      0x198 ./drivers/fsl_uart.o
 .debug_ranges  0x00001660       0x20 ./device/system_MK66F18.o
 .debug_ranges  0x00001680       0x18 ./board/board.o
 .debug_ranges  0x00001698       0xc8 ./board/clock_config.o
 .debug_ranges  0x00001760       0x18 ./board/peripherals.o
 .debug_ranges  0x00001778       0x88 ./board/pin_mux.o

.debug_macro    0x00000000     0x1e4b
 .debug_macro   0x00000000       0x29 ./startup/startup_mk66f18.o
 .debug_macro   0x00000029      0x16a ./source/boot.o
 .debug_macro   0x00000193       0xd8 ./source/boot.o
 .debug_macro   0x0000026b       0x22 ./source/boot.o
 .debug_macro   0x0000028d       0x1c ./source/boot.o
 .debug_macro   0x000002a9       0x16 ./source/boot.o
 .debug_macro   0x000002bf       0x16 ./source/boot.o
 .debug_macro   0x000002d5      0x24f ./source/boot.o
 .debug_macro   0x00000524      0x268 ./source/boot.o
 .debug_macro   0x0000078c       0x11 ./source/semihost_hardfault.o
 .debug_macro   0x0000079d      0x1e4 ./drivers/fsl_clock.o
 .debug_macro   0x00000981      0x121 ./drivers/fsl_dspi.o
 .debug_macro   0x00000aa2       0x3a ./drivers/fsl_dspi.o
 .debug_macro   0x00000adc      0x127 ./drivers/fsl_edma.o
 .debug_macro   0x00000c03       0x10 ./drivers/fsl_edma.o
 .debug_macro   0x00000c13      0x133 ./drivers/fsl_enet.o
 .debug_macro   0x00000d46       0xcb ./drivers/fsl_enet.o
 .debug_macro   0x00000e11      0x247 ./drivers/fsl_flexcan.o
 .debug_macro   0x00001058       0xee ./drivers/fsl_flexcan.o
 .debug_macro   0x00001146      0x121 ./drivers/fsl_i2c.o
 .debug_macro   0x00001267       0x1c ./drivers/fsl_i2c.o
 .debug_macro   0x00001283      0x121 ./drivers/fsl_lpuart.o
 .debug_macro   0x000013a4       0x10 ./drivers/fsl_lpuart.o
 .debug_macro   0x000013b4      0x127 ./drivers/fsl_sai.o
 .debug_macro   0x000014db       0x18 ./drivers/fsl_sai.o
 .debug_macro   0x000014f3      0x13f ./drivers/fsl_sdhc.o
 .debug_macro   0x00001632       0x64 ./drivers/fsl_sdhc.o
 .debug_macro   0x00001696      0x122 ./drivers/fsl_smc.o
 .debug_macro   0x000017b8      0x127 ./drivers/fsl_uart.o
 .debug_macro   0x000018df       0x10 ./drivers/fsl_uart.o
 .debug_macro   0x000018ef       0x98 ./device/system_MK66F18.o
 .debug_macro   0x00001987      0x190 ./board/board.o
 .debug_macro   0x00001b17       0x16 ./board/board.o
 .debug_macro   0x00001b2d      0x1c8 ./board/clock_config.o
 .debug_macro   0x00001cf5       0x10 ./board/clock_config.o
 .debug_macro   0x00001d05       0x1b ./board/peripherals.o
 .debug_macro   0x00001d20      0x12b ./board/pin_mux.o

.debug_line     0x00000000    0x106dc
 .debug_line    0x00000000      0xa61 ./startup/startup_mk66f18.o
 .debug_line    0x00000a61      0x3c5 ./source/boot.o
 .debug_line    0x00000e26       0x59 ./source/semihost_hardfault.o
 .debug_line    0x00000e7f     0x17ee ./drivers/fsl_clock.o
 .debug_line    0x0000266d     0x1799 ./drivers/fsl_dspi.o
 .debug_line    0x00003e06     0x14bf ./drivers/fsl_edma.o
 .debug_line    0x000052c5     0x1e21 ./drivers/fsl_enet.o
 .debug_line    0x000070e6     0x1440 ./drivers/fsl_flexcan.o
 .debug_line    0x00008526     0x1397 ./drivers/fsl_i2c.o
 .debug_line    0x000098bd      0xf8d ./drivers/fsl_lpuart.o
 .debug_line    0x0000a84a     0x1d20 ./drivers/fsl_sai.o
 .debug_line    0x0000c56a     0x10c2 ./drivers/fsl_sdhc.o
 .debug_line    0x0000d62c      0x5ed ./drivers/fsl_smc.o
 .debug_line    0x0000dc19     0x141a ./drivers/fsl_uart.o
 .debug_line    0x0000f033      0x406 ./device/system_MK66F18.o
 .debug_line    0x0000f439      0x452 ./board/board.o
 .debug_line    0x0000f88b      0x750 ./board/clock_config.o
 .debug_line    0x0000ffdb       0x71 ./board/peripherals.o
 .debug_line    0x0001004c      0x690 ./board/pin_mux.o

.debug_str      0x00000000    0xc89fe
 .debug_str     0x00000000     0x36d6 ./startup/startup_mk66f18.o
                               0x3792 (size before relaxing)
 .debug_str     0x000036d6    0xb3a94 ./source/boot.o
                              0xb68ae (size before relaxing)
 .debug_str     0x000b716a       0x1f ./source/semihost_hardfault.o
                               0x2dae (size before relaxing)
 .debug_str     0x000b7189     0x2e7c ./drivers/fsl_clock.o
                              0xb7c5a (size before relaxing)
 .debug_str     0x000ba005     0x1a27 ./drivers/fsl_dspi.o
                              0xb75b2 (size before relaxing)
 .debug_str     0x000bba2c     0x11d9 ./drivers/fsl_edma.o
                              0xb7381 (size before relaxing)
 .debug_str     0x000bcc05     0x20fa ./drivers/fsl_enet.o
                              0xb83b1 (size before relaxing)
 .debug_str     0x000becff     0x2ac5 ./drivers/fsl_flexcan.o
                              0xb8c76 (size before relaxing)
 .debug_str     0x000c17c4      0xc60 ./drivers/fsl_i2c.o
                              0xb6e47 (size before relaxing)
 .debug_str     0x000c2424      0xf21 ./drivers/fsl_lpuart.o
                              0xb713b (size before relaxing)
 .debug_str     0x000c3345     0x140e ./drivers/fsl_sai.o
                              0xb7624 (size before relaxing)
 .debug_str     0x000c4753     0x1849 ./drivers/fsl_sdhc.o
                              0xb7a25 (size before relaxing)
 .debug_str     0x000c5f9c      0x46f ./drivers/fsl_smc.o
                              0xb5be3 (size before relaxing)
 .debug_str     0x000c640b      0x9bf ./drivers/fsl_uart.o
                              0xb70ac (size before relaxing)
 .debug_str     0x000c6dca       0xcb ./device/system_MK66F18.o
                              0xb355a (size before relaxing)
 .debug_str     0x000c6e95      0xb92 ./board/board.o
                              0xb6c02 (size before relaxing)
 .debug_str     0x000c7a27      0x775 ./board/clock_config.o
                              0xb6a27 (size before relaxing)
 .debug_str     0x000c819c       0x47 ./board/peripherals.o
                               0x2dd5 (size before relaxing)
 .debug_str     0x000c81e3      0x81b ./board/pin_mux.o
                              0xb637d (size before relaxing)

.comment        0x00000000       0x49
 .comment       0x00000000       0x49 ./startup/startup_mk66f18.o
                                 0x4a (size before relaxing)
 .comment       0x00000049       0x4a ./source/boot.o
 .comment       0x00000049       0x4a ./source/semihost_hardfault.o
 .comment       0x00000049       0x4a ./drivers/fsl_clock.o
 .comment       0x00000049       0x4a ./drivers/fsl_dspi.o
 .comment       0x00000049       0x4a ./drivers/fsl_edma.o
 .comment       0x00000049       0x4a ./drivers/fsl_enet.o
 .comment       0x00000049       0x4a ./drivers/fsl_flexcan.o
 .comment       0x00000049       0x4a ./drivers/fsl_i2c.o
 .comment       0x00000049       0x4a ./drivers/fsl_lpuart.o
 .comment       0x00000049       0x4a ./drivers/fsl_sai.o
 .comment       0x00000049       0x4a ./drivers/fsl_sdhc.o
 .comment       0x00000049       0x4a ./drivers/fsl_smc.o
 .comment       0x00000049       0x4a ./drivers/fsl_uart.o
 .comment       0x00000049       0x4a ./device/system_MK66F18.o
 .comment       0x00000049       0x4a ./board/board.o
 .comment       0x00000049       0x4a ./board/clock_config.o
 .comment       0x00000049       0x4a ./board/peripherals.o
 .comment       0x00000049       0x4a ./board/pin_mux.o
 .comment       0x00000049       0x4a c:/nxp/mcuxpressoide_11.5.1_7266/ide/plugins/com.nxp.mcuxpresso.tools.win32_11.5.1.202201181444/tools/bin/../lib/gcc/arm-none-eabi/10.3.1/../../../../arm-none-eabi/lib/thumb/v7e-m+fp/hard\libcr_semihost_nf.a(_cr__main.o)
 .comment       0x00000049       0x4a c:/nxp/mcuxpressoide_11.5.1_7266/ide/plugins/com.nxp.mcuxpresso.tools.win32_11.5.1.202201181444/tools/bin/../lib/gcc/arm-none-eabi/10.3.1/../../../../arm-none-eabi/lib/thumb/v7e-m+fp/hard\libcr_semihost_nf.a(_cr_assert.o)
 .comment       0x00000049       0x4a c:/nxp/mcuxpressoide_11.5.1_7266/ide/plugins/com.nxp.mcuxpresso.tools.win32_11.5.1.202201181444/tools/bin/../lib/gcc/arm-none-eabi/10.3.1/../../../../arm-none-eabi/lib/thumb/v7e-m+fp/hard\libcr_semihost_nf.a(__ciob.o)
 .comment       0x00000049       0x4a c:/nxp/mcuxpressoide_11.5.1_7266/ide/plugins/com.nxp.mcuxpresso.tools.win32_11.5.1.202201181444/tools/bin/../lib/gcc/arm-none-eabi/10.3.1/../../../../arm-none-eabi/lib/thumb/v7e-m+fp/hard\libcr_c.a(memset.o)
 .comment       0x00000049       0x4a c:/nxp/mcuxpressoide_11.5.1_7266/ide/plugins/com.nxp.mcuxpresso.tools.win32_11.5.1.202201181444/tools/bin/../lib/gcc/arm-none-eabi/10.3.1/../../../../arm-none-eabi/lib/thumb/v7e-m+fp/hard\libcr_c.a(_deferredlazyseek.o)
 .comment       0x00000049       0x4a c:/nxp/mcuxpressoide_11.5.1_7266/ide/plugins/com.nxp.mcuxpresso.tools.win32_11.5.1.202201181444/tools/bin/../lib/gcc/arm-none-eabi/10.3.1/../../../../arm-none-eabi/lib/thumb/v7e-m+fp/hard\libcr_c.a(_fflush.o)
 .comment       0x00000049       0x4a c:/nxp/mcuxpressoide_11.5.1_7266/ide/plugins/com.nxp.mcuxpresso.tools.win32_11.5.1.202201181444/tools/bin/../lib/gcc/arm-none-eabi/10.3.1/../../../../arm-none-eabi/lib/thumb/v7e-m+fp/hard\libcr_c.a(_writebuf.o)
 .comment       0x00000049       0x4a c:/nxp/mcuxpressoide_11.5.1_7266/ide/plugins/com.nxp.mcuxpresso.tools.win32_11.5.1.202201181444/tools/bin/../lib/gcc/arm-none-eabi/10.3.1/../../../../arm-none-eabi/lib/thumb/v7e-m+fp/hard\libcr_c.a(alloc.o)
 .comment       0x00000049       0x4a c:/nxp/mcuxpressoide_11.5.1_7266/ide/plugins/com.nxp.mcuxpresso.tools.win32_11.5.1.202201181444/tools/bin/../lib/gcc/arm-none-eabi/10.3.1/../../../../arm-none-eabi/lib/thumb/v7e-m+fp/hard\libcr_c.a(errno.o)
 .comment       0x00000049       0x4a c:/nxp/mcuxpressoide_11.5.1_7266/ide/plugins/com.nxp.mcuxpresso.tools.win32_11.5.1.202201181444/tools/bin/../lib/gcc/arm-none-eabi/10.3.1/../../../../arm-none-eabi/lib/thumb/v7e-m+fp/hard\libcr_c.a(fputs.o)
 .comment       0x00000049       0x4a c:/nxp/mcuxpressoide_11.5.1_7266/ide/plugins/com.nxp.mcuxpresso.tools.win32_11.5.1.202201181444/tools/bin/../lib/gcc/arm-none-eabi/10.3.1/../../../../arm-none-eabi/lib/thumb/v7e-m+fp/hard\libcr_c.a(fseek.o)
 .comment       0x00000049       0x4a c:/nxp/mcuxpressoide_11.5.1_7266/ide/plugins/com.nxp.mcuxpresso.tools.win32_11.5.1.202201181444/tools/bin/../lib/gcc/arm-none-eabi/10.3.1/../../../../arm-none-eabi/lib/thumb/v7e-m+fp/hard\libcr_c.a(ftell.o)
 .comment       0x00000049       0x4a c:/nxp/mcuxpressoide_11.5.1_7266/ide/plugins/com.nxp.mcuxpresso.tools.win32_11.5.1.202201181444/tools/bin/../lib/gcc/arm-none-eabi/10.3.1/../../../../arm-none-eabi/lib/thumb/v7e-m+fp/hard\libcr_c.a(initio.o)
 .comment       0x00000049       0x4a c:/nxp/mcuxpressoide_11.5.1_7266/ide/plugins/com.nxp.mcuxpresso.tools.win32_11.5.1.202201181444/tools/bin/../lib/gcc/arm-none-eabi/10.3.1/../../../../arm-none-eabi/lib/thumb/v7e-m+fp/hard\libcr_c.a(printf.o)
 .comment       0x00000049       0x4a c:/nxp/mcuxpressoide_11.5.1_7266/ide/plugins/com.nxp.mcuxpresso.tools.win32_11.5.1.202201181444/tools/bin/../lib/gcc/arm-none-eabi/10.3.1/../../../../arm-none-eabi/lib/thumb/v7e-m+fp/hard\libcr_c.a(setvbuf.o)
 .comment       0x00000049       0x4a c:/nxp/mcuxpressoide_11.5.1_7266/ide/plugins/com.nxp.mcuxpresso.tools.win32_11.5.1.202201181444/tools/bin/../lib/gcc/arm-none-eabi/10.3.1/../../../../arm-none-eabi/lib/thumb/v7e-m+fp/hard\libcr_c.a(strlen.o)
 .comment       0x00000049       0x4a c:/nxp/mcuxpressoide_11.5.1_7266/ide/plugins/com.nxp.mcuxpresso.tools.win32_11.5.1.202201181444/tools/bin/../lib/gcc/arm-none-eabi/10.3.1/../../../../arm-none-eabi/lib/thumb/v7e-m+fp/hard\libcr_c.a(__init_alloc.o)
 .comment       0x00000049       0x4a c:/nxp/mcuxpressoide_11.5.1_7266/ide/plugins/com.nxp.mcuxpresso.tools.win32_11.5.1.202201181444/tools/bin/../lib/gcc/arm-none-eabi/10.3.1/../../../../arm-none-eabi/lib/thumb/v7e-m+fp/hard\libcr_c.a(_cr_sbrk.o)
 .comment       0x00000049       0x4a c:/nxp/mcuxpressoide_11.5.1_7266/ide/plugins/com.nxp.mcuxpresso.tools.win32_11.5.1.202201181444/tools/bin/../lib/gcc/arm-none-eabi/10.3.1/../../../../arm-none-eabi/lib/thumb/v7e-m+fp/hard\libcr_c.a(_fdopen.o)
 .comment       0x00000049       0x4a c:/nxp/mcuxpressoide_11.5.1_7266/ide/plugins/com.nxp.mcuxpresso.tools.win32_11.5.1.202201181444/tools/bin/../lib/gcc/arm-none-eabi/10.3.1/../../../../arm-none-eabi/lib/thumb/v7e-m+fp/hard\libcr_c.a(fclose.o)
 .comment       0x00000049       0x4a c:/nxp/mcuxpressoide_11.5.1_7266/ide/plugins/com.nxp.mcuxpresso.tools.win32_11.5.1.202201181444/tools/bin/../lib/gcc/arm-none-eabi/10.3.1/../../../../arm-none-eabi/lib/thumb/v7e-m+fp/hard\libcr_c.a(fflush.o)
 .comment       0x00000049       0x4a c:/nxp/mcuxpressoide_11.5.1_7266/ide/plugins/com.nxp.mcuxpresso.tools.win32_11.5.1.202201181444/tools/bin/../lib/gcc/arm-none-eabi/10.3.1/../../../../arm-none-eabi/lib/thumb/v7e-m+fp/hard\libcr_c.a(remove.o)
 .comment       0x00000049       0x4a c:/nxp/mcuxpressoide_11.5.1_7266/ide/plugins/com.nxp.mcuxpresso.tools.win32_11.5.1.202201181444/tools/bin/../lib/gcc/arm-none-eabi/10.3.1/../../../../arm-none-eabi/lib/thumb/v7e-m+fp/hard\libcr_c.a(_cr_check_heap.o)
 .comment       0x00000049       0x4a c:/nxp/mcuxpressoide_11.5.1_7266/ide/plugins/com.nxp.mcuxpresso.tools.win32_11.5.1.202201181444/tools/bin/../lib/gcc/arm-none-eabi/10.3.1/../../../../arm-none-eabi/lib/thumb/v7e-m+fp/hard\libcr_c.a(_do_fflush.o)

.ARM.attributes
                0x00000000       0x32
 .ARM.attributes
                0x00000000       0x34 ./startup/startup_mk66f18.o
 .ARM.attributes
                0x00000034       0x34 ./source/boot.o
 .ARM.attributes
                0x00000068       0x34 ./source/semihost_hardfault.o
 .ARM.attributes
                0x0000009c       0x34 ./drivers/fsl_clock.o
 .ARM.attributes
                0x000000d0       0x34 ./drivers/fsl_dspi.o
 .ARM.attributes
                0x00000104       0x34 ./drivers/fsl_edma.o
 .ARM.attributes
                0x00000138       0x34 ./drivers/fsl_enet.o
 .ARM.attributes
                0x0000016c       0x34 ./drivers/fsl_flexcan.o
 .ARM.attributes
                0x000001a0       0x34 ./drivers/fsl_i2c.o
 .ARM.attributes
                0x000001d4       0x34 ./drivers/fsl_lpuart.o
 .ARM.attributes
                0x00000208       0x34 ./drivers/fsl_sai.o
 .ARM.attributes
                0x0000023c       0x34 ./drivers/fsl_sdhc.o
 .ARM.attributes
                0x00000270       0x34 ./drivers/fsl_smc.o
 .ARM.attributes
                0x000002a4       0x34 ./drivers/fsl_uart.o
 .ARM.attributes
                0x000002d8       0x34 ./device/system_MK66F18.o
 .ARM.attributes
                0x0000030c       0x34 ./board/board.o
 .ARM.attributes
                0x00000340       0x34 ./board/clock_config.o
 .ARM.attributes
                0x00000374       0x34 ./board/peripherals.o
 .ARM.attributes
                0x000003a8       0x34 ./board/pin_mux.o
 .ARM.attributes
                0x000003dc       0x34 c:/nxp/mcuxpressoide_11.5.1_7266/ide/plugins/com.nxp.mcuxpresso.tools.win32_11.5.1.202201181444/tools/bin/../lib/gcc/arm-none-eabi/10.3.1/../../../../arm-none-eabi/lib/thumb/v7e-m+fp/hard\libcr_semihost_nf.a(_cr__main.o)
 .ARM.attributes
                0x00000410       0x34 c:/nxp/mcuxpressoide_11.5.1_7266/ide/plugins/com.nxp.mcuxpresso.tools.win32_11.5.1.202201181444/tools/bin/../lib/gcc/arm-none-eabi/10.3.1/../../../../arm-none-eabi/lib/thumb/v7e-m+fp/hard\libcr_semihost_nf.a(_cr_assert.o)
 .ARM.attributes
                0x00000444       0x39 c:/nxp/mcuxpressoide_11.5.1_7266/ide/plugins/com.nxp.mcuxpresso.tools.win32_11.5.1.202201181444/tools/bin/../lib/gcc/arm-none-eabi/10.3.1/../../../../arm-none-eabi/lib/thumb/v7e-m+fp/hard\libcr_semihost_nf.a(__ciob.o)
 .ARM.attributes
                0x0000047d       0x20 c:/nxp/mcuxpressoide_11.5.1_7266/ide/plugins/com.nxp.mcuxpresso.tools.win32_11.5.1.202201181444/tools/bin/../lib/gcc/arm-none-eabi/10.3.1/../../../../arm-none-eabi/lib/thumb/v7e-m+fp/hard\libcr_semihost_nf.a(__sys_appexit.o)
 .ARM.attributes
                0x0000049d       0x34 c:/nxp/mcuxpressoide_11.5.1_7266/ide/plugins/com.nxp.mcuxpresso.tools.win32_11.5.1.202201181444/tools/bin/../lib/gcc/arm-none-eabi/10.3.1/../../../../arm-none-eabi/lib/thumb/v7e-m+fp/hard\libcr_c.a(memset.o)
 .ARM.attributes
                0x000004d1       0x34 c:/nxp/mcuxpressoide_11.5.1_7266/ide/plugins/com.nxp.mcuxpresso.tools.win32_11.5.1.202201181444/tools/bin/../lib/gcc/arm-none-eabi/10.3.1/../../../../arm-none-eabi/lib/thumb/v7e-m+fp/hard\libcr_c.a(_deferredlazyseek.o)
 .ARM.attributes
                0x00000505       0x34 c:/nxp/mcuxpressoide_11.5.1_7266/ide/plugins/com.nxp.mcuxpresso.tools.win32_11.5.1.202201181444/tools/bin/../lib/gcc/arm-none-eabi/10.3.1/../../../../arm-none-eabi/lib/thumb/v7e-m+fp/hard\libcr_c.a(_fflush.o)
 .ARM.attributes
                0x00000539       0x34 c:/nxp/mcuxpressoide_11.5.1_7266/ide/plugins/com.nxp.mcuxpresso.tools.win32_11.5.1.202201181444/tools/bin/../lib/gcc/arm-none-eabi/10.3.1/../../../../arm-none-eabi/lib/thumb/v7e-m+fp/hard\libcr_c.a(_writebuf.o)
 .ARM.attributes
                0x0000056d       0x34 c:/nxp/mcuxpressoide_11.5.1_7266/ide/plugins/com.nxp.mcuxpresso.tools.win32_11.5.1.202201181444/tools/bin/../lib/gcc/arm-none-eabi/10.3.1/../../../../arm-none-eabi/lib/thumb/v7e-m+fp/hard\libcr_c.a(alloc.o)
 .ARM.attributes
                0x000005a1       0x39 c:/nxp/mcuxpressoide_11.5.1_7266/ide/plugins/com.nxp.mcuxpresso.tools.win32_11.5.1.202201181444/tools/bin/../lib/gcc/arm-none-eabi/10.3.1/../../../../arm-none-eabi/lib/thumb/v7e-m+fp/hard\libcr_c.a(errno.o)
 .ARM.attributes
                0x000005da       0x34 c:/nxp/mcuxpressoide_11.5.1_7266/ide/plugins/com.nxp.mcuxpresso.tools.win32_11.5.1.202201181444/tools/bin/../lib/gcc/arm-none-eabi/10.3.1/../../../../arm-none-eabi/lib/thumb/v7e-m+fp/hard\libcr_c.a(fputs.o)
 .ARM.attributes
                0x0000060e       0x34 c:/nxp/mcuxpressoide_11.5.1_7266/ide/plugins/com.nxp.mcuxpresso.tools.win32_11.5.1.202201181444/tools/bin/../lib/gcc/arm-none-eabi/10.3.1/../../../../arm-none-eabi/lib/thumb/v7e-m+fp/hard\libcr_c.a(fseek.o)
 .ARM.attributes
                0x00000642       0x34 c:/nxp/mcuxpressoide_11.5.1_7266/ide/plugins/com.nxp.mcuxpresso.tools.win32_11.5.1.202201181444/tools/bin/../lib/gcc/arm-none-eabi/10.3.1/../../../../arm-none-eabi/lib/thumb/v7e-m+fp/hard\libcr_c.a(ftell.o)
 .ARM.attributes
                0x00000676       0x34 c:/nxp/mcuxpressoide_11.5.1_7266/ide/plugins/com.nxp.mcuxpresso.tools.win32_11.5.1.202201181444/tools/bin/../lib/gcc/arm-none-eabi/10.3.1/../../../../arm-none-eabi/lib/thumb/v7e-m+fp/hard\libcr_c.a(initio.o)
 .ARM.attributes
                0x000006aa       0x34 c:/nxp/mcuxpressoide_11.5.1_7266/ide/plugins/com.nxp.mcuxpresso.tools.win32_11.5.1.202201181444/tools/bin/../lib/gcc/arm-none-eabi/10.3.1/../../../../arm-none-eabi/lib/thumb/v7e-m+fp/hard\libcr_c.a(printf.o)
 .ARM.attributes
                0x000006de       0x34 c:/nxp/mcuxpressoide_11.5.1_7266/ide/plugins/com.nxp.mcuxpresso.tools.win32_11.5.1.202201181444/tools/bin/../lib/gcc/arm-none-eabi/10.3.1/../../../../arm-none-eabi/lib/thumb/v7e-m+fp/hard\libcr_c.a(setvbuf.o)
 .ARM.attributes
                0x00000712       0x34 c:/nxp/mcuxpressoide_11.5.1_7266/ide/plugins/com.nxp.mcuxpresso.tools.win32_11.5.1.202201181444/tools/bin/../lib/gcc/arm-none-eabi/10.3.1/../../../../arm-none-eabi/lib/thumb/v7e-m+fp/hard\libcr_c.a(strlen.o)
 .ARM.attributes